<html>
<body>
<pre>
<h1>µVision Build Log</h1>
<h2>Project:</h2>
F:\Dev\OS\src\ContextSwitch2.uvproj
Project File Date:  03/05/2012

<h2>Output:</h2>
Build target 'AwesomeOS SIM'
compiling main_svc.c...
src\main_svc.c(50): warning:  #111-D: statement is unreachable
compiling process.c...
src\process.h(69): warning:  #1295-D: Deprecated declaration current_process - give arg types
src\process.h(74): warning:  #1295-D: Deprecated declaration remove_memory_blocks - give arg types
src\process.h(76): warning:  #1295-D: Deprecated declaration print_ready - give arg types
src\process.h(77): warning:  #1295-D: Deprecated declaration print_blocked - give arg types
src\process.c(30): warning:  #68-D: integer conversion resulted in a change of sign
src\process.c(83): warning:  #223-D: function "printf" declared implicitly
src\process.c(94): warning:  #223-D: function "printf" declared implicitly
src\process.c(170): warning:  #223-D: function "printf" declared implicitly
src\process.c(172): warning:  #223-D: function "k_release_processor" declared implicitly
src\process.c(237): warning:  #223-D: function "k_request_memory_block" declared implicitly
src\process.c(264): warning:  #223-D: function "k_release_memory_block" declared implicitly
src\process.c(301): warning:  #223-D: function "request_proc_stack" declared implicitly
compiling usr_proc.c...
src\usr_proc.c(24): warning:  #223-D: function "uart0_put_string" declared implicitly
src\usr_proc.c(36): warning:  #223-D: function "uart0_put_string" declared implicitly
src\usr_proc.c(42): warning:  #223-D: function "printf" declared implicitly
src\usr_proc.c(114): warning:  #223-D: function "uart0_put_string" declared implicitly
src\usr_proc.c(115): warning:  #223-D: function "uart0_put_char" declared implicitly
src\usr_proc.c(120): warning:  #223-D: function "is_process_blocked" declared implicitly
compiling message.c...
src\message.c(42): warning:  #1295-D: Deprecated declaration current_process - give arg types
src\message.c(43): warning:  #1295-D: Deprecated declaration get_process - give arg types
src\message.c(48): warning:  #223-D: function "k_request_memory_block" declared implicitly
src\message.c(51): warning:  #117-D: non-void function "k_send_message" should return a value
src\message.c(58): warning:  #223-D: function "enqueue_envelope" declared implicitly
src\message.c(61): warning:  #223-D: function "move_to_ready" declared implicitly
src\message.c(62): warning:  #940-D: missing return statement at end of non-void function "k_send_message"
src\message.c(77): warning:  #223-D: function "uart0_put_string" declared implicitly
src\message.c(81): warning:  #223-D: function "dequeue_envelope" declared implicitly
src\message.c(85): warning:  #940-D: missing return statement at end of non-void function "k_receive_message"
compiling uart_irq.c...
linking...
.\FLASH\ContextSwitch2.axf: Error: L6200E: Symbol uart_init multiply defined (by uart_irq.o and uart_polling.o).
Target not created
Build target 'AwesomeOS SIM'
linking...
.\FLASH\ContextSwitch2.axf: Error: L6200E: Symbol uart_init multiply defined (by uart_irq.o and uart_polling.o).
Target not created
Build target 'AwesomeOS SIM'
linking...
.\FLASH\ContextSwitch2.axf: Error: L6218E: Undefined symbol uart_get_char (referred from retarget.o).
.\FLASH\ContextSwitch2.axf: Error: L6218E: Undefined symbol uart_put_char (referred from retarget.o).
.\FLASH\ContextSwitch2.axf: Error: L6218E: Undefined symbol uart0_put_char (referred from usr_proc.o).
.\FLASH\ContextSwitch2.axf: Error: L6218E: Undefined symbol uart0_put_string (referred from usr_proc.o).
Target not created
Build target 'AwesomeOS SIM'
linking...
.\FLASH\ContextSwitch2.axf: Error: L6218E: Undefined symbol uart_get_char (referred from retarget.o).
.\FLASH\ContextSwitch2.axf: Error: L6218E: Undefined symbol uart_put_char (referred from retarget.o).
.\FLASH\ContextSwitch2.axf: Error: L6218E: Undefined symbol uart0_put_char (referred from usr_proc.o).
.\FLASH\ContextSwitch2.axf: Error: L6218E: Undefined symbol uart0_put_string (referred from usr_proc.o).
Target not created
Rebuild target 'AwesomeOS SIM'
assembling startup_LPC17xx.s...
compiling system_LPC17xx.c...
compiling HAL.c...
compiling main_svc.c...
src\main_svc.c(50): warning:  #111-D: statement is unreachable
compiling process.c...
src\process.h(69): warning:  #1295-D: Deprecated declaration current_process - give arg types
src\process.h(74): warning:  #1295-D: Deprecated declaration remove_memory_blocks - give arg types
src\process.h(76): warning:  #1295-D: Deprecated declaration print_ready - give arg types
src\process.h(77): warning:  #1295-D: Deprecated declaration print_blocked - give arg types
src\process.c(30): warning:  #68-D: integer conversion resulted in a change of sign
src\process.c(83): warning:  #223-D: function "printf" declared implicitly
src\process.c(94): warning:  #223-D: function "printf" declared implicitly
src\process.c(170): warning:  #223-D: function "printf" declared implicitly
src\process.c(172): warning:  #223-D: function "k_release_processor" declared implicitly
src\process.c(237): warning:  #223-D: function "k_request_memory_block" declared implicitly
src\process.c(264): warning:  #223-D: function "k_release_memory_block" declared implicitly
src\process.c(301): warning:  #223-D: function "request_proc_stack" declared implicitly
compiling Retarget.c...
src\Retarget.c(29): warning:  #223-D: function "uart0_put_char" declared implicitly
src\Retarget.c(31): warning:  #223-D: function "uart0_put_char" declared implicitly
src\Retarget.c(42): warning:  #223-D: function "uart0_get_char" declared implicitly
compiling usr_proc.c...
src\usr_proc.c(24): warning:  #223-D: function "uart0_put_string" declared implicitly
src\usr_proc.c(36): warning:  #223-D: function "uart0_put_string" declared implicitly
src\usr_proc.c(42): warning:  #223-D: function "printf" declared implicitly
src\usr_proc.c(114): warning:  #223-D: function "uart0_put_string" declared implicitly
src\usr_proc.c(115): warning:  #223-D: function "uart0_put_char" declared implicitly
src\usr_proc.c(120): warning:  #223-D: function "is_process_blocked" declared implicitly
compiling memory.c...
src\memory.c(17): warning:  #1296-D: extended constant initialiser used
src\memory.c(44): warning:  #223-D: function "printf" declared implicitly
src\memory.c(50): warning:  #223-D: function "mem_block_current_process" declared implicitly
src\memory.c(53): warning:  #111-D: statement is unreachable
src\memory.c(69): warning:  #223-D: function "remove_memory_blocks" declared implicitly
compiling message.c...
src\message.c(42): warning:  #1295-D: Deprecated declaration current_process - give arg types
src\message.c(43): warning:  #1295-D: Deprecated declaration get_process - give arg types
src\message.c(48): warning:  #223-D: function "k_request_memory_block" declared implicitly
src\message.c(51): warning:  #117-D: non-void function "k_send_message" should return a value
src\message.c(58): warning:  #223-D: function "enqueue_envelope" declared implicitly
src\message.c(61): warning:  #223-D: function "move_to_ready" declared implicitly
src\message.c(62): warning:  #940-D: missing return statement at end of non-void function "k_send_message"
src\message.c(77): warning:  #223-D: function "uart0_put_string" declared implicitly
src\message.c(81): warning:  #223-D: function "dequeue_envelope" declared implicitly
src\message.c(85): warning:  #940-D: missing return statement at end of non-void function "k_receive_message"
compiling uart_irq.c...
linking...
.\FLASH\ContextSwitch2.axf: Error: L6218E: Undefined symbol uart0_get_char (referred from retarget.o).
.\FLASH\ContextSwitch2.axf: Error: L6218E: Undefined symbol uart0_put_char (referred from retarget.o).
.\FLASH\ContextSwitch2.axf: Error: L6218E: Undefined symbol uart0_put_string (referred from usr_proc.o).
Target not created
Build target 'AwesomeOS SIM'
linking...
.\FLASH\ContextSwitch2.axf: Error: L6218E: Undefined symbol uart0_get_char (referred from retarget.o).
.\FLASH\ContextSwitch2.axf: Error: L6218E: Undefined symbol uart0_put_char (referred from retarget.o).
.\FLASH\ContextSwitch2.axf: Error: L6218E: Undefined symbol uart0_put_string (referred from usr_proc.o).
Target not created
Build target 'AwesomeOS SIM'
linking...
.\FLASH\ContextSwitch2.axf: Error: L6218E: Undefined symbol uart0_get_char (referred from retarget.o).
.\FLASH\ContextSwitch2.axf: Error: L6218E: Undefined symbol uart0_put_char (referred from retarget.o).
.\FLASH\ContextSwitch2.axf: Error: L6218E: Undefined symbol uart0_put_string (referred from usr_proc.o).
Target not created
Build target 'AwesomeOS SIM'
linking...
.\FLASH\ContextSwitch2.axf: Error: L6218E: Undefined symbol uart0_get_char (referred from retarget.o).
.\FLASH\ContextSwitch2.axf: Error: L6218E: Undefined symbol uart0_put_char (referred from retarget.o).
.\FLASH\ContextSwitch2.axf: Error: L6218E: Undefined symbol uart0_put_string (referred from usr_proc.o).
Target not created
Build target 'AwesomeOS SIM'
compiling Retarget.c...
src\Retarget.c(43): warning:  #940-D: missing return statement at end of non-void function "getkey"
linking...
.\FLASH\ContextSwitch2.axf: Error: L6218E: Undefined symbol uart0_put_char (referred from usr_proc.o).
.\FLASH\ContextSwitch2.axf: Error: L6218E: Undefined symbol uart0_put_string (referred from usr_proc.o).
Target not created
Build target 'AwesomeOS SIM'
linking...
.\FLASH\ContextSwitch2.axf: Error: L6218E: Undefined symbol uart0_put_char (referred from usr_proc.o).
.\FLASH\ContextSwitch2.axf: Error: L6218E: Undefined symbol uart0_put_string (referred from usr_proc.o).
Target not created
Build target 'AwesomeOS SIM'
linking...
.\FLASH\ContextSwitch2.axf: Error: L6218E: Undefined symbol uart0_put_char (referred from usr_proc.o).
.\FLASH\ContextSwitch2.axf: Error: L6218E: Undefined symbol uart0_put_string (referred from usr_proc.o).
Target not created
Build target 'AwesomeOS SIM'
linking...
.\FLASH\ContextSwitch2.axf: Error: L6218E: Undefined symbol uart0_put_char (referred from usr_proc.o).
.\FLASH\ContextSwitch2.axf: Error: L6218E: Undefined symbol uart0_put_string (referred from usr_proc.o).
Target not created
Build target 'AwesomeOS SIM'
linking...
.\FLASH\ContextSwitch2.axf: Error: L6218E: Undefined symbol uart0_put_char (referred from usr_proc.o).
.\FLASH\ContextSwitch2.axf: Error: L6218E: Undefined symbol uart0_put_string (referred from usr_proc.o).
Target not created
Build target 'AwesomeOS SIM'
linking...
.\FLASH\ContextSwitch2.axf: Error: L6218E: Undefined symbol uart0_put_char (referred from usr_proc.o).
.\FLASH\ContextSwitch2.axf: Error: L6218E: Undefined symbol uart0_put_string (referred from usr_proc.o).
Target not created
Build target 'AwesomeOS SIM'
compiling usr_proc.c...
src\usr_proc.c(28): warning:  #223-D: function "uart0_put_string" declared implicitly
src\usr_proc.c(42): warning:  #223-D: function "printf" declared implicitly
src\usr_proc.c(114): warning:  #223-D: function "uart0_put_string" declared implicitly
src\usr_proc.c(115): warning:  #223-D: function "uart0_put_char" declared implicitly
src\usr_proc.c(120): warning:  #223-D: function "is_process_blocked" declared implicitly
linking...
.\FLASH\ContextSwitch2.axf: Error: L6218E: Undefined symbol uart0_put_char (referred from usr_proc.o).
.\FLASH\ContextSwitch2.axf: Error: L6218E: Undefined symbol uart0_put_string (referred from usr_proc.o).
Target not created
Build target 'AwesomeOS SIM'
linking...
.\FLASH\ContextSwitch2.axf: Error: L6218E: Undefined symbol uart0_put_char (referred from usr_proc.o).
.\FLASH\ContextSwitch2.axf: Error: L6218E: Undefined symbol uart0_put_string (referred from usr_proc.o).
Target not created
Build target 'AwesomeOS SIM'
linking...
.\FLASH\ContextSwitch2.axf: Error: L6218E: Undefined symbol uart0_put_char (referred from usr_proc.o).
.\FLASH\ContextSwitch2.axf: Error: L6218E: Undefined symbol uart0_put_string (referred from usr_proc.o).
Target not created
Build target 'AwesomeOS SIM'
compiling usr_proc.c...
src\usr_proc.c(28): warning:  #223-D: function "uart0_put_string" declared implicitly
src\usr_proc.c(42): warning:  #223-D: function "printf" declared implicitly
src\usr_proc.c(120): warning:  #223-D: function "is_process_blocked" declared implicitly
src\usr_proc.c(128): error:  #127: expected a statement
src\usr_proc.c(112): warning:  #177-D: variable "asciioffset" was declared but never referenced
Target not created
Build target 'AwesomeOS SIM'
compiling usr_proc.c...
src\usr_proc.c(28): warning:  #223-D: function "uart0_put_string" declared implicitly
src\usr_proc.c(42): warning:  #223-D: function "printf" declared implicitly
src\usr_proc.c(120): warning:  #223-D: function "is_process_blocked" declared implicitly
src\usr_proc.c(128): error:  #127: expected a statement
src\usr_proc.c(112): warning:  #177-D: variable "asciioffset" was declared but never referenced
Target not created
Build target 'AwesomeOS SIM'
compiling usr_proc.c...
src\usr_proc.c(28): warning:  #223-D: function "uart0_put_string" declared implicitly
src\usr_proc.c(42): warning:  #223-D: function "printf" declared implicitly
src\usr_proc.c(120): warning:  #223-D: function "is_process_blocked" declared implicitly
src\usr_proc.c(128): error:  #127: expected a statement
src\usr_proc.c(112): warning:  #177-D: variable "asciioffset" was declared but never referenced
Target not created
Build target 'AwesomeOS SIM'
compiling usr_proc.c...
src\usr_proc.c(28): warning:  #223-D: function "uart0_put_string" declared implicitly
src\usr_proc.c(42): warning:  #223-D: function "printf" declared implicitly
src\usr_proc.c(120): warning:  #223-D: function "is_process_blocked" declared implicitly
src\usr_proc.c(128): error:  #127: expected a statement
src\usr_proc.c(112): warning:  #177-D: variable "asciioffset" was declared but never referenced
Target not created
Build target 'AwesomeOS SIM'
compiling usr_proc.c...
src\usr_proc.c(28): warning:  #223-D: function "uart0_put_string" declared implicitly
src\usr_proc.c(42): warning:  #223-D: function "printf" declared implicitly
src\usr_proc.c(120): warning:  #223-D: function "is_process_blocked" declared implicitly
src\usr_proc.c(128): error:  #127: expected a statement
src\usr_proc.c(112): warning:  #177-D: variable "asciioffset" was declared but never referenced
Target not created
Build target 'AwesomeOS SIM'
compiling usr_proc.c...
src\usr_proc.c(28): warning:  #223-D: function "uart0_put_string" declared implicitly
src\usr_proc.c(42): warning:  #223-D: function "printf" declared implicitly
src\usr_proc.c(120): warning:  #223-D: function "is_process_blocked" declared implicitly
src\usr_proc.c(112): warning:  #177-D: variable "asciioffset" was declared but never referenced
linking...
.\FLASH\ContextSwitch2.axf: Error: L6218E: Undefined symbol uart0_put_string (referred from usr_proc.o).
Target not created
Build target 'AwesomeOS SIM'
linking...
.\FLASH\ContextSwitch2.axf: Error: L6218E: Undefined symbol uart0_put_string (referred from usr_proc.o).
Target not created
Build target 'AwesomeOS SIM'
linking...
.\FLASH\ContextSwitch2.axf: Error: L6218E: Undefined symbol uart0_put_string (referred from usr_proc.o).
Target not created
Build target 'AwesomeOS SIM'
linking...
.\FLASH\ContextSwitch2.axf: Error: L6218E: Undefined symbol uart0_put_string (referred from usr_proc.o).
Target not created
Build target 'AwesomeOS SIM'
linking...
.\FLASH\ContextSwitch2.axf: Error: L6218E: Undefined symbol uart0_put_string (referred from usr_proc.o).
Target not created
Build target 'AwesomeOS SIM'
compiling usr_proc.c...
src\usr_proc.c(42): warning:  #223-D: function "printf" declared implicitly
src\usr_proc.c(120): warning:  #223-D: function "is_process_blocked" declared implicitly
src\usr_proc.c(112): warning:  #177-D: variable "asciioffset" was declared but never referenced
linking...
.\FLASH\ContextSwitch2.axf: Error: L6218E: Undefined symbol uart0_put_string (referred from message.o).
Target not created
Build target 'AwesomeOS SIM'
linking...
.\FLASH\ContextSwitch2.axf: Error: L6218E: Undefined symbol uart0_put_string (referred from message.o).
Target not created
Build target 'AwesomeOS SIM'
compiling message.c...
src\message.c(42): warning:  #1295-D: Deprecated declaration current_process - give arg types
src\message.c(43): warning:  #1295-D: Deprecated declaration get_process - give arg types
src\message.c(48): warning:  #223-D: function "k_request_memory_block" declared implicitly
src\message.c(51): warning:  #117-D: non-void function "k_send_message" should return a value
src\message.c(58): warning:  #223-D: function "enqueue_envelope" declared implicitly
src\message.c(61): warning:  #223-D: function "move_to_ready" declared implicitly
src\message.c(62): warning:  #940-D: missing return statement at end of non-void function "k_send_message"
src\message.c(81): warning:  #223-D: function "dequeue_envelope" declared implicitly
src\message.c(76): warning:  #177-D: variable "menvel" was declared but never referenced
src\message.c(85): warning:  #940-D: missing return statement at end of non-void function "k_receive_message"
linking...
Program Size: Code=4026 RO-data=278 RW-data=40 ZI-data=1112  
".\FLASH\ContextSwitch2.axf" - 0 Error(s), 10 Warning(s).
Build target 'AwesomeOS SIM'
linking...
Program Size: Code=4026 RO-data=278 RW-data=40 ZI-data=1112  
".\FLASH\ContextSwitch2.axf" - 0 Error(s), 0 Warning(s).
Build target 'AwesomeOS SIM'
linking...
Program Size: Code=4026 RO-data=278 RW-data=40 ZI-data=1112  
".\FLASH\ContextSwitch2.axf" - 0 Error(s), 0 Warning(s).
Build target 'AwesomeOS SIM'
linking...
Program Size: Code=4026 RO-data=278 RW-data=40 ZI-data=1112  
".\FLASH\ContextSwitch2.axf" - 0 Error(s), 0 Warning(s).
Build target 'AwesomeOS SIM'
linking...
Program Size: Code=4026 RO-data=278 RW-data=40 ZI-data=1112  
".\FLASH\ContextSwitch2.axf" - 0 Error(s), 0 Warning(s).
Build target 'AwesomeOS SIM'
linking...
Program Size: Code=4026 RO-data=278 RW-data=40 ZI-data=1112  
".\FLASH\ContextSwitch2.axf" - 0 Error(s), 0 Warning(s).
Build target 'AwesomeOS SIM'
compiling main_svc.c...
src\main_svc.c(50): warning:  #111-D: statement is unreachable
compiling Retarget.c...
src\Retarget.c(43): warning:  #940-D: missing return statement at end of non-void function "getkey"
compiling usr_proc.c...
src\usr_proc.c(42): warning:  #223-D: function "printf" declared implicitly
src\usr_proc.c(120): warning:  #223-D: function "is_process_blocked" declared implicitly
src\usr_proc.c(112): warning:  #177-D: variable "asciioffset" was declared but never referenced
compiling message.c...
src\message.c(42): warning:  #1295-D: Deprecated declaration current_process - give arg types
src\message.c(43): warning:  #1295-D: Deprecated declaration get_process - give arg types
src\message.c(48): warning:  #223-D: function "k_request_memory_block" declared implicitly
src\message.c(51): warning:  #117-D: non-void function "k_send_message" should return a value
src\message.c(58): warning:  #223-D: function "enqueue_envelope" declared implicitly
src\message.c(61): warning:  #223-D: function "move_to_ready" declared implicitly
src\message.c(62): warning:  #940-D: missing return statement at end of non-void function "k_send_message"
src\message.c(81): warning:  #223-D: function "dequeue_envelope" declared implicitly
src\message.c(76): warning:  #177-D: variable "menvel" was declared but never referenced
src\message.c(85): warning:  #940-D: missing return statement at end of non-void function "k_receive_message"
compiling uart_irq.c...
src\uart_irq.c(197): warning:  #940-D: missing return statement at end of non-void function "uart_put_char"
linking...
Program Size: Code=4094 RO-data=278 RW-data=40 ZI-data=1112  
".\FLASH\ContextSwitch2.axf" - 0 Error(s), 16 Warning(s).
Build target 'AwesomeOS SIM'
linking...
Program Size: Code=4094 RO-data=278 RW-data=40 ZI-data=1112  
".\FLASH\ContextSwitch2.axf" - 0 Error(s), 0 Warning(s).
Build target 'AwesomeOS SIM'
compiling main_svc.c...
src\main_svc.c(44): error:  #55: too many arguments in macro invocation
src\main_svc.c(44): warning:  #167-D: argument of type "volatile uint8_t *" is incompatible with parameter of type "unsigned char *"
src\main_svc.c(49): warning:  #111-D: statement is unreachable
Target not created
Build target 'AwesomeOS SIM'
compiling main_svc.c...
src\main_svc.c(44): warning:  #167-D: argument of type "volatile uint8_t *" is incompatible with parameter of type "unsigned char *"
src\main_svc.c(49): warning:  #111-D: statement is unreachable
linking...
Program Size: Code=4074 RO-data=278 RW-data=40 ZI-data=1112  
".\FLASH\ContextSwitch2.axf" - 0 Error(s), 2 Warning(s).
Build target 'AwesomeOS SIM'
linking...
Program Size: Code=4074 RO-data=278 RW-data=40 ZI-data=1112  
".\FLASH\ContextSwitch2.axf" - 0 Error(s), 0 Warning(s).
Build target 'AwesomeOS SIM'
linking...
Program Size: Code=4074 RO-data=278 RW-data=40 ZI-data=1112  
".\FLASH\ContextSwitch2.axf" - 0 Error(s), 0 Warning(s).
Build target 'AwesomeOS SIM'
linking...
Program Size: Code=4074 RO-data=278 RW-data=40 ZI-data=1112  
".\FLASH\ContextSwitch2.axf" - 0 Error(s), 0 Warning(s).
Build target 'AwesomeOS SIM'
linking...
Program Size: Code=4074 RO-data=278 RW-data=40 ZI-data=1112  
".\FLASH\ContextSwitch2.axf" - 0 Error(s), 0 Warning(s).
Build target 'AwesomeOS SIM'
linking...
Program Size: Code=4074 RO-data=278 RW-data=40 ZI-data=1112  
".\FLASH\ContextSwitch2.axf" - 0 Error(s), 0 Warning(s).
Build target 'AwesomeOS SIM'
assembling startup_LPC17xx.s...
compiling main_svc.c...
src\main_svc.c(43): warning:  #167-D: argument of type "volatile uint8_t *" is incompatible with parameter of type "unsigned char *"
compiling usr_proc.c...
src\usr_proc.c(42): warning:  #223-D: function "printf" declared implicitly
src\usr_proc.c(120): warning:  #223-D: function "is_process_blocked" declared implicitly
compiling message.c...
src\message.c(42): warning:  #1295-D: Deprecated declaration current_process - give arg types
src\message.c(43): warning:  #1295-D: Deprecated declaration get_process - give arg types
src\message.c(48): warning:  #223-D: function "k_request_memory_block" declared implicitly
src\message.c(51): warning:  #117-D: non-void function "k_send_message" should return a value
src\message.c(58): warning:  #223-D: function "enqueue_envelope" declared implicitly
src\message.c(61): warning:  #223-D: function "move_to_ready" declared implicitly
src\message.c(62): warning:  #940-D: missing return statement at end of non-void function "k_send_message"
src\message.c(81): warning:  #223-D: function "dequeue_envelope" declared implicitly
src\message.c(85): warning:  #940-D: missing return statement at end of non-void function "k_receive_message"
linking...
Program Size: Code=4558 RO-data=278 RW-data=40 ZI-data=1112  
".\FLASH\ContextSwitch2.axf" - 0 Error(s), 12 Warning(s).
Build target 'AwesomeOS SIM'
linking...
Program Size: Code=4558 RO-data=278 RW-data=40 ZI-data=1112  
".\FLASH\ContextSwitch2.axf" - 0 Error(s), 0 Warning(s).
Build target 'AwesomeOS SIM'
linking...
Program Size: Code=4558 RO-data=278 RW-data=40 ZI-data=1112  
".\FLASH\ContextSwitch2.axf" - 0 Error(s), 0 Warning(s).
Build target 'AwesomeOS SIM'
compiling main_svc.c...
src\main_svc.c(43): warning:  #167-D: argument of type "volatile uint8_t *" is incompatible with parameter of type "unsigned char *"
compiling uart_irq.c...
src\uart_irq.c(193): warning:  #940-D: missing return statement at end of non-void function "uart_put_char"
compiling sys_proc.c...
src\sys_proc.c(20): warning:  #1-D: last line of file ends without a newline
compiling test_proc.c...
src\test_proc.c(42): warning:  #223-D: function "printf" declared implicitly
src\test_proc.c(120): warning:  #223-D: function "is_process_blocked" declared implicitly
linking...
.\FLASH\ContextSwitch2.axf: Error: L6200E: Symbol proc0 multiply defined (by test_proc.o and sys_proc.o).
.\FLASH\ContextSwitch2.axf: Error: L6200E: Symbol results multiply defined (by test_proc.o and sys_proc.o).
.\FLASH\ContextSwitch2.axf: Error: L6200E: Symbol lastMemBlock multiply defined (by test_proc.o and sys_proc.o).
Target not created
Build target 'AwesomeOS SIM'
linking...
.\FLASH\ContextSwitch2.axf: Error: L6200E: Symbol proc0 multiply defined (by test_proc.o and sys_proc.o).
.\FLASH\ContextSwitch2.axf: Error: L6200E: Symbol results multiply defined (by test_proc.o and sys_proc.o).
.\FLASH\ContextSwitch2.axf: Error: L6200E: Symbol lastMemBlock multiply defined (by test_proc.o and sys_proc.o).
Target not created
Build target 'AwesomeOS SIM'
linking...
.\FLASH\ContextSwitch2.axf: Error: L6200E: Symbol proc0 multiply defined (by test_proc.o and sys_proc.o).
.\FLASH\ContextSwitch2.axf: Error: L6200E: Symbol results multiply defined (by test_proc.o and sys_proc.o).
.\FLASH\ContextSwitch2.axf: Error: L6200E: Symbol lastMemBlock multiply defined (by test_proc.o and sys_proc.o).
Target not created
Build target 'AwesomeOS SIM'
linking...
.\FLASH\ContextSwitch2.axf: Error: L6200E: Symbol proc0 multiply defined (by test_proc.o and sys_proc.o).
.\FLASH\ContextSwitch2.axf: Error: L6200E: Symbol results multiply defined (by test_proc.o and sys_proc.o).
.\FLASH\ContextSwitch2.axf: Error: L6200E: Symbol lastMemBlock multiply defined (by test_proc.o and sys_proc.o).
Target not created
Build target 'AwesomeOS SIM'
linking...
.\FLASH\ContextSwitch2.axf: Error: L6200E: Symbol proc0 multiply defined (by test_proc.o and sys_proc.o).
.\FLASH\ContextSwitch2.axf: Error: L6200E: Symbol results multiply defined (by test_proc.o and sys_proc.o).
.\FLASH\ContextSwitch2.axf: Error: L6200E: Symbol lastMemBlock multiply defined (by test_proc.o and sys_proc.o).
Target not created
Build target 'AwesomeOS SIM'
linking...
.\FLASH\ContextSwitch2.axf: Error: L6200E: Symbol proc0 multiply defined (by test_proc.o and sys_proc.o).
.\FLASH\ContextSwitch2.axf: Error: L6200E: Symbol results multiply defined (by test_proc.o and sys_proc.o).
.\FLASH\ContextSwitch2.axf: Error: L6200E: Symbol lastMemBlock multiply defined (by test_proc.o and sys_proc.o).
Target not created
Build target 'AwesomeOS SIM'
compiling sys_proc.c...
compiling test_proc.c...
src\test_proc.c(35): warning:  #223-D: function "printf" declared implicitly
src\test_proc.c(113): warning:  #223-D: function "is_process_blocked" declared implicitly
linking...
Program Size: Code=4562 RO-data=278 RW-data=40 ZI-data=1112  
".\FLASH\ContextSwitch2.axf" - 0 Error(s), 2 Warning(s).
Build target 'AwesomeOS SIM'
linking...
Program Size: Code=4562 RO-data=278 RW-data=40 ZI-data=1112  
".\FLASH\ContextSwitch2.axf" - 0 Error(s), 0 Warning(s).
Build target 'AwesomeOS SIM'
linking...
Program Size: Code=4562 RO-data=278 RW-data=40 ZI-data=1112  
".\FLASH\ContextSwitch2.axf" - 0 Error(s), 0 Warning(s).
Build target 'AwesomeOS SIM'
linking...
Program Size: Code=4562 RO-data=278 RW-data=40 ZI-data=1112  
".\FLASH\ContextSwitch2.axf" - 0 Error(s), 0 Warning(s).
Build target 'AwesomeOS SIM'
linking...
Program Size: Code=4562 RO-data=278 RW-data=40 ZI-data=1112  
".\FLASH\ContextSwitch2.axf" - 0 Error(s), 0 Warning(s).
Build target 'AwesomeOS SIM'
compiling process.c...
src\process.h(69): warning:  #1295-D: Deprecated declaration current_process - give arg types
src\process.h(74): warning:  #1295-D: Deprecated declaration remove_memory_blocks - give arg types
src\process.h(76): warning:  #1295-D: Deprecated declaration print_ready - give arg types
src\process.h(77): warning:  #1295-D: Deprecated declaration print_blocked - give arg types
src\process.c(30): warning:  #68-D: integer conversion resulted in a change of sign
src\process.c(83): warning:  #223-D: function "printf" declared implicitly
src\process.c(94): warning:  #223-D: function "printf" declared implicitly
src\process.c(170): warning:  #223-D: function "printf" declared implicitly
src\process.c(172): warning:  #223-D: function "k_release_processor" declared implicitly
src\process.c(237): warning:  #223-D: function "k_request_memory_block" declared implicitly
src\process.c(264): warning:  #223-D: function "k_release_memory_block" declared implicitly
src\process.c(301): warning:  #223-D: function "request_proc_stack" declared implicitly
compiling sys_proc.c...
src\sys_proc.c(18): warning:  #1-D: last line of file ends without a newline
src\sys_proc.c(18): error: At end of source:  #40: expected an identifier
src\sys_proc.c(18): error: At end of source:  #65: expected a ";"
Target not created
Build target 'AwesomeOS SIM'
compiling sys_proc.c...
src\sys_proc.c(18): warning:  #1-D: last line of file ends without a newline
src\sys_proc.c(18): error: At end of source:  #40: expected an identifier
src\sys_proc.c(18): error: At end of source:  #65: expected a ";"
Target not created
Build target 'AwesomeOS SIM'
compiling process.c...
src\process.h(69): warning:  #1295-D: Deprecated declaration current_process - give arg types
src\process.h(74): warning:  #1295-D: Deprecated declaration remove_memory_blocks - give arg types
src\process.h(76): warning:  #1295-D: Deprecated declaration print_ready - give arg types
src\process.h(77): warning:  #1295-D: Deprecated declaration print_blocked - give arg types
src\process.c(30): warning:  #68-D: integer conversion resulted in a change of sign
src\process.c(83): warning:  #223-D: function "printf" declared implicitly
src\process.c(94): warning:  #223-D: function "printf" declared implicitly
src\process.c(170): warning:  #223-D: function "printf" declared implicitly
src\process.c(172): warning:  #223-D: function "k_release_processor" declared implicitly
src\process.c(237): warning:  #223-D: function "k_request_memory_block" declared implicitly
src\process.c(264): warning:  #223-D: function "k_release_memory_block" declared implicitly
src\process.c(290): warning:  #175-D: subscript out of range
src\process.c(291): warning:  #175-D: subscript out of range
src\process.c(292): warning:  #175-D: subscript out of range
src\process.c(293): warning:  #175-D: subscript out of range
src\process.c(305): warning:  #223-D: function "request_proc_stack" declared implicitly
compiling sys_proc.c...
src\sys_proc.c(25): error:  #20: identifier "NULL" is undefined
src\sys_proc.c(28): warning:  #1-D: last line of file ends without a newline
compiling test_proc.c...
src\test_proc.c(35): warning:  #223-D: function "printf" declared implicitly
src\test_proc.c(113): warning:  #223-D: function "is_process_blocked" declared implicitly
src\test_proc.c(121): error:  #127: expected a statement
src\test_proc.c(105): warning:  #177-D: variable "asciioffset" was declared but never referenced
Target not created
Build target 'AwesomeOS SIM'
compiling sys_proc.c...
src\sys_proc.c(25): error:  #20: identifier "NULL" is undefined
src\sys_proc.c(28): warning:  #1-D: last line of file ends without a newline
compiling test_proc.c...
src\test_proc.c(35): warning:  #223-D: function "printf" declared implicitly
src\test_proc.c(113): warning:  #223-D: function "is_process_blocked" declared implicitly
src\test_proc.c(121): error:  #127: expected a statement
src\test_proc.c(105): warning:  #177-D: variable "asciioffset" was declared but never referenced
Target not created
Build target 'AwesomeOS SIM'
compiling sys_proc.c...
src\sys_proc.c(25): error:  #20: identifier "NULL" is undefined
src\sys_proc.c(28): warning:  #1-D: last line of file ends without a newline
compiling test_proc.c...
src\test_proc.c(35): warning:  #223-D: function "printf" declared implicitly
src\test_proc.c(113): warning:  #223-D: function "is_process_blocked" declared implicitly
src\test_proc.c(121): error:  #127: expected a statement
src\test_proc.c(105): warning:  #177-D: variable "asciioffset" was declared but never referenced
Target not created
Build target 'AwesomeOS SIM'
compiling sys_proc.c...
src\sys_proc.c(25): error:  #20: identifier "NULL" is undefined
src\sys_proc.c(28): warning:  #1-D: last line of file ends without a newline
compiling test_proc.c...
src\test_proc.c(35): warning:  #223-D: function "printf" declared implicitly
src\test_proc.c(113): warning:  #223-D: function "is_process_blocked" declared implicitly
src\test_proc.c(121): error:  #127: expected a statement
src\test_proc.c(105): warning:  #177-D: variable "asciioffset" was declared but never referenced
Target not created
Build target 'AwesomeOS SIM'
compiling sys_proc.c...
src\sys_proc.c(25): error:  #20: identifier "NULL" is undefined
src\sys_proc.c(28): warning:  #1-D: last line of file ends without a newline
compiling test_proc.c...
src\test_proc.c(35): warning:  #223-D: function "printf" declared implicitly
src\test_proc.c(113): warning:  #223-D: function "is_process_blocked" declared implicitly
src\test_proc.c(105): warning:  #177-D: variable "asciioffset" was declared but never referenced
Target not created
Build target 'AwesomeOS SIM'
compiling sys_proc.c...
src\sys_proc.c(25): error:  #20: identifier "NULL" is undefined
src\sys_proc.c(28): warning:  #1-D: last line of file ends without a newline
Target not created
Build target 'AwesomeOS SIM'
compiling sys_proc.c...
src\sys_proc.c(25): error:  #20: identifier "NULL" is undefined
src\sys_proc.c(28): warning:  #1-D: last line of file ends without a newline
Target not created
Build target 'AwesomeOS SIM'
compiling sys_proc.c...
src\sys_proc.c(25): error:  #20: identifier "NULL" is undefined
src\sys_proc.c(28): warning:  #1-D: last line of file ends without a newline
Target not created
Build target 'AwesomeOS SIM'
compiling sys_proc.c...
src\sys_proc.c(25): error:  #20: identifier "NULL" is undefined
src\sys_proc.c(28): warning:  #1-D: last line of file ends without a newline
Target not created
Build target 'AwesomeOS SIM'
compiling sys_proc.c...
src\sys_proc.c(28): warning:  #1-D: last line of file ends without a newline
linking...
Program Size: Code=4166 RO-data=278 RW-data=40 ZI-data=1112  
".\FLASH\ContextSwitch2.axf" - 0 Error(s), 1 Warning(s).
Build target 'AwesomeOS SIM'
linking...
Program Size: Code=4166 RO-data=278 RW-data=40 ZI-data=1112  
".\FLASH\ContextSwitch2.axf" - 0 Error(s), 0 Warning(s).
Build target 'AwesomeOS SIM'
linking...
Program Size: Code=4166 RO-data=278 RW-data=40 ZI-data=1112  
".\FLASH\ContextSwitch2.axf" - 0 Error(s), 0 Warning(s).
Build target 'AwesomeOS SIM'
compiling message.c...
src\message.c(42): warning:  #1295-D: Deprecated declaration current_process - give arg types
src\message.c(43): warning:  #1295-D: Deprecated declaration get_process - give arg types
src\message.c(48): warning:  #223-D: function "k_request_memory_block" declared implicitly
src\message.c(51): warning:  #117-D: non-void function "k_send_message" should return a value
src\message.c(58): warning:  #223-D: function "enqueue_envelope" declared implicitly
src\message.c(61): warning:  #223-D: function "move_to_ready" declared implicitly
src\message.c(62): warning:  #940-D: missing return statement at end of non-void function "k_send_message"
src\message.c(81): warning:  #223-D: function "dequeue_envelope" declared implicitly
src\message.c(76): warning:  #177-D: variable "menvel" was declared but never referenced
src\message.c(85): warning:  #940-D: missing return statement at end of non-void function "k_receive_message"
linking...
Program Size: Code=4130 RO-data=278 RW-data=40 ZI-data=1112  
".\FLASH\ContextSwitch2.axf" - 0 Error(s), 10 Warning(s).
Build target 'AwesomeOS SIM'
linking...
Program Size: Code=4130 RO-data=278 RW-data=40 ZI-data=1112  
".\FLASH\ContextSwitch2.axf" - 0 Error(s), 0 Warning(s).
Build target 'AwesomeOS SIM'
compiling test_proc.c...
src\test_proc.c(35): warning:  #223-D: function "printf" declared implicitly
src\test_proc.c(113): warning:  #223-D: function "is_process_blocked" declared implicitly
src\test_proc.c(105): warning:  #177-D: variable "asciioffset" was declared but never referenced
linking...
Program Size: Code=4150 RO-data=278 RW-data=40 ZI-data=1112  
".\FLASH\ContextSwitch2.axf" - 0 Error(s), 3 Warning(s).
Build target 'AwesomeOS SIM'
linking...
Program Size: Code=4150 RO-data=278 RW-data=40 ZI-data=1112  
".\FLASH\ContextSwitch2.axf" - 0 Error(s), 0 Warning(s).
Build target 'AwesomeOS SIM'
linking...
Program Size: Code=4150 RO-data=278 RW-data=40 ZI-data=1112  
".\FLASH\ContextSwitch2.axf" - 0 Error(s), 0 Warning(s).
Build target 'AwesomeOS SIM'
compiling process.c...
src\process.h(69): warning:  #1295-D: Deprecated declaration current_process - give arg types
src\process.h(74): warning:  #1295-D: Deprecated declaration remove_memory_blocks - give arg types
src\process.h(76): warning:  #1295-D: Deprecated declaration print_ready - give arg types
src\process.h(77): warning:  #1295-D: Deprecated declaration print_blocked - give arg types
src\process.c(30): warning:  #68-D: integer conversion resulted in a change of sign
src\process.c(83): warning:  #223-D: function "printf" declared implicitly
src\process.c(94): warning:  #223-D: function "printf" declared implicitly
src\process.c(170): warning:  #223-D: function "printf" declared implicitly
src\process.c(172): warning:  #223-D: function "k_release_processor" declared implicitly
src\process.c(237): warning:  #223-D: function "k_request_memory_block" declared implicitly
src\process.c(264): warning:  #223-D: function "k_release_memory_block" declared implicitly
src\process.c(305): warning:  #223-D: function "request_proc_stack" declared implicitly
linking...
Program Size: Code=4150 RO-data=278 RW-data=40 ZI-data=1272  
".\FLASH\ContextSwitch2.axf" - 0 Error(s), 12 Warning(s).
Build target 'AwesomeOS SIM'
linking...
Program Size: Code=4150 RO-data=278 RW-data=40 ZI-data=1272  
".\FLASH\ContextSwitch2.axf" - 0 Error(s), 0 Warning(s).
Build target 'AwesomeOS SIM'
compiling sys_proc.c...
src\sys_proc.c(32): warning:  #1-D: last line of file ends without a newline
linking...
Program Size: Code=4162 RO-data=278 RW-data=40 ZI-data=1272  
".\FLASH\ContextSwitch2.axf" - 0 Error(s), 1 Warning(s).
Build target 'AwesomeOS SIM'
linking...
Program Size: Code=4162 RO-data=278 RW-data=40 ZI-data=1272  
".\FLASH\ContextSwitch2.axf" - 0 Error(s), 0 Warning(s).
Build target 'AwesomeOS SIM'
linking...
Program Size: Code=4162 RO-data=278 RW-data=40 ZI-data=1272  
".\FLASH\ContextSwitch2.axf" - 0 Error(s), 0 Warning(s).
Build target 'AwesomeOS SIM'
linking...
Program Size: Code=4162 RO-data=278 RW-data=40 ZI-data=1272  
".\FLASH\ContextSwitch2.axf" - 0 Error(s), 0 Warning(s).
Build target 'AwesomeOS SIM'
compiling message.c...
src\message.c(42): warning:  #1295-D: Deprecated declaration current_process - give arg types
src\message.c(43): warning:  #1295-D: Deprecated declaration get_process - give arg types
src\message.c(48): warning:  #223-D: function "k_request_memory_block" declared implicitly
src\message.c(51): warning:  #117-D: non-void function "k_send_message" should return a value
src\message.c(58): warning:  #223-D: function "enqueue_envelope" declared implicitly
src\message.c(61): warning:  #223-D: function "move_to_ready" declared implicitly
src\message.c(62): warning:  #940-D: missing return statement at end of non-void function "k_send_message"
src\message.c(75): warning:  #223-D: function "dequeue_envelope" declared implicitly
linking...
Program Size: Code=4142 RO-data=278 RW-data=40 ZI-data=1272  
".\FLASH\ContextSwitch2.axf" - 0 Error(s), 8 Warning(s).
Build target 'AwesomeOS SIM'
linking...
Program Size: Code=4142 RO-data=278 RW-data=40 ZI-data=1272  
".\FLASH\ContextSwitch2.axf" - 0 Error(s), 0 Warning(s).
Build target 'AwesomeOS SIM'
compiling test_proc.c...
src\test_proc.c(35): warning:  #223-D: function "printf" declared implicitly
src\test_proc.c(113): warning:  #223-D: function "is_process_blocked" declared implicitly
src\test_proc.c(105): warning:  #177-D: variable "asciioffset" was declared but never referenced
linking...
Program Size: Code=4130 RO-data=278 RW-data=40 ZI-data=1272  
".\FLASH\ContextSwitch2.axf" - 0 Error(s), 3 Warning(s).
Build target 'AwesomeOS SIM'
assembling startup_LPC17xx.s...
compiling memory.c...
src\memory.c(17): warning:  #1296-D: extended constant initialiser used
src\memory.c(44): warning:  #223-D: function "printf" declared implicitly
src\memory.c(50): warning:  #223-D: function "mem_block_current_process" declared implicitly
src\memory.c(53): warning:  #111-D: statement is unreachable
src\memory.c(69): warning:  #223-D: function "remove_memory_blocks" declared implicitly
linking...
Program Size: Code=4130 RO-data=278 RW-data=40 ZI-data=1392  
".\FLASH\ContextSwitch2.axf" - 0 Error(s), 5 Warning(s).
Build target 'AwesomeOS SIM'
linking...
Program Size: Code=4130 RO-data=278 RW-data=40 ZI-data=1392  
".\FLASH\ContextSwitch2.axf" - 0 Error(s), 0 Warning(s).
Build target 'AwesomeOS SIM'
compiling sys_proc.c...
src\sys_proc.c(33): warning:  #1-D: last line of file ends without a newline
linking...
Program Size: Code=4146 RO-data=278 RW-data=40 ZI-data=1392  
".\FLASH\ContextSwitch2.axf" - 0 Error(s), 1 Warning(s).
Build target 'AwesomeOS SIM'
linking...
Program Size: Code=4146 RO-data=278 RW-data=40 ZI-data=1392  
".\FLASH\ContextSwitch2.axf" - 0 Error(s), 0 Warning(s).
Build target 'AwesomeOS SIM'
compiling memory.c...
src\memory.c(17): warning:  #1296-D: extended constant initialiser used
src\memory.c(44): warning:  #223-D: function "printf" declared implicitly
src\memory.c(50): warning:  #223-D: function "mem_block_current_process" declared implicitly
src\memory.c(53): warning:  #111-D: statement is unreachable
src\memory.c(69): warning:  #223-D: function "remove_memory_blocks" declared implicitly
linking...
Program Size: Code=4146 RO-data=278 RW-data=40 ZI-data=1392  
".\FLASH\ContextSwitch2.axf" - 0 Error(s), 5 Warning(s).
Build target 'AwesomeOS SIM'
linking...
Program Size: Code=4146 RO-data=278 RW-data=40 ZI-data=1392  
".\FLASH\ContextSwitch2.axf" - 0 Error(s), 0 Warning(s).
Build target 'AwesomeOS SIM'
compiling memory.c...
src\memory.c(17): warning:  #1296-D: extended constant initialiser used
src\memory.c(44): warning:  #223-D: function "printf" declared implicitly
src\memory.c(50): warning:  #223-D: function "mem_block_current_process" declared implicitly
src\memory.c(53): warning:  #111-D: statement is unreachable
src\memory.c(69): warning:  #223-D: function "remove_memory_blocks" declared implicitly
linking...
Program Size: Code=4146 RO-data=278 RW-data=40 ZI-data=1632  
".\FLASH\ContextSwitch2.axf" - 0 Error(s), 5 Warning(s).
Build target 'AwesomeOS SIM'
compiling test_proc.c...
src\test_proc.c(31): warning:  #223-D: function "printf" declared implicitly
src\test_proc.c(109): warning:  #223-D: function "is_process_blocked" declared implicitly
src\test_proc.c(101): warning:  #177-D: variable "asciioffset" was declared but never referenced
linking...
Program Size: Code=4046 RO-data=278 RW-data=40 ZI-data=1632  
".\FLASH\ContextSwitch2.axf" - 0 Error(s), 3 Warning(s).
Build target 'AwesomeOS SIM'
linking...
Program Size: Code=4046 RO-data=278 RW-data=40 ZI-data=1632  
".\FLASH\ContextSwitch2.axf" - 0 Error(s), 0 Warning(s).
Build target 'AwesomeOS SIM'
compiling memory.c...
src\memory.c(17): warning:  #1296-D: extended constant initialiser used
src\memory.c(44): warning:  #223-D: function "printf" declared implicitly
src\memory.c(50): warning:  #223-D: function "mem_block_current_process" declared implicitly
src\memory.c(53): warning:  #111-D: statement is unreachable
src\memory.c(69): warning:  #223-D: function "remove_memory_blocks" declared implicitly
linking...
Program Size: Code=4046 RO-data=278 RW-data=40 ZI-data=1408  
".\FLASH\ContextSwitch2.axf" - 0 Error(s), 5 Warning(s).
Build target 'AwesomeOS SIM'
linking...
Program Size: Code=4046 RO-data=278 RW-data=40 ZI-data=1408  
".\FLASH\ContextSwitch2.axf" - 0 Error(s), 0 Warning(s).
Build target 'AwesomeOS SIM'
linking...
Program Size: Code=4046 RO-data=278 RW-data=40 ZI-data=1408  
".\FLASH\ContextSwitch2.axf" - 0 Error(s), 0 Warning(s).
Build target 'AwesomeOS SIM'
compiling memory.c...
src\memory.c(17): warning:  #1296-D: extended constant initialiser used
src\memory.c(44): warning:  #223-D: function "printf" declared implicitly
src\memory.c(50): warning:  #223-D: function "mem_block_current_process" declared implicitly
src\memory.c(53): warning:  #111-D: statement is unreachable
src\memory.c(69): warning:  #223-D: function "remove_memory_blocks" declared implicitly
linking...
Program Size: Code=4046 RO-data=278 RW-data=40 ZI-data=1664  
".\FLASH\ContextSwitch2.axf" - 0 Error(s), 5 Warning(s).
Build target 'AwesomeOS SIM'
linking...
Program Size: Code=4046 RO-data=278 RW-data=40 ZI-data=1664  
".\FLASH\ContextSwitch2.axf" - 0 Error(s), 0 Warning(s).
Build target 'AwesomeOS SIM'
linking...
Program Size: Code=4046 RO-data=278 RW-data=40 ZI-data=1664  
".\FLASH\ContextSwitch2.axf" - 0 Error(s), 0 Warning(s).
Build target 'AwesomeOS SIM'
linking...
Program Size: Code=4046 RO-data=278 RW-data=40 ZI-data=1664  
".\FLASH\ContextSwitch2.axf" - 0 Error(s), 0 Warning(s).
Build target 'AwesomeOS SIM'
compiling sys_proc.c...
src\sys_proc.c(32): warning:  #1-D: last line of file ends without a newline
linking...
Program Size: Code=4030 RO-data=278 RW-data=40 ZI-data=1664  
".\FLASH\ContextSwitch2.axf" - 0 Error(s), 1 Warning(s).
Build target 'AwesomeOS SIM'
compiling sys_proc.c...
src\sys_proc.c(32): warning:  #1-D: last line of file ends without a newline
compiling test_proc.c...
src\test_proc.c(26): warning:  #223-D: function "printf" declared implicitly
src\test_proc.c(102): warning:  #223-D: function "is_process_blocked" declared implicitly
src\test_proc.c(94): warning:  #177-D: variable "asciioffset" was declared but never referenced
linking...
Program Size: Code=4030 RO-data=278 RW-data=40 ZI-data=1664  
".\FLASH\ContextSwitch2.axf" - 0 Error(s), 4 Warning(s).
Build target 'AwesomeOS SIM'
linking...
Program Size: Code=4030 RO-data=278 RW-data=40 ZI-data=1664  
".\FLASH\ContextSwitch2.axf" - 0 Error(s), 0 Warning(s).
Build target 'AwesomeOS SIM'
compiling process.c...
src\process.h(69): warning:  #1295-D: Deprecated declaration current_process - give arg types
src\process.h(74): warning:  #1295-D: Deprecated declaration remove_memory_blocks - give arg types
src\process.h(76): warning:  #1295-D: Deprecated declaration print_ready - give arg types
src\process.h(77): warning:  #1295-D: Deprecated declaration print_blocked - give arg types
src\process.c(30): warning:  #68-D: integer conversion resulted in a change of sign
src\process.c(83): warning:  #223-D: function "printf" declared implicitly
src\process.c(94): warning:  #223-D: function "printf" declared implicitly
src\process.c(170): warning:  #223-D: function "printf" declared implicitly
src\process.c(172): warning:  #223-D: function "k_release_processor" declared implicitly
src\process.c(237): warning:  #223-D: function "k_request_memory_block" declared implicitly
src\process.c(264): warning:  #223-D: function "k_release_memory_block" declared implicitly
src\process.c(306): warning:  #223-D: function "request_proc_stack" declared implicitly
compiling sys_proc.c...
src\sys_proc.c(27): error:  #31: expression must have integral type
src\sys_proc.c(28): error:  #31: expression must have integral type
src\sys_proc.c(29): error:  #1182: a declaration cannot have a label
src\sys_proc.c(27): warning:  #546-D: transfer of control bypasses initialization of:
src\sys_proc.c(50): warning:  #177-D: variable "sender_id" was declared but never referenced
src\sys_proc.c(57): warning:  #1-D: last line of file ends without a newline
Target not created
Build target 'AwesomeOS SIM'
compiling sys_proc.c...
src\sys_proc.c(27): error:  #31: expression must have integral type
src\sys_proc.c(28): error:  #31: expression must have integral type
src\sys_proc.c(29): error:  #1182: a declaration cannot have a label
src\sys_proc.c(27): warning:  #546-D: transfer of control bypasses initialization of:
src\sys_proc.c(50): warning:  #177-D: variable "sender_id" was declared but never referenced
src\sys_proc.c(57): warning:  #1-D: last line of file ends without a newline
Target not created
Build target 'AwesomeOS SIM'
compiling sys_proc.c...
src\sys_proc.c(39): warning:  #167-D: argument of type "unsigned char *" is incompatible with parameter of type "char *"
src\sys_proc.c(59): warning:  #177-D: variable "sender_id" was declared but never referenced
src\sys_proc.c(66): warning:  #1-D: last line of file ends without a newline
linking...
Program Size: Code=4160 RO-data=276 RW-data=40 ZI-data=1704  
".\FLASH\ContextSwitch2.axf" - 0 Error(s), 3 Warning(s).
Build target 'AwesomeOS SIM'
linking...
Program Size: Code=4160 RO-data=276 RW-data=40 ZI-data=1704  
".\FLASH\ContextSwitch2.axf" - 0 Error(s), 0 Warning(s).
Build target 'AwesomeOS SIM'
linking...
Program Size: Code=4160 RO-data=276 RW-data=40 ZI-data=1704  
".\FLASH\ContextSwitch2.axf" - 0 Error(s), 0 Warning(s).
Build target 'AwesomeOS SIM'
linking...
Program Size: Code=4160 RO-data=276 RW-data=40 ZI-data=1704  
".\FLASH\ContextSwitch2.axf" - 0 Error(s), 0 Warning(s).
Build target 'AwesomeOS SIM'
linking...
Program Size: Code=4160 RO-data=276 RW-data=40 ZI-data=1704  
".\FLASH\ContextSwitch2.axf" - 0 Error(s), 0 Warning(s).
Build target 'AwesomeOS SIM'
compiling test_proc.c...
src\test_proc.c(26): warning:  #223-D: function "printf" declared implicitly
src\test_proc.c(102): warning:  #223-D: function "is_process_blocked" declared implicitly
src\test_proc.c(94): warning:  #177-D: variable "asciioffset" was declared but never referenced
linking...
Program Size: Code=4148 RO-data=276 RW-data=40 ZI-data=1704  
".\FLASH\ContextSwitch2.axf" - 0 Error(s), 3 Warning(s).
compiling sys_proc.c...
src\sys_proc.c(42): warning:  #167-D: argument of type "unsigned char *" is incompatible with parameter of type "char *"
src\sys_proc.c(62): warning:  #177-D: variable "sender_id" was declared but never referenced
src\sys_proc.c(69): warning:  #1-D: last line of file ends without a newline
src\sys_proc.c - 0 Error(s), 3 Warning(s).
Build target 'AwesomeOS SIM'
linking...
Program Size: Code=4156 RO-data=276 RW-data=40 ZI-data=1704  
".\FLASH\ContextSwitch2.axf" - 0 Error(s), 0 Warning(s).
Build target 'AwesomeOS SIM'
linking...
Program Size: Code=4156 RO-data=276 RW-data=40 ZI-data=1704  
".\FLASH\ContextSwitch2.axf" - 0 Error(s), 0 Warning(s).
Build target 'AwesomeOS SIM'
compiling sys_proc.c...
src\sys_proc.c(29): warning:  #167-D: argument of type "unsigned char *" is incompatible with parameter of type "char *"
src\sys_proc.c(49): warning:  #177-D: variable "sender_id" was declared but never referenced
src\sys_proc.c(56): warning:  #1-D: last line of file ends without a newline
compiling utilities.c...
src\utilities.c(22): warning:  #1-D: last line of file ends without a newline
linking...
Program Size: Code=4154 RO-data=278 RW-data=40 ZI-data=1704  
".\FLASH\ContextSwitch2.axf" - 0 Error(s), 4 Warning(s).
Build target 'AwesomeOS SIM'
linking...
Program Size: Code=4154 RO-data=278 RW-data=40 ZI-data=1704  
".\FLASH\ContextSwitch2.axf" - 0 Error(s), 0 Warning(s).
Build target 'AwesomeOS SIM'
linking...
Program Size: Code=4154 RO-data=278 RW-data=40 ZI-data=1704  
".\FLASH\ContextSwitch2.axf" - 0 Error(s), 0 Warning(s).
Build target 'AwesomeOS SIM'
compiling sys_proc.c...
src\sys_proc.c(31): warning:  #167-D: argument of type "unsigned char *" is incompatible with parameter of type "char *"
src\sys_proc.c(51): warning:  #177-D: variable "sender_id" was declared but never referenced
src\sys_proc.c(58): warning:  #1-D: last line of file ends without a newline
linking...
Program Size: Code=4158 RO-data=278 RW-data=40 ZI-data=1704  
".\FLASH\ContextSwitch2.axf" - 0 Error(s), 3 Warning(s).
Build target 'AwesomeOS SIM'
linking...
Program Size: Code=4158 RO-data=278 RW-data=40 ZI-data=1704  
".\FLASH\ContextSwitch2.axf" - 0 Error(s), 0 Warning(s).
Build target 'AwesomeOS SIM'
compiling sys_proc.c...
src\sys_proc.c(31): warning:  #167-D: argument of type "unsigned char *" is incompatible with parameter of type "char *"
src\sys_proc.c(51): warning:  #177-D: variable "sender_id" was declared but never referenced
src\sys_proc.c(58): warning:  #1-D: last line of file ends without a newline
linking...
Program Size: Code=4158 RO-data=278 RW-data=40 ZI-data=1704  
".\FLASH\ContextSwitch2.axf" - 0 Error(s), 3 Warning(s).
Build target 'AwesomeOS SIM'
linking...
Program Size: Code=4158 RO-data=278 RW-data=40 ZI-data=1704  
".\FLASH\ContextSwitch2.axf" - 0 Error(s), 0 Warning(s).
Build target 'AwesomeOS SIM'
compiling utilities.c...
src\utilities.c(22): warning:  #1-D: last line of file ends without a newline
linking...
Program Size: Code=4162 RO-data=278 RW-data=40 ZI-data=1704  
".\FLASH\ContextSwitch2.axf" - 0 Error(s), 1 Warning(s).
Build target 'AwesomeOS SIM'
linking...
Program Size: Code=4162 RO-data=278 RW-data=40 ZI-data=1704  
".\FLASH\ContextSwitch2.axf" - 0 Error(s), 0 Warning(s).
Build target 'AwesomeOS SIM'
compiling utilities.c...
src\utilities.c(22): warning:  #1-D: last line of file ends without a newline
linking...
Program Size: Code=4162 RO-data=278 RW-data=40 ZI-data=1704  
".\FLASH\ContextSwitch2.axf" - 0 Error(s), 1 Warning(s).
Build target 'AwesomeOS SIM'
compiling sys_proc.c...
src\sys_proc.c(31): warning:  #167-D: argument of type "unsigned char *" is incompatible with parameter of type "char *"
src\sys_proc.c(48): warning:  #177-D: variable "sender_id" was declared but never referenced
src\sys_proc.c(55): warning:  #1-D: last line of file ends without a newline
linking...
Program Size: Code=4142 RO-data=278 RW-data=40 ZI-data=1704  
".\FLASH\ContextSwitch2.axf" - 0 Error(s), 3 Warning(s).
Build target 'AwesomeOS SIM'
compiling sys_proc.c...
src\sys_proc.c(31): warning:  #167-D: argument of type "unsigned char *" is incompatible with parameter of type "char *"
src\sys_proc.c(45): warning:  #177-D: variable "sender_id" was declared but never referenced
src\sys_proc.c(52): warning:  #1-D: last line of file ends without a newline
linking...
Program Size: Code=4130 RO-data=278 RW-data=40 ZI-data=1704  
".\FLASH\ContextSwitch2.axf" - 0 Error(s), 3 Warning(s).
Build target 'AwesomeOS SIM'
compiling sys_proc.c...
src\sys_proc.c(31): warning:  #167-D: argument of type "unsigned char *" is incompatible with parameter of type "char *"
src\sys_proc.c(47): warning:  #192-D: unrecognized character escape sequence
src\sys_proc.c(45): warning:  #177-D: variable "sender_id" was declared but never referenced
src\sys_proc.c(52): warning:  #1-D: last line of file ends without a newline
linking...
Program Size: Code=4130 RO-data=278 RW-data=40 ZI-data=1704  
".\FLASH\ContextSwitch2.axf" - 0 Error(s), 4 Warning(s).
Build target 'AwesomeOS SIM'
compiling main_svc.c...
src\main_svc.c(43): warning:  #167-D: argument of type "volatile uint8_t *" is incompatible with parameter of type "unsigned char *"
src\main_svc.c(48): warning:  #111-D: statement is unreachable
linking...
Program Size: Code=4118 RO-data=278 RW-data=40 ZI-data=1704  
".\FLASH\ContextSwitch2.axf" - 0 Error(s), 2 Warning(s).
Build target 'AwesomeOS SIM'
compiling sys_proc.c...
src\sys_proc.c(31): warning:  #167-D: argument of type "unsigned char *" is incompatible with parameter of type "char *"
src\sys_proc.c(49): warning:  #192-D: unrecognized character escape sequence
src\sys_proc.c(47): warning:  #177-D: variable "sender_id" was declared but never referenced
src\sys_proc.c(54): warning:  #1-D: last line of file ends without a newline
linking...
Program Size: Code=4134 RO-data=278 RW-data=40 ZI-data=1704  
".\FLASH\ContextSwitch2.axf" - 0 Error(s), 4 Warning(s).
Build target 'AwesomeOS SIM'
compiling main_svc.c...
src\main_svc.c(43): warning:  #167-D: argument of type "volatile uint8_t *" is incompatible with parameter of type "unsigned char *"
linking...
Program Size: Code=4146 RO-data=278 RW-data=40 ZI-data=1704  
".\FLASH\ContextSwitch2.axf" - 0 Error(s), 1 Warning(s).
Build target 'AwesomeOS SIM'
compiling sys_proc.c...
src\sys_proc.c(33): warning:  #167-D: argument of type "unsigned char *" is incompatible with parameter of type "char *"
src\sys_proc.c(49): warning:  #177-D: variable "sender_id" was declared but never referenced
src\sys_proc.c(56): warning:  #1-D: last line of file ends without a newline
linking...
Program Size: Code=4146 RO-data=278 RW-data=40 ZI-data=1704  
".\FLASH\ContextSwitch2.axf" - 0 Error(s), 3 Warning(s).
Build target 'AwesomeOS SIM'
linking...
Program Size: Code=4146 RO-data=278 RW-data=40 ZI-data=1704  
".\FLASH\ContextSwitch2.axf" - 0 Error(s), 0 Warning(s).
Build target 'AwesomeOS SIM'
linking...
Program Size: Code=4146 RO-data=278 RW-data=40 ZI-data=1704  
".\FLASH\ContextSwitch2.axf" - 0 Error(s), 0 Warning(s).
Build target 'AwesomeOS SIM'
compiling sys_proc.c...
src\sys_proc.c(45): warning:  #177-D: variable "sender_id" was declared but never referenced
src\sys_proc.c(52): warning:  #1-D: last line of file ends without a newline
linking...
Program Size: Code=4064 RO-data=276 RW-data=44 ZI-data=1700  
".\FLASH\ContextSwitch2.axf" - 0 Error(s), 2 Warning(s).
Build target 'AwesomeOS SIM'
linking...
Program Size: Code=4064 RO-data=276 RW-data=44 ZI-data=1700  
".\FLASH\ContextSwitch2.axf" - 0 Error(s), 0 Warning(s).
Build target 'AwesomeOS SIM'
linking...
Program Size: Code=4064 RO-data=276 RW-data=44 ZI-data=1700  
".\FLASH\ContextSwitch2.axf" - 0 Error(s), 0 Warning(s).
Build target 'AwesomeOS SIM'
linking...
Program Size: Code=4064 RO-data=276 RW-data=44 ZI-data=1700  
".\FLASH\ContextSwitch2.axf" - 0 Error(s), 0 Warning(s).
Build target 'AwesomeOS SIM'
compiling sys_proc.c...
src\sys_proc.c(45): warning:  #177-D: variable "sender_id" was declared but never referenced
src\sys_proc.c(52): warning:  #1-D: last line of file ends without a newline
linking...
Program Size: Code=4064 RO-data=276 RW-data=48 ZI-data=1704  
".\FLASH\ContextSwitch2.axf" - 0 Error(s), 2 Warning(s).
Build target 'AwesomeOS SIM'
linking...
Program Size: Code=4064 RO-data=276 RW-data=48 ZI-data=1704  
".\FLASH\ContextSwitch2.axf" - 0 Error(s), 0 Warning(s).
Build target 'AwesomeOS SIM'
compiling main_svc.c...
src\main_svc.c(43): warning:  #167-D: argument of type "volatile uint8_t *" is incompatible with parameter of type "unsigned char *"
compiling Retarget.c...
src\Retarget.c(43): warning:  #940-D: missing return statement at end of non-void function "getkey"
compiling message.c...
src\message.c(42): warning:  #1295-D: Deprecated declaration current_process - give arg types
src\message.c(43): warning:  #1295-D: Deprecated declaration get_process - give arg types
src\message.c(48): warning:  #223-D: function "k_request_memory_block" declared implicitly
src\message.c(51): warning:  #117-D: non-void function "k_send_message" should return a value
src\message.c(58): warning:  #223-D: function "enqueue_envelope" declared implicitly
src\message.c(61): warning:  #223-D: function "move_to_ready" declared implicitly
src\message.c(62): warning:  #940-D: missing return statement at end of non-void function "k_send_message"
src\message.c(75): warning:  #223-D: function "dequeue_envelope" declared implicitly
compiling uart_irq.c...
src\uart_irq.c(193): warning:  #940-D: missing return statement at end of non-void function "uart_put_char"
compiling sys_proc.c...
src\sys_proc.c(48): error:  #20: identifier "g_UART0_count" is undefined
src\sys_proc.c(49): error:  #20: identifier "g_UART0_buffer" is undefined
src\sys_proc.c(43): warning:  #177-D: variable "sender_id" was declared but never referenced
src\sys_proc.c(55): warning:  #1-D: last line of file ends without a newline
compiling test_proc.c...
src\test_proc.c(26): warning:  #223-D: function "printf" declared implicitly
src\test_proc.c(102): warning:  #223-D: function "is_process_blocked" declared implicitly
src\test_proc.c(94): warning:  #177-D: variable "asciioffset" was declared but never referenced
Target not created
Build target 'AwesomeOS SIM'
compiling sys_proc.c...
src\sys_proc.c(48): error:  #20: identifier "g_UART0_count" is undefined
src\sys_proc.c(49): error:  #20: identifier "g_UART0_buffer" is undefined
src\sys_proc.c(43): warning:  #177-D: variable "sender_id" was declared but never referenced
src\sys_proc.c(55): warning:  #1-D: last line of file ends without a newline
Target not created
Build target 'AwesomeOS SIM'
compiling sys_proc.c...
src\sys_proc.c(48): error:  #20: identifier "g_UART0_count" is undefined
src\sys_proc.c(49): error:  #20: identifier "g_UART0_buffer" is undefined
src\sys_proc.c(43): warning:  #177-D: variable "sender_id" was declared but never referenced
src\sys_proc.c(55): warning:  #1-D: last line of file ends without a newline
Target not created
Build target 'AwesomeOS SIM'
compiling sys_proc.c...
src\sys_proc.c(48): error:  #20: identifier "g_UART0_count" is undefined
src\sys_proc.c(49): error:  #20: identifier "g_UART0_buffer" is undefined
src\sys_proc.c(43): warning:  #177-D: variable "sender_id" was declared but never referenced
src\sys_proc.c(55): warning:  #1-D: last line of file ends without a newline
Target not created
Build target 'AwesomeOS SIM'
compiling sys_proc.c...
src\sys_proc.c(53): warning:  #167-D: argument of type "volatile uint8_t *" is incompatible with parameter of type "void *"
src\sys_proc.c(47): warning:  #177-D: variable "sender_id" was declared but never referenced
src\sys_proc.c(59): warning:  #1-D: last line of file ends without a newline
linking...
.\FLASH\ContextSwitch2.axf: Error: L6200E: Symbol CLEAR_SCREEN multiply defined (by retarget.o and main_svc.o).
.\FLASH\ContextSwitch2.axf: Error: L6200E: Symbol CLEAR_SCREEN multiply defined (by message.o and main_svc.o).
.\FLASH\ContextSwitch2.axf: Error: L6200E: Symbol CLEAR_SCREEN multiply defined (by uart_irq.o and main_svc.o).
.\FLASH\ContextSwitch2.axf: Error: L6200E: Symbol CLEAR_SCREEN multiply defined (by sys_proc.o and main_svc.o).
.\FLASH\ContextSwitch2.axf: Error: L6200E: Symbol CLEAR_SCREEN multiply defined (by test_proc.o and main_svc.o).
Target not created
Build target 'AwesomeOS SIM'
linking...
.\FLASH\ContextSwitch2.axf: Error: L6200E: Symbol CLEAR_SCREEN multiply defined (by retarget.o and main_svc.o).
.\FLASH\ContextSwitch2.axf: Error: L6200E: Symbol CLEAR_SCREEN multiply defined (by message.o and main_svc.o).
.\FLASH\ContextSwitch2.axf: Error: L6200E: Symbol CLEAR_SCREEN multiply defined (by uart_irq.o and main_svc.o).
.\FLASH\ContextSwitch2.axf: Error: L6200E: Symbol CLEAR_SCREEN multiply defined (by sys_proc.o and main_svc.o).
.\FLASH\ContextSwitch2.axf: Error: L6200E: Symbol CLEAR_SCREEN multiply defined (by test_proc.o and main_svc.o).
Target not created
Build target 'AwesomeOS SIM'
linking...
.\FLASH\ContextSwitch2.axf: Error: L6200E: Symbol CLEAR_SCREEN multiply defined (by retarget.o and main_svc.o).
.\FLASH\ContextSwitch2.axf: Error: L6200E: Symbol CLEAR_SCREEN multiply defined (by message.o and main_svc.o).
.\FLASH\ContextSwitch2.axf: Error: L6200E: Symbol CLEAR_SCREEN multiply defined (by uart_irq.o and main_svc.o).
.\FLASH\ContextSwitch2.axf: Error: L6200E: Symbol CLEAR_SCREEN multiply defined (by sys_proc.o and main_svc.o).
.\FLASH\ContextSwitch2.axf: Error: L6200E: Symbol CLEAR_SCREEN multiply defined (by test_proc.o and main_svc.o).
Target not created
Build target 'AwesomeOS SIM'
compiling main_svc.c...
linking...
.\FLASH\ContextSwitch2.axf: Error: L6200E: Symbol CLEAR_SCREEN multiply defined (by retarget.o and main_svc.o).
.\FLASH\ContextSwitch2.axf: Error: L6200E: Symbol CLEAR_SCREEN multiply defined (by message.o and main_svc.o).
.\FLASH\ContextSwitch2.axf: Error: L6200E: Symbol CLEAR_SCREEN multiply defined (by uart_irq.o and main_svc.o).
.\FLASH\ContextSwitch2.axf: Error: L6200E: Symbol CLEAR_SCREEN multiply defined (by sys_proc.o and main_svc.o).
.\FLASH\ContextSwitch2.axf: Error: L6200E: Symbol CLEAR_SCREEN multiply defined (by test_proc.o and main_svc.o).
Target not created
Build target 'AwesomeOS SIM'
linking...
.\FLASH\ContextSwitch2.axf: Error: L6200E: Symbol CLEAR_SCREEN multiply defined (by retarget.o and main_svc.o).
.\FLASH\ContextSwitch2.axf: Error: L6200E: Symbol CLEAR_SCREEN multiply defined (by message.o and main_svc.o).
.\FLASH\ContextSwitch2.axf: Error: L6200E: Symbol CLEAR_SCREEN multiply defined (by uart_irq.o and main_svc.o).
.\FLASH\ContextSwitch2.axf: Error: L6200E: Symbol CLEAR_SCREEN multiply defined (by sys_proc.o and main_svc.o).
.\FLASH\ContextSwitch2.axf: Error: L6200E: Symbol CLEAR_SCREEN multiply defined (by test_proc.o and main_svc.o).
Target not created
Build target 'AwesomeOS SIM'
linking...
.\FLASH\ContextSwitch2.axf: Error: L6200E: Symbol CLEAR_SCREEN multiply defined (by retarget.o and main_svc.o).
.\FLASH\ContextSwitch2.axf: Error: L6200E: Symbol CLEAR_SCREEN multiply defined (by message.o and main_svc.o).
.\FLASH\ContextSwitch2.axf: Error: L6200E: Symbol CLEAR_SCREEN multiply defined (by uart_irq.o and main_svc.o).
.\FLASH\ContextSwitch2.axf: Error: L6200E: Symbol CLEAR_SCREEN multiply defined (by sys_proc.o and main_svc.o).
.\FLASH\ContextSwitch2.axf: Error: L6200E: Symbol CLEAR_SCREEN multiply defined (by test_proc.o and main_svc.o).
Target not created
Build target 'AwesomeOS SIM'
linking...
.\FLASH\ContextSwitch2.axf: Error: L6200E: Symbol CLEAR_SCREEN multiply defined (by retarget.o and main_svc.o).
.\FLASH\ContextSwitch2.axf: Error: L6200E: Symbol CLEAR_SCREEN multiply defined (by message.o and main_svc.o).
.\FLASH\ContextSwitch2.axf: Error: L6200E: Symbol CLEAR_SCREEN multiply defined (by uart_irq.o and main_svc.o).
.\FLASH\ContextSwitch2.axf: Error: L6200E: Symbol CLEAR_SCREEN multiply defined (by sys_proc.o and main_svc.o).
.\FLASH\ContextSwitch2.axf: Error: L6200E: Symbol CLEAR_SCREEN multiply defined (by test_proc.o and main_svc.o).
Target not created
Build target 'AwesomeOS SIM'
compiling main_svc.c...
compiling Retarget.c...
src\Retarget.c(43): warning:  #940-D: missing return statement at end of non-void function "getkey"
compiling message.c...
src\message.c(42): warning:  #1295-D: Deprecated declaration current_process - give arg types
src\message.c(43): warning:  #1295-D: Deprecated declaration get_process - give arg types
src\message.c(48): warning:  #223-D: function "k_request_memory_block" declared implicitly
src\message.c(51): warning:  #117-D: non-void function "k_send_message" should return a value
src\message.c(58): warning:  #223-D: function "enqueue_envelope" declared implicitly
src\message.c(61): warning:  #223-D: function "move_to_ready" declared implicitly
src\message.c(62): warning:  #940-D: missing return statement at end of non-void function "k_send_message"
src\message.c(75): warning:  #223-D: function "dequeue_envelope" declared implicitly
compiling uart_irq.c...
src\uart_irq.c(193): warning:  #940-D: missing return statement at end of non-void function "uart_put_char"
compiling sys_proc.c...
src\sys_proc.c(58): warning:  #167-D: argument of type "volatile uint8_t *" is incompatible with parameter of type "void *"
src\sys_proc.c(52): warning:  #177-D: variable "sender_id" was declared but never referenced
src\sys_proc.c(64): warning:  #1-D: last line of file ends without a newline
compiling test_proc.c...
src\test_proc.c(26): warning:  #223-D: function "printf" declared implicitly
src\test_proc.c(102): warning:  #223-D: function "is_process_blocked" declared implicitly
src\test_proc.c(94): warning:  #177-D: variable "asciioffset" was declared but never referenced
linking...
Program Size: Code=4092 RO-data=276 RW-data=48 ZI-data=1704  
".\FLASH\ContextSwitch2.axf" - 0 Error(s), 16 Warning(s).
Build target 'AwesomeOS SIM'
linking...
Program Size: Code=4092 RO-data=276 RW-data=48 ZI-data=1704  
".\FLASH\ContextSwitch2.axf" - 0 Error(s), 0 Warning(s).
Build target 'AwesomeOS SIM'
linking...
Program Size: Code=4092 RO-data=276 RW-data=48 ZI-data=1704  
".\FLASH\ContextSwitch2.axf" - 0 Error(s), 0 Warning(s).
Build target 'AwesomeOS SIM'
compiling sys_proc.c...
src\sys_proc.c(58): warning:  #167-D: argument of type "volatile uint8_t *" is incompatible with parameter of type "void *"
src\sys_proc.c(52): warning:  #177-D: variable "sender_id" was declared but never referenced
src\sys_proc.c(64): warning:  #1-D: last line of file ends without a newline
linking...
Program Size: Code=4080 RO-data=276 RW-data=40 ZI-data=1704  
".\FLASH\ContextSwitch2.axf" - 0 Error(s), 3 Warning(s).
Build target 'AwesomeOS SIM'
linking...
Program Size: Code=4080 RO-data=276 RW-data=40 ZI-data=1704  
".\FLASH\ContextSwitch2.axf" - 0 Error(s), 0 Warning(s).
Build target 'AwesomeOS SIM'
compiling sys_proc.c...
src\sys_proc.c(58): warning:  #167-D: argument of type "volatile uint8_t *" is incompatible with parameter of type "void *"
src\sys_proc.c(52): warning:  #177-D: variable "sender_id" was declared but never referenced
src\sys_proc.c(64): warning:  #1-D: last line of file ends without a newline
linking...
Program Size: Code=4068 RO-data=276 RW-data=40 ZI-data=1704  
".\FLASH\ContextSwitch2.axf" - 0 Error(s), 3 Warning(s).
Build target 'AwesomeOS SIM'
linking...
Program Size: Code=4068 RO-data=276 RW-data=40 ZI-data=1704  
".\FLASH\ContextSwitch2.axf" - 0 Error(s), 0 Warning(s).
Build target 'AwesomeOS SIM'
compiling message.c...
src\message.c(42): warning:  #1295-D: Deprecated declaration current_process - give arg types
src\message.c(43): warning:  #1295-D: Deprecated declaration get_process - give arg types
src\message.c(48): warning:  #223-D: function "k_request_memory_block" declared implicitly
src\message.c(51): warning:  #117-D: non-void function "k_send_message" should return a value
src\message.c(58): warning:  #223-D: function "enqueue_envelope" declared implicitly
src\message.c(61): warning:  #223-D: function "move_to_ready" declared implicitly
src\message.c(62): warning:  #940-D: missing return statement at end of non-void function "k_send_message"
src\message.c(77): warning:  #223-D: function "dequeue_envelope" declared implicitly
linking...
Program Size: Code=4068 RO-data=276 RW-data=40 ZI-data=1704  
".\FLASH\ContextSwitch2.axf" - 0 Error(s), 8 Warning(s).
Build target 'AwesomeOS SIM'
linking...
Program Size: Code=4068 RO-data=276 RW-data=40 ZI-data=1704  
".\FLASH\ContextSwitch2.axf" - 0 Error(s), 0 Warning(s).
Build target 'AwesomeOS SIM'
compiling sys_proc.c...
src\sys_proc.c(59): warning:  #167-D: argument of type "volatile uint8_t *" is incompatible with parameter of type "void *"
src\sys_proc.c(52): warning:  #177-D: variable "sender_id" was declared but never referenced
src\sys_proc.c(66): warning:  #1-D: last line of file ends without a newline
linking...
Program Size: Code=4096 RO-data=276 RW-data=48 ZI-data=1704  
".\FLASH\ContextSwitch2.axf" - 0 Error(s), 3 Warning(s).
Build target 'AwesomeOS SIM'
compiling sys_proc.c...
src\sys_proc.c(58): error:  #144: a value of type "volatile uint8_t *" cannot be used to initialize an entity of type "uint8_t"
src\sys_proc.c(61): warning:  #167-D: argument of type "volatile uint8_t *" is incompatible with parameter of type "void *"
src\sys_proc.c(65): error:  #142: expression must have pointer-to-object type
src\sys_proc.c(52): warning:  #177-D: variable "sender_id" was declared but never referenced
src\sys_proc.c(74): warning:  #1-D: last line of file ends without a newline
Target not created
Build target 'AwesomeOS SIM'
compiling sys_proc.c...
src\sys_proc.c(58): error:  #144: a value of type "volatile uint8_t *" cannot be used to initialize an entity of type "uint8_t"
src\sys_proc.c(61): warning:  #167-D: argument of type "volatile uint8_t *" is incompatible with parameter of type "void *"
src\sys_proc.c(65): error:  #142: expression must have pointer-to-object type
src\sys_proc.c(52): warning:  #177-D: variable "sender_id" was declared but never referenced
src\sys_proc.c(74): warning:  #1-D: last line of file ends without a newline
Target not created
Build target 'AwesomeOS SIM'
compiling sys_proc.c...
src\sys_proc.c(58): error:  #144: a value of type "volatile uint8_t *" cannot be used to initialize an entity of type "uint8_t"
src\sys_proc.c(61): warning:  #167-D: argument of type "volatile uint8_t *" is incompatible with parameter of type "void *"
src\sys_proc.c(65): error:  #142: expression must have pointer-to-object type
src\sys_proc.c(52): warning:  #177-D: variable "sender_id" was declared but never referenced
src\sys_proc.c(74): warning:  #1-D: last line of file ends without a newline
Target not created
Build target 'AwesomeOS SIM'
compiling sys_proc.c...
src\sys_proc.c(58): error:  #144: a value of type "volatile uint8_t *" cannot be used to initialize an entity of type "uint8_t"
src\sys_proc.c(61): warning:  #167-D: argument of type "volatile uint8_t *" is incompatible with parameter of type "void *"
src\sys_proc.c(65): error:  #142: expression must have pointer-to-object type
src\sys_proc.c(52): warning:  #177-D: variable "sender_id" was declared but never referenced
src\sys_proc.c(74): warning:  #1-D: last line of file ends without a newline
Target not created
Build target 'AwesomeOS SIM'
compiling sys_proc.c...
src\sys_proc.c(58): warning:  #144-D: a value of type "volatile uint8_t *" cannot be used to initialize an entity of type "uint8_t *"
src\sys_proc.c(61): warning:  #167-D: argument of type "volatile uint8_t *" is incompatible with parameter of type "void *"
src\sys_proc.c(52): warning:  #177-D: variable "sender_id" was declared but never referenced
src\sys_proc.c(74): warning:  #1-D: last line of file ends without a newline
linking...
Program Size: Code=4116 RO-data=276 RW-data=48 ZI-data=1704  
".\FLASH\ContextSwitch2.axf" - 0 Error(s), 4 Warning(s).
Build target 'AwesomeOS SIM'
linking...
Program Size: Code=4116 RO-data=276 RW-data=48 ZI-data=1704  
".\FLASH\ContextSwitch2.axf" - 0 Error(s), 0 Warning(s).
Build target 'AwesomeOS SIM'
compiling sys_proc.c...
src\sys_proc.c(59): warning:  #144-D: a value of type "volatile uint8_t *" cannot be used to initialize an entity of type "uint8_t *"
src\sys_proc.c(52): warning:  #177-D: variable "sender_id" was declared but never referenced
src\sys_proc.c(74): warning:  #1-D: last line of file ends without a newline
linking...
Program Size: Code=4116 RO-data=276 RW-data=48 ZI-data=1704  
".\FLASH\ContextSwitch2.axf" - 0 Error(s), 3 Warning(s).
Build target 'AwesomeOS SIM'
linking...
Program Size: Code=4116 RO-data=276 RW-data=48 ZI-data=1704  
".\FLASH\ContextSwitch2.axf" - 0 Error(s), 0 Warning(s).
Build target 'AwesomeOS SIM'
compiling sys_proc.c...
src\sys_proc.c(59): warning:  #144-D: a value of type "volatile uint8_t *" cannot be used to initialize an entity of type "uint8_t *"
src\sys_proc.c(52): warning:  #177-D: variable "sender_id" was declared but never referenced
src\sys_proc.c(75): warning:  #1-D: last line of file ends without a newline
linking...
Program Size: Code=4128 RO-data=276 RW-data=48 ZI-data=1704  
".\FLASH\ContextSwitch2.axf" - 0 Error(s), 3 Warning(s).
Build target 'AwesomeOS SIM'
compiling sys_proc.c...
src\sys_proc.c(59): warning:  #144-D: a value of type "volatile uint8_t *" cannot be used to initialize an entity of type "uint8_t *"
src\sys_proc.c(61): error:  #20: identifier "CURSOR_BACK" is undefined
src\sys_proc.c(61): warning:  #167-D: argument of type "uint8_t *" is incompatible with parameter of type "char *"
src\sys_proc.c(61): error:  #29: expected an expression
src\sys_proc.c(52): warning:  #177-D: variable "sender_id" was declared but never referenced
src\sys_proc.c(76): warning:  #1-D: last line of file ends without a newline
Target not created
Build target 'AwesomeOS SIM'
compiling sys_proc.c...
src\sys_proc.c(59): warning:  #144-D: a value of type "volatile uint8_t *" cannot be used to initialize an entity of type "uint8_t *"
src\sys_proc.c(61): error:  #20: identifier "CURSOR_BACK" is undefined
src\sys_proc.c(61): warning:  #167-D: argument of type "uint8_t *" is incompatible with parameter of type "char *"
src\sys_proc.c(61): error:  #29: expected an expression
src\sys_proc.c(52): warning:  #177-D: variable "sender_id" was declared but never referenced
src\sys_proc.c(76): warning:  #1-D: last line of file ends without a newline
Target not created
Build target 'AwesomeOS SIM'
compiling sys_proc.c...
src\sys_proc.c(59): warning:  #144-D: a value of type "volatile uint8_t *" cannot be used to initialize an entity of type "uint8_t *"
src\sys_proc.c(52): warning:  #177-D: variable "sender_id" was declared but never referenced
src\sys_proc.c(75): warning:  #1-D: last line of file ends without a newline
linking...
Program Size: Code=4128 RO-data=276 RW-data=48 ZI-data=1704  
".\FLASH\ContextSwitch2.axf" - 0 Error(s), 3 Warning(s).
Build target 'AwesomeOS SIM'
linking...
Program Size: Code=4128 RO-data=276 RW-data=48 ZI-data=1704  
".\FLASH\ContextSwitch2.axf" - 0 Error(s), 0 Warning(s).
Build target 'AwesomeOS SIM'
compiling sys_proc.c...
src\sys_proc.c(60): warning:  #144-D: a value of type "volatile uint8_t *" cannot be used to initialize an entity of type "uint8_t *"
src\sys_proc.c(53): warning:  #177-D: variable "sender_id" was declared but never referenced
src\sys_proc.c(79): warning:  #1-D: last line of file ends without a newline
linking...
Program Size: Code=4160 RO-data=276 RW-data=52 ZI-data=1700  
".\FLASH\ContextSwitch2.axf" - 0 Error(s), 3 Warning(s).
Build target 'AwesomeOS SIM'
linking...
Program Size: Code=4160 RO-data=276 RW-data=52 ZI-data=1700  
".\FLASH\ContextSwitch2.axf" - 0 Error(s), 0 Warning(s).
Build target 'AwesomeOS SIM'
compiling sys_proc.c...
src\sys_proc.c(60): warning:  #144-D: a value of type "volatile uint8_t *" cannot be used to initialize an entity of type "uint8_t *"
src\sys_proc.c(53): warning:  #177-D: variable "sender_id" was declared but never referenced
src\sys_proc.c(79): warning:  #1-D: last line of file ends without a newline
linking...
Program Size: Code=4160 RO-data=276 RW-data=52 ZI-data=1700  
".\FLASH\ContextSwitch2.axf" - 0 Error(s), 3 Warning(s).
