ARM Linker, 4.1 [Build 894] [Evaluation]

==============================================================================

Section Cross References

    startup_lpc17xx.o(STACK) refers (Special) to heapauxi.o(.text) for __use_two_region_memory
    startup_lpc17xx.o(HEAP) refers (Special) to heapauxi.o(.text) for __use_two_region_memory
    startup_lpc17xx.o(RESET) refers (Special) to heapauxi.o(.text) for __use_two_region_memory
    startup_lpc17xx.o(RESET) refers to startup_lpc17xx.o(STACK) for __initial_sp
    startup_lpc17xx.o(RESET) refers to startup_lpc17xx.o(.text) for Reset_Handler
    startup_lpc17xx.o(RESET) refers to hal.o(.emb_text) for SVC_Handler
    startup_lpc17xx.o(.ARM.__at_0x02FC) refers (Special) to heapauxi.o(.text) for __use_two_region_memory
    startup_lpc17xx.o(.text) refers (Special) to heapauxi.o(.text) for __use_two_region_memory
    startup_lpc17xx.o(.text) refers to __main.o(!!!main) for __main
    startup_lpc17xx.o(.text) refers to startup_lpc17xx.o(HEAP) for Heap_Mem
    startup_lpc17xx.o(.text) refers to startup_lpc17xx.o(STACK) for Stack_Mem
    system_lpc17xx.o(.text) refers to system_lpc17xx.o(.data) for SystemFrequency
    main_svc.o(.text) refers to system_lpc17xx.o(.text) for SystemInit
    main_svc.o(.text) refers to uart_polling.o(.text) for uart_init
    main_svc.o(.text) refers to process.o(.text) for process_init
    main_svc.o(.text) refers to memory.o(.text) for memory_init
    process.o(.text) refers to _printf_percent.o(.ARM.Collect$$_printf_percent$$00000000) for _printf_percent
    process.o(.text) refers to _printf_d.o(.ARM.Collect$$_printf_percent$$00000009) for _printf_d
    process.o(.text) refers to _printf_dec.o(.text) for _printf_int_dec
    process.o(.text) refers to noretval__2printf.o(.text) for __2printf
    process.o(.text) refers to hal.o(.emb_text) for __rte
    process.o(.text) refers to rt_memcpy_w.o(.text) for __aeabi_memcpy4
    process.o(.text) refers to memory.o(.text) for request_proc_stack
    process.o(.text) refers to process.o(.data) for pcb_readyQueue
    process.o(.text) refers to process.o(.bss) for pcb
    process.o(.text) refers to usr_proc.o(.text) for proc0
    retarget.o(.text) refers (Special) to use_no_semi.o(.text) for __use_no_semihosting_swi
    retarget.o(.text) refers to uart_polling.o(.text) for uart_put_char
    retarget.o(.data) refers (Special) to use_no_semi.o(.text) for __use_no_semihosting_swi
    usr_proc.o(.text) refers to _printf_percent.o(.ARM.Collect$$_printf_percent$$00000000) for _printf_percent
    usr_proc.o(.text) refers to _printf_x.o(.ARM.Collect$$_printf_percent$$0000000C) for _printf_x
    usr_proc.o(.text) refers to _printf_hex_int.o(.text) for _printf_longlong_hex
    usr_proc.o(.text) refers to noretval__2printf.o(.text) for __2printf
    usr_proc.o(.text) refers to process.o(.text) for k_get_process_priority
    usr_proc.o(.text) refers to uart_polling.o(.text) for uart_put_string
    usr_proc.o(.text) refers to usr_proc.o(.bss) for results
    usr_proc.o(.text) refers to memory.o(.text) for k_request_memory_block
    usr_proc.o(.text) refers to usr_proc.o(.data) for lastMemBlock
    memory.o(.text) refers to _printf_percent.o(.ARM.Collect$$_printf_percent$$00000000) for _printf_percent
    memory.o(.text) refers to _printf_x.o(.ARM.Collect$$_printf_percent$$0000000C) for _printf_x
    memory.o(.text) refers to _printf_hex_int.o(.text) for _printf_longlong_hex
    memory.o(.text) refers to noretval__2printf.o(.text) for __2printf
    memory.o(.text) refers to process.o(.text) for mem_block_current_process
    memory.o(.text) refers to memory.o(.bss) for memBlocks
    memory.o(.text) refers to memory.o(.data) for currentMemoryAddress
    __2printf.o(.text) refers to _printf_char_file.o(.text) for _printf_char_file
    __2printf.o(.text) refers to retarget.o(.data) for __stdout
    noretval__2printf.o(.text) refers to _printf_char_file.o(.text) for _printf_char_file
    noretval__2printf.o(.text) refers to retarget.o(.data) for __stdout
    __printf.o(.text) refers to _printf_percent.o(.ARM.Collect$$_printf_percent$$00000000) for _printf_percent
    _printf_dec.o(.text) refers to _printf_intcommon.o(.text) for _printf_int_common
    _printf_hex_ll.o(.text) refers to _printf_intcommon.o(.text) for _printf_int_common
    _printf_hex_ll.o(.text) refers to _printf_hex_ll.o(.constdata) for .constdata
    _printf_hex_int.o(.text) refers to _printf_intcommon.o(.text) for _printf_int_common
    _printf_hex_int.o(.text) refers to _printf_hex_int.o(.constdata) for .constdata
    _printf_hex_int_ll.o(.text) refers to _printf_intcommon.o(.text) for _printf_int_common
    _printf_hex_int_ll.o(.text) refers to _printf_hex_int_ll.o(.constdata) for .constdata
    _printf_hex_ptr.o(.text) refers to _printf_intcommon.o(.text) for _printf_int_common
    _printf_hex_ptr.o(.text) refers to _printf_hex_ptr.o(.constdata) for .constdata
    _printf_hex_int_ptr.o(.text) refers to _printf_intcommon.o(.text) for _printf_int_common
    _printf_hex_int_ptr.o(.text) refers to _printf_hex_int_ptr.o(.constdata) for .constdata
    _printf_hex_ll_ptr.o(.text) refers to _printf_intcommon.o(.text) for _printf_int_common
    _printf_hex_ll_ptr.o(.text) refers to _printf_hex_ll_ptr.o(.constdata) for .constdata
    _printf_hex_int_ll_ptr.o(.text) refers to _printf_intcommon.o(.text) for _printf_int_common
    _printf_hex_int_ll_ptr.o(.text) refers to _printf_hex_int_ll_ptr.o(.constdata) for .constdata
    __printf_flags.o(.text) refers to _printf_percent.o(.ARM.Collect$$_printf_percent$$00000000) for _printf_percent
    __printf_flags.o(.text) refers to __printf_flags.o(.constdata) for .constdata
    __printf_ss.o(.text) refers to _printf_percent.o(.ARM.Collect$$_printf_percent$$00000000) for _printf_percent
    __printf_flags_ss.o(.text) refers to _printf_percent.o(.ARM.Collect$$_printf_percent$$00000000) for _printf_percent
    __printf_flags_ss.o(.text) refers to __printf_flags_ss.o(.constdata) for .constdata
    __printf_wp.o(.text) refers to __printf_wp.o(i._is_digit) for _is_digit
    __printf_wp.o(.text) refers to _printf_percent.o(.ARM.Collect$$_printf_percent$$00000000) for _printf_percent
    __printf_flags_wp.o(.text) refers to __printf_wp.o(i._is_digit) for _is_digit
    __printf_flags_wp.o(.text) refers to _printf_percent.o(.ARM.Collect$$_printf_percent$$00000000) for _printf_percent
    __printf_flags_wp.o(.text) refers to __printf_flags_wp.o(.constdata) for .constdata
    __printf_ss_wp.o(.text) refers to __printf_wp.o(i._is_digit) for _is_digit
    __printf_ss_wp.o(.text) refers to _printf_percent.o(.ARM.Collect$$_printf_percent$$00000000) for _printf_percent
    __printf_flags_ss_wp.o(.text) refers to __printf_wp.o(i._is_digit) for _is_digit
    __printf_flags_ss_wp.o(.text) refers to _printf_percent.o(.ARM.Collect$$_printf_percent$$00000000) for _printf_percent
    __printf_flags_ss_wp.o(.text) refers to __printf_flags_ss_wp.o(.constdata) for .constdata
    _printf_x.o(.ARM.Collect$$_printf_percent$$0000000C) refers (Weak) to _printf_hex_int.o(.text) for _printf_int_hex
    _printf_d.o(.ARM.Collect$$_printf_percent$$00000009) refers (Weak) to _printf_dec.o(.text) for _printf_int_dec
    _printf_percent.o(.ARM.Collect$$_printf_percent$$00000000) refers (Special) to _printf_percent_end.o(.ARM.Collect$$_printf_percent$$00000017) for _printf_percent_end
    __main.o(!!!main) refers to rtentry.o(.ARM.Collect$$rtentry$$00000000) for __rt_entry
    rtentry.o(.ARM.Collect$$rtentry$$00000000) refers (Special) to rtentry2.o(.ARM.Collect$$rtentry$$0000000A) for __rt_entry_li
    rtentry.o(.ARM.Collect$$rtentry$$00000000) refers (Special) to rtentry2.o(.ARM.Collect$$rtentry$$0000000D) for __rt_entry_main
    rtentry.o(.ARM.Collect$$rtentry$$00000000) refers (Special) to rtentry2.o(.ARM.Collect$$rtentry$$0000000C) for __rt_entry_postli_1
    rtentry.o(.ARM.Collect$$rtentry$$00000000) refers (Special) to rtentry2.o(.ARM.Collect$$rtentry$$00000009) for __rt_entry_postsh_1
    rtentry.o(.ARM.Collect$$rtentry$$00000000) refers (Special) to rtentry2.o(.ARM.Collect$$rtentry$$00000002) for __rt_entry_presh_1
    rtentry.o(.ARM.Collect$$rtentry$$00000000) refers (Special) to rtentry4.o(.ARM.Collect$$rtentry$$00000004) for __rt_entry_sh
    _printf_char_file.o(.text) refers to _printf_char_common.o(.text) for _printf_char_common
    _printf_char_file.o(.text) refers to retarget.o(.text) for ferror
    rtentry2.o(.ARM.Collect$$rtentry$$00000008) refers to boardinit2.o(.text) for _platform_post_stackheap_init
    rtentry2.o(.ARM.Collect$$rtentry$$0000000A) refers to libinit.o(.ARM.Collect$$libinit$$00000000) for __rt_lib_init
    rtentry2.o(.ARM.Collect$$rtentry$$0000000B) refers to boardinit3.o(.text) for _platform_post_lib_init
    rtentry2.o(.ARM.Collect$$rtentry$$0000000D) refers to main_svc.o(.text) for main
    rtentry2.o(.ARM.Collect$$rtentry$$0000000D) refers to exit.o(.text) for exit
    rtentry2.o(.ARM.exidx) refers to rtentry2.o(.ARM.Collect$$rtentry$$00000001) for .ARM.Collect$$rtentry$$00000001
    rtentry2.o(.ARM.exidx) refers to rtentry2.o(.ARM.Collect$$rtentry$$00000008) for .ARM.Collect$$rtentry$$00000008
    rtentry2.o(.ARM.exidx) refers to rtentry2.o(.ARM.Collect$$rtentry$$0000000A) for .ARM.Collect$$rtentry$$0000000A
    rtentry2.o(.ARM.exidx) refers to rtentry2.o(.ARM.Collect$$rtentry$$0000000B) for .ARM.Collect$$rtentry$$0000000B
    rtentry2.o(.ARM.exidx) refers to rtentry2.o(.ARM.Collect$$rtentry$$0000000D) for .ARM.Collect$$rtentry$$0000000D
    rtentry4.o(.ARM.Collect$$rtentry$$00000004) refers to sys_stackheap_outer.o(.text) for __user_setup_stackheap
    rtentry4.o(.ARM.exidx) refers to rtentry4.o(.ARM.Collect$$rtentry$$00000004) for .ARM.Collect$$rtentry$$00000004
    _printf_char_common.o(.text) refers to __printf.o(.text) for __printf
    sys_stackheap_outer.o(.text) refers to libspace.o(.text) for __user_perproc_libspace
    sys_stackheap_outer.o(.text) refers to startup_lpc17xx.o(.text) for __user_initial_stackheap
    exit.o(.text) refers to rtexit.o(.ARM.Collect$$rtexit$$00000000) for __rt_exit
    libinit.o(.ARM.Collect$$libinit$$00000000) refers (Special) to libinit2.o(.ARM.Collect$$libinit$$0000002A) for __rt_lib_init_alloca_1
    libinit.o(.ARM.Collect$$libinit$$00000000) refers (Special) to libinit2.o(.ARM.Collect$$libinit$$00000028) for __rt_lib_init_argv_1
    libinit.o(.ARM.Collect$$libinit$$00000000) refers (Special) to libinit2.o(.ARM.Collect$$libinit$$00000017) for __rt_lib_init_atexit_1
    libinit.o(.ARM.Collect$$libinit$$00000000) refers (Special) to libinit2.o(.ARM.Collect$$libinit$$0000001D) for __rt_lib_init_clock_1
    libinit.o(.ARM.Collect$$libinit$$00000000) refers (Special) to libinit2.o(.ARM.Collect$$libinit$$0000002E) for __rt_lib_init_cpp_1
    libinit.o(.ARM.Collect$$libinit$$00000000) refers (Special) to libinit2.o(.ARM.Collect$$libinit$$0000002C) for __rt_lib_init_exceptions_1
    libinit.o(.ARM.Collect$$libinit$$00000000) refers (Special) to libinit2.o(.ARM.Collect$$libinit$$0000001B) for __rt_lib_init_fp_trap_1
    libinit.o(.ARM.Collect$$libinit$$00000000) refers (Special) to libinit2.o(.ARM.Collect$$libinit$$0000001F) for __rt_lib_init_getenv_1
    libinit.o(.ARM.Collect$$libinit$$00000000) refers (Special) to libinit2.o(.ARM.Collect$$libinit$$00000006) for __rt_lib_init_heap_1
    libinit.o(.ARM.Collect$$libinit$$00000000) refers (Special) to libinit2.o(.ARM.Collect$$libinit$$0000000D) for __rt_lib_init_lc_collate_1
    libinit.o(.ARM.Collect$$libinit$$00000000) refers (Special) to libinit2.o(.ARM.Collect$$libinit$$0000000F) for __rt_lib_init_lc_ctype_1
    libinit.o(.ARM.Collect$$libinit$$00000000) refers (Special) to libinit2.o(.ARM.Collect$$libinit$$00000011) for __rt_lib_init_lc_monetary_1
    libinit.o(.ARM.Collect$$libinit$$00000000) refers (Special) to libinit2.o(.ARM.Collect$$libinit$$00000013) for __rt_lib_init_lc_numeric_1
    libinit.o(.ARM.Collect$$libinit$$00000000) refers (Special) to libinit2.o(.ARM.Collect$$libinit$$00000015) for __rt_lib_init_lc_time_1
    libinit.o(.ARM.Collect$$libinit$$00000000) refers (Special) to libinit2.o(.ARM.Collect$$libinit$$0000000A) for __rt_lib_init_rand_1
    libinit.o(.ARM.Collect$$libinit$$00000000) refers (Special) to libinit2.o(.ARM.Collect$$libinit$$0000002F) for __rt_lib_init_return
    libinit.o(.ARM.Collect$$libinit$$00000000) refers (Special) to libinit2.o(.ARM.Collect$$libinit$$00000019) for __rt_lib_init_signal_1
    libinit.o(.ARM.Collect$$libinit$$00000000) refers (Special) to libinit2.o(.ARM.Collect$$libinit$$00000021) for __rt_lib_init_stdio_1
    libinit.o(.ARM.Collect$$libinit$$00000000) refers (Special) to libinit2.o(.ARM.Collect$$libinit$$00000008) for __rt_lib_init_user_alloc_1
    libinit.o(.ARM.Collect$$libinit$$00000000) refers to fpinit.o(x$fpl$fpinit) for _fp_init
    libspace.o(.text) refers to libspace.o(.bss) for __libspace_start
    rtexit.o(.ARM.Collect$$rtexit$$00000000) refers (Special) to rtexit2.o(.ARM.Collect$$rtexit$$00000004) for __rt_exit_exit
    rtexit.o(.ARM.Collect$$rtexit$$00000000) refers (Special) to rtexit2.o(.ARM.Collect$$rtexit$$00000003) for __rt_exit_ls
    rtexit.o(.ARM.Collect$$rtexit$$00000000) refers (Special) to rtexit2.o(.ARM.Collect$$rtexit$$00000002) for __rt_exit_prels_1
    rtexit.o(.ARM.exidx) refers (Special) to rtexit2.o(.ARM.Collect$$rtexit$$00000004) for __rt_exit_exit
    rtexit.o(.ARM.exidx) refers (Special) to rtexit2.o(.ARM.Collect$$rtexit$$00000003) for __rt_exit_ls
    rtexit.o(.ARM.exidx) refers (Special) to rtexit2.o(.ARM.Collect$$rtexit$$00000002) for __rt_exit_prels_1
    rtexit.o(.ARM.exidx) refers to rtexit.o(.ARM.Collect$$rtexit$$00000000) for .ARM.Collect$$rtexit$$00000000
    libinit2.o(.ARM.Collect$$libinit$$0000000C) refers to libinit2.o(.ARM.Collect$$libinit$$0000000B) for .ARM.Collect$$libinit$$0000000B
    libinit2.o(.ARM.Collect$$libinit$$0000000E) refers to libinit2.o(.ARM.Collect$$libinit$$0000000B) for .ARM.Collect$$libinit$$0000000B
    libinit2.o(.ARM.Collect$$libinit$$00000010) refers to libinit2.o(.ARM.Collect$$libinit$$0000000B) for .ARM.Collect$$libinit$$0000000B
    libinit2.o(.ARM.Collect$$libinit$$00000012) refers to libinit2.o(.ARM.Collect$$libinit$$0000000B) for .ARM.Collect$$libinit$$0000000B
    libinit2.o(.ARM.Collect$$libinit$$00000014) refers to libinit2.o(.ARM.Collect$$libinit$$0000000B) for .ARM.Collect$$libinit$$0000000B
    libinit2.o(.ARM.Collect$$libinit$$00000022) refers to argv_veneer.o(.emb_text) for __ARM_argv_veneer
    libinit2.o(.ARM.Collect$$libinit$$00000023) refers to argv_veneer.o(.emb_text) for __ARM_argv_veneer
    fpinit.o(x$fpl$fpinit) refers to rt_fp_status_addr_intlibspace.o(.text) for __rt_fp_status_addr
    rtexit2.o(.ARM.Collect$$rtexit$$00000003) refers to libshutdown.o(.ARM.Collect$$libshutdown$$00000000) for __rt_lib_shutdown
    rtexit2.o(.ARM.Collect$$rtexit$$00000004) refers to retarget.o(.text) for _sys_exit
    rtexit2.o(.ARM.exidx) refers to rtexit2.o(.ARM.Collect$$rtexit$$00000001) for .ARM.Collect$$rtexit$$00000001
    rtexit2.o(.ARM.exidx) refers to rtexit2.o(.ARM.Collect$$rtexit$$00000003) for .ARM.Collect$$rtexit$$00000003
    rtexit2.o(.ARM.exidx) refers to rtexit2.o(.ARM.Collect$$rtexit$$00000004) for .ARM.Collect$$rtexit$$00000004
    rt_fp_status_addr.o(.text) refers to rt_fp_status_addr.o(.bss) for __rt_fp_status_addr_data
    rt_fp_status_addr_intlibspace.o(.text) refers to libspace.o(.bss) for __libspace_start
    argv_veneer.o(.emb_text) refers to no_argv.o(.text) for __ARM_get_argv
    _get_argv_nomalloc.o(.text) refers (Special) to hrguard.o(.text) for __heap_region$guard
    _get_argv_nomalloc.o(.text) refers to defsig_rtmem_outer.o(.text) for __rt_SIGRTMEM
    _get_argv_nomalloc.o(.text) refers to sys_command.o(.text) for _sys_command_string
    libshutdown.o(.ARM.Collect$$libshutdown$$00000000) refers (Special) to libshutdown2.o(.ARM.Collect$$libshutdown$$00000006) for __rt_lib_shutdown_fp_trap_1
    libshutdown.o(.ARM.Collect$$libshutdown$$00000000) refers (Special) to libshutdown2.o(.ARM.Collect$$libshutdown$$0000000E) for __rt_lib_shutdown_heap_1
    libshutdown.o(.ARM.Collect$$libshutdown$$00000000) refers (Special) to libshutdown2.o(.ARM.Collect$$libshutdown$$0000000F) for __rt_lib_shutdown_return
    libshutdown.o(.ARM.Collect$$libshutdown$$00000000) refers (Special) to libshutdown2.o(.ARM.Collect$$libshutdown$$00000009) for __rt_lib_shutdown_signal_1
    libshutdown.o(.ARM.Collect$$libshutdown$$00000000) refers (Special) to libshutdown2.o(.ARM.Collect$$libshutdown$$00000003) for __rt_lib_shutdown_stdio_1
    libshutdown.o(.ARM.Collect$$libshutdown$$00000000) refers (Special) to libshutdown2.o(.ARM.Collect$$libshutdown$$0000000B) for __rt_lib_shutdown_user_alloc_1
    sys_command.o(.text) refers (Special) to use_no_semi.o(.text) for __I$use$semihosting
    sys_command.o(.text) refers (Special) to indicate_semi.o(.text) for __semihosting_library_function
    defsig_rtmem_outer.o(.text) refers to defsig_rtmem_inner.o(.text) for __rt_SIGRTMEM_inner
    defsig_rtmem_outer.o(.text) refers to defsig_exit.o(.text) for __sig_exit
    defsig_rtmem_formal.o(.text) refers to rt_raise.o(.text) for __rt_raise
    rt_raise.o(.text) refers to __raise.o(.text) for __raise
    rt_raise.o(.text) refers to retarget.o(.text) for _sys_exit
    defsig_exit.o(.text) refers to retarget.o(.text) for _sys_exit
    defsig_rtmem_inner.o(.text) refers to defsig_general.o(.text) for __default_signal_display
    __raise.o(.text) refers to defsig.o(CL$$defsig) for __default_signal_handler
    defsig_general.o(.text) refers to retarget.o(.text) for _ttywrch
    defsig.o(CL$$defsig) refers to defsig_rtmem_inner.o(.text) for __rt_SIGRTMEM_inner
    defsig_abrt_inner.o(.text) refers to defsig_general.o(.text) for __default_signal_display
    defsig_fpe_inner.o(.text) refers to defsig_general.o(.text) for __default_signal_display
    defsig_rtred_inner.o(.text) refers to defsig_general.o(.text) for __default_signal_display
    defsig_stak_inner.o(.text) refers to defsig_general.o(.text) for __default_signal_display
    defsig_pvfn_inner.o(.text) refers to defsig_general.o(.text) for __default_signal_display
    defsig_cppl_inner.o(.text) refers to defsig_general.o(.text) for __default_signal_display
    defsig_segv_inner.o(.text) refers to defsig_general.o(.text) for __default_signal_display
    defsig_other.o(.text) refers to defsig_general.o(.text) for __default_signal_display


==============================================================================

Removing Unused input sections from the image.

    Removing system_lpc17xx.o(.rev16_text), (4 bytes).
    Removing system_lpc17xx.o(.revsh_text), (4 bytes).
    Removing main_svc.o(.rev16_text), (4 bytes).
    Removing main_svc.o(.revsh_text), (4 bytes).
    Removing process.o(.rev16_text), (4 bytes).
    Removing process.o(.revsh_text), (4 bytes).
    Removing uart_polling.o(.rev16_text), (4 bytes).
    Removing uart_polling.o(.revsh_text), (4 bytes).

8 unused section(s) (total 32 bytes) removed from the image.

==============================================================================

Image Symbol Table

    Local Symbols

    Symbol Name                              Value     Ov Type        Size  Object(Section)

    RESET                                    0x00000000   Section      204  startup_lpc17xx.o(RESET)
    ../../angel/boardlib.s                   0x00000000   Number         0  boardinit2.o ABSOLUTE
    ../../angel/boardlib.s                   0x00000000   Number         0  boardinit1.o ABSOLUTE
    ../../angel/boardlib.s                   0x00000000   Number         0  boardshut.o ABSOLUTE
    ../../angel/boardlib.s                   0x00000000   Number         0  boardinit3.o ABSOLUTE
    ../../angel/handlers.s                   0x00000000   Number         0  __scatter_copy.o ABSOLUTE
    ../../angel/handlers.s                   0x00000000   Number         0  __scatter_zi.o ABSOLUTE
    ../../angel/kernel.s                     0x00000000   Number         0  rtexit2.o ABSOLUTE
    ../../angel/kernel.s                     0x00000000   Number         0  rtexit.o ABSOLUTE
    ../../angel/kernel.s                     0x00000000   Number         0  rtentry.o ABSOLUTE
    ../../angel/kernel.s                     0x00000000   Number         0  rtentry4.o ABSOLUTE
    ../../angel/kernel.s                     0x00000000   Number         0  rtentry2.o ABSOLUTE
    ../../angel/rt.s                         0x00000000   Number         0  rt_raise.o ABSOLUTE
    ../../angel/rt.s                         0x00000000   Number         0  rt_fp_status_addr_intlibspace.o ABSOLUTE
    ../../angel/rt.s                         0x00000000   Number         0  rt_fp_status_addr.o ABSOLUTE
    ../../angel/scatter.s                    0x00000000   Number         0  __scatter.o ABSOLUTE
    ../../angel/startup.s                    0x00000000   Number         0  __main.o ABSOLUTE
    ../../angel/sys.s                        0x00000000   Number         0  use_no_semi.o ABSOLUTE
    ../../angel/sys.s                        0x00000000   Number         0  libspace.o ABSOLUTE
    ../../angel/sys.s                        0x00000000   Number         0  sys_stackheap_outer.o ABSOLUTE
    ../../angel/sys.s                        0x00000000   Number         0  indicate_semi.o ABSOLUTE
    ../../angel/sysapp.c                     0x00000000   Number         0  sys_command.o ABSOLUTE
    ../../armsys.c                           0x00000000   Number         0  _get_argv_nomalloc.o ABSOLUTE
    ../../armsys.c                           0x00000000   Number         0  argv_veneer.o ABSOLUTE
    ../../armsys.c                           0x00000000   Number         0  argv_veneer.o ABSOLUTE
    ../../armsys.c                           0x00000000   Number         0  no_argv.o ABSOLUTE
    ../../fpinit.s                           0x00000000   Number         0  fpinit.o ABSOLUTE
    ../../heapalloc.c                        0x00000000   Number         0  hrguard.o ABSOLUTE
    ../../heapaux.c                          0x00000000   Number         0  heapauxi.o ABSOLUTE
    ../../libinit.s                          0x00000000   Number         0  libinit2.o ABSOLUTE
    ../../libinit.s                          0x00000000   Number         0  libshutdown2.o ABSOLUTE
    ../../libinit.s                          0x00000000   Number         0  libshutdown.o ABSOLUTE
    ../../libinit.s                          0x00000000   Number         0  libinit.o ABSOLUTE
    ../../memcpset.s                         0x00000000   Number         0  rt_memcpy_w.o ABSOLUTE
    ../../printf.c                           0x00000000   Number         0  _printf_hex_ptr.o ABSOLUTE
    ../../printf.c                           0x00000000   Number         0  _printf_hex_int_ptr.o ABSOLUTE
    ../../printf.c                           0x00000000   Number         0  _printf_hex_ll_ptr.o ABSOLUTE
    ../../printf.c                           0x00000000   Number         0  _printf_hex_int_ll_ptr.o ABSOLUTE
    ../../printf.c                           0x00000000   Number         0  __printf_flags.o ABSOLUTE
    ../../printf.c                           0x00000000   Number         0  __printf_ss.o ABSOLUTE
    ../../printf.c                           0x00000000   Number         0  __printf_flags_ss.o ABSOLUTE
    ../../printf.c                           0x00000000   Number         0  __printf_wp.o ABSOLUTE
    ../../printf.c                           0x00000000   Number         0  __printf_flags_wp.o ABSOLUTE
    ../../printf.c                           0x00000000   Number         0  __printf_ss_wp.o ABSOLUTE
    ../../printf.c                           0x00000000   Number         0  __printf_flags_ss_wp.o ABSOLUTE
    ../../printf.c                           0x00000000   Number         0  _printf_char_common.o ABSOLUTE
    ../../printf.c                           0x00000000   Number         0  _printf_intcommon.o ABSOLUTE
    ../../printf.c                           0x00000000   Number         0  _printf_char_file.o ABSOLUTE
    ../../printf.c                           0x00000000   Number         0  __2printf.o ABSOLUTE
    ../../printf.c                           0x00000000   Number         0  noretval__2printf.o ABSOLUTE
    ../../printf.c                           0x00000000   Number         0  __printf.o ABSOLUTE
    ../../printf.c                           0x00000000   Number         0  _printf_dec.o ABSOLUTE
    ../../printf.c                           0x00000000   Number         0  _printf_hex_ll.o ABSOLUTE
    ../../printf.c                           0x00000000   Number         0  _printf_hex_int.o ABSOLUTE
    ../../printf.c                           0x00000000   Number         0  __printf_nopercent.o ABSOLUTE
    ../../printf.c                           0x00000000   Number         0  _printf_hex_int_ll.o ABSOLUTE
    ../../printf_percent.s                   0x00000000   Number         0  _printf_percent_end.o ABSOLUTE
    ../../printf_percent.s                   0x00000000   Number         0  _printf_percent.o ABSOLUTE
    ../../printf_percent.s                   0x00000000   Number         0  _printf_x.o ABSOLUTE
    ../../printf_percent.s                   0x00000000   Number         0  _printf_d.o ABSOLUTE
    ../../signal.c                           0x00000000   Number         0  defsig_general.o ABSOLUTE
    ../../signal.c                           0x00000000   Number         0  __raise.o ABSOLUTE
    ../../signal.c                           0x00000000   Number         0  defsig_exit.o ABSOLUTE
    ../../signal.c                           0x00000000   Number         0  defsig_stak_inner.o ABSOLUTE
    ../../signal.c                           0x00000000   Number         0  defsig_rtmem_formal.o ABSOLUTE
    ../../signal.c                           0x00000000   Number         0  defsig_rtmem_inner.o ABSOLUTE
    ../../signal.c                           0x00000000   Number         0  defsig_other.o ABSOLUTE
    ../../signal.c                           0x00000000   Number         0  defsig_segv_inner.o ABSOLUTE
    ../../signal.c                           0x00000000   Number         0  defsig_cppl_inner.o ABSOLUTE
    ../../signal.c                           0x00000000   Number         0  defsig_pvfn_inner.o ABSOLUTE
    ../../signal.c                           0x00000000   Number         0  defsig_rtred_inner.o ABSOLUTE
    ../../signal.c                           0x00000000   Number         0  defsig_fpe_inner.o ABSOLUTE
    ../../signal.c                           0x00000000   Number         0  defsig_abrt_inner.o ABSOLUTE
    ../../signal.c                           0x00000000   Number         0  defsig_rtmem_outer.o ABSOLUTE
    ../../signal.s                           0x00000000   Number         0  defsig.o ABSOLUTE
    ../../stdlib.c                           0x00000000   Number         0  exit.o ABSOLUTE
    dc.s                                     0x00000000   Number         0  dc.o ABSOLUTE
    src\HAL.c                                0x00000000   Number         0  hal.o ABSOLUTE
    src\Retarget.c                           0x00000000   Number         0  retarget.o ABSOLUTE
    src\\HAL.c                               0x00000000   Number         0  hal.o ABSOLUTE
    src\\main_svc.c                          0x00000000   Number         0  main_svc.o ABSOLUTE
    src\\process.c                           0x00000000   Number         0  process.o ABSOLUTE
    src\\system_LPC17xx.c                    0x00000000   Number         0  system_lpc17xx.o ABSOLUTE
    src\\uart_polling.c                      0x00000000   Number         0  uart_polling.o ABSOLUTE
    src\main_svc.c                           0x00000000   Number         0  main_svc.o ABSOLUTE
    src\memory.c                             0x00000000   Number         0  memory.o ABSOLUTE
    src\process.c                            0x00000000   Number         0  process.o ABSOLUTE
    src\startup_LPC17xx.s                    0x00000000   Number         0  startup_lpc17xx.o ABSOLUTE
    src\system_LPC17xx.c                     0x00000000   Number         0  system_lpc17xx.o ABSOLUTE
    src\uart_polling.c                       0x00000000   Number         0  uart_polling.o ABSOLUTE
    src\usr_proc.c                           0x00000000   Number         0  usr_proc.o ABSOLUTE
    !!!main                                  0x000000cc   Section        8  __main.o(!!!main)
    !!!scatter                               0x000000d4   Section       52  __scatter.o(!!!scatter)
    !!handler_copy                           0x00000108   Section       26  __scatter_copy.o(!!handler_copy)
    !!handler_zi                             0x00000124   Section       28  __scatter_zi.o(!!handler_zi)
    .ARM.Collect$$_printf_percent$$00000000  0x00000140   Section        0  _printf_percent.o(.ARM.Collect$$_printf_percent$$00000000)
    .ARM.Collect$$_printf_percent$$00000009  0x00000140   Section        6  _printf_d.o(.ARM.Collect$$_printf_percent$$00000009)
    .ARM.Collect$$_printf_percent$$0000000C  0x00000146   Section        6  _printf_x.o(.ARM.Collect$$_printf_percent$$0000000C)
    .ARM.Collect$$_printf_percent$$00000017  0x0000014c   Section        4  _printf_percent_end.o(.ARM.Collect$$_printf_percent$$00000017)
    .ARM.Collect$$libinit$$00000000          0x00000150   Section        6  libinit.o(.ARM.Collect$$libinit$$00000000)
    .ARM.Collect$$libinit$$00000006          0x00000156   Section        0  libinit2.o(.ARM.Collect$$libinit$$00000006)
    .ARM.Collect$$libinit$$00000008          0x00000156   Section        0  libinit2.o(.ARM.Collect$$libinit$$00000008)
    .ARM.Collect$$libinit$$0000000A          0x00000156   Section        0  libinit2.o(.ARM.Collect$$libinit$$0000000A)
    .ARM.Collect$$libinit$$0000000D          0x00000156   Section        0  libinit2.o(.ARM.Collect$$libinit$$0000000D)
    .ARM.Collect$$libinit$$0000000F          0x00000156   Section        0  libinit2.o(.ARM.Collect$$libinit$$0000000F)
    .ARM.Collect$$libinit$$00000011          0x00000156   Section        0  libinit2.o(.ARM.Collect$$libinit$$00000011)
    .ARM.Collect$$libinit$$00000013          0x00000156   Section        0  libinit2.o(.ARM.Collect$$libinit$$00000013)
    .ARM.Collect$$libinit$$00000015          0x00000156   Section        0  libinit2.o(.ARM.Collect$$libinit$$00000015)
    .ARM.Collect$$libinit$$00000017          0x00000156   Section        0  libinit2.o(.ARM.Collect$$libinit$$00000017)
    .ARM.Collect$$libinit$$00000019          0x00000156   Section        0  libinit2.o(.ARM.Collect$$libinit$$00000019)
    .ARM.Collect$$libinit$$0000001B          0x00000156   Section        0  libinit2.o(.ARM.Collect$$libinit$$0000001B)
    .ARM.Collect$$libinit$$0000001D          0x00000156   Section        0  libinit2.o(.ARM.Collect$$libinit$$0000001D)
    .ARM.Collect$$libinit$$0000001F          0x00000156   Section        0  libinit2.o(.ARM.Collect$$libinit$$0000001F)
    .ARM.Collect$$libinit$$00000021          0x00000156   Section        0  libinit2.o(.ARM.Collect$$libinit$$00000021)
    .ARM.Collect$$libinit$$00000028          0x00000156   Section        0  libinit2.o(.ARM.Collect$$libinit$$00000028)
    .ARM.Collect$$libinit$$0000002A          0x00000156   Section        0  libinit2.o(.ARM.Collect$$libinit$$0000002A)
    .ARM.Collect$$libinit$$0000002C          0x00000156   Section        0  libinit2.o(.ARM.Collect$$libinit$$0000002C)
    .ARM.Collect$$libinit$$0000002E          0x00000156   Section        0  libinit2.o(.ARM.Collect$$libinit$$0000002E)
    .ARM.Collect$$libinit$$0000002F          0x00000156   Section        2  libinit2.o(.ARM.Collect$$libinit$$0000002F)
    .ARM.Collect$$libshutdown$$00000000      0x00000158   Section        2  libshutdown.o(.ARM.Collect$$libshutdown$$00000000)
    .ARM.Collect$$libshutdown$$00000003      0x0000015a   Section        0  libshutdown2.o(.ARM.Collect$$libshutdown$$00000003)
    .ARM.Collect$$libshutdown$$00000006      0x0000015a   Section        0  libshutdown2.o(.ARM.Collect$$libshutdown$$00000006)
    .ARM.Collect$$libshutdown$$00000009      0x0000015a   Section        0  libshutdown2.o(.ARM.Collect$$libshutdown$$00000009)
    .ARM.Collect$$libshutdown$$0000000B      0x0000015a   Section        0  libshutdown2.o(.ARM.Collect$$libshutdown$$0000000B)
    .ARM.Collect$$libshutdown$$0000000E      0x0000015a   Section        0  libshutdown2.o(.ARM.Collect$$libshutdown$$0000000E)
    .ARM.Collect$$libshutdown$$0000000F      0x0000015a   Section        2  libshutdown2.o(.ARM.Collect$$libshutdown$$0000000F)
    .ARM.Collect$$rtentry$$00000000          0x0000015c   Section        0  rtentry.o(.ARM.Collect$$rtentry$$00000000)
    .ARM.Collect$$rtentry$$00000002          0x0000015c   Section        0  rtentry2.o(.ARM.Collect$$rtentry$$00000002)
    .ARM.Collect$$rtentry$$00000004          0x0000015c   Section        6  rtentry4.o(.ARM.Collect$$rtentry$$00000004)
    .ARM.Collect$$rtentry$$00000009          0x00000162   Section        0  rtentry2.o(.ARM.Collect$$rtentry$$00000009)
    .ARM.Collect$$rtentry$$0000000A          0x00000162   Section        4  rtentry2.o(.ARM.Collect$$rtentry$$0000000A)
    .ARM.Collect$$rtentry$$0000000C          0x00000166   Section        0  rtentry2.o(.ARM.Collect$$rtentry$$0000000C)
    .ARM.Collect$$rtentry$$0000000D          0x00000166   Section        8  rtentry2.o(.ARM.Collect$$rtentry$$0000000D)
    .ARM.Collect$$rtexit$$00000000           0x0000016e   Section        2  rtexit.o(.ARM.Collect$$rtexit$$00000000)
    .ARM.Collect$$rtexit$$00000002           0x00000170   Section        0  rtexit2.o(.ARM.Collect$$rtexit$$00000002)
    .ARM.Collect$$rtexit$$00000003           0x00000170   Section        4  rtexit2.o(.ARM.Collect$$rtexit$$00000003)
    .ARM.Collect$$rtexit$$00000004           0x00000174   Section        6  rtexit2.o(.ARM.Collect$$rtexit$$00000004)
    .emb_text                                0x0000017c   Section       42  hal.o(.emb_text)
    .text                                    0x000001a8   Section       52  startup_lpc17xx.o(.text)
    .text                                    0x000001dc   Section        0  main_svc.o(.text)
    .text                                    0x0000021c   Section        0  retarget.o(.text)
    .text                                    0x00000272   Section        2  use_no_semi.o(.text)
    .text                                    0x00000274   Section        0  noretval__2printf.o(.text)
    .text                                    0x0000028c   Section        0  __printf.o(.text)
    .text                                    0x000002f6   Section        0  heapauxi.o(.text)
    .ARM.__at_0x02FC                         0x000002fc   Section        4  startup_lpc17xx.o(.ARM.__at_0x02FC)
    .text                                    0x00000300   Section        0  system_lpc17xx.o(.text)
    .text                                    0x0000051c   Section        0  process.o(.text)
    .text                                    0x0000094c   Section        0  uart_polling.o(.text)
    .text                                    0x00000a28   Section        0  usr_proc.o(.text)
    .text                                    0x00000ca8   Section        0  memory.o(.text)
    .text                                    0x00000d54   Section        0  _printf_dec.o(.text)
    .text                                    0x00000dcc   Section        0  _printf_hex_int.o(.text)
    .text                                    0x00000e28   Section      100  rt_memcpy_w.o(.text)
    .text                                    0x00000e8c   Section        0  _printf_intcommon.o(.text)
    .text                                    0x00000f44   Section        0  _printf_char_file.o(.text)
    .text                                    0x00000f68   Section        0  _printf_char_common.o(.text)
    _printf_input_char                       0x00000f69   Thumb Code    10  _printf_char_common.o(.text)
    .text                                    0x00000f98   Section       74  sys_stackheap_outer.o(.text)
    .text                                    0x00000fe2   Section        0  exit.o(.text)
    .text                                    0x00000ff0   Section        8  libspace.o(.text)
    .text                                    0x00000ff8   Section        8  rt_fp_status_addr_intlibspace.o(.text)
    x$fpl$fpinit                             0x00001000   Section       14  fpinit.o(x$fpl$fpinit)
    .constdata                               0x0000100e   Section       40  _printf_hex_int.o(.constdata)
    uc_hextab                                0x0000100e   Data          20  _printf_hex_int.o(.constdata)
    lc_hextab                                0x00001022   Data          20  _printf_hex_int.o(.constdata)
    .data                                    0x10000000   Section        4  system_lpc17xx.o(.data)
    .data                                    0x10000004   Section       12  process.o(.data)
    .data                                    0x10000010   Section        8  retarget.o(.data)
    .data                                    0x10000018   Section        4  usr_proc.o(.data)
    .data                                    0x1000001c   Section        4  memory.o(.data)
    .bss                                     0x10000020   Section     3844  process.o(.bss)
    .bss                                     0x10000f24   Section       28  usr_proc.o(.bss)
    .bss                                     0x10000f40   Section       12  memory.o(.bss)
    memBlocks                                0x10000f40   Data          12  memory.o(.bss)
    .bss                                     0x10000f4c   Section       96  libspace.o(.bss)
    HEAP                                     0x10000fb0   Section        0  startup_lpc17xx.o(HEAP)
    STACK                                    0x10000fb0   Section      512  startup_lpc17xx.o(STACK)
    Heap_Mem                                 0x10000fb0   Data           0  startup_lpc17xx.o(HEAP)
    Stack_Mem                                0x10000fb0   Data         512  startup_lpc17xx.o(STACK)
    __initial_sp                             0x100011b0   Data           0  startup_lpc17xx.o(STACK)

    Global Symbols

    Symbol Name                              Value     Ov Type        Size  Object(Section)

    BuildAttributes$$THM_ISAv4$P$D$K$B$S$PE$A:L22UL41UL21$X:L11$S22US41US21$IEEE1$IW$USESV6$~STKCKD$USESV7$~SHL$OSPACE$ROPI$EBA8$UX$STANDARDLIB$REQ8$PRES8$EABIv2 0x00000000   Number         0  anon$$obj.o ABSOLUTE
    __ARM_use_no_argv                        0x00000000   Number         0  main_svc.o ABSOLUTE
    __Vectors                                0x00000000   Data           4  startup_lpc17xx.o(RESET)
    __ARM_exceptions_init                     - Undefined Weak Reference
    __alloca_initialize                       - Undefined Weak Reference
    __cpp_initialize__aeabi_                  - Undefined Weak Reference
    __cxa_finalize                            - Undefined Weak Reference
    __rt_locale                               - Undefined Weak Reference
    __sigvec_lookup                           - Undefined Weak Reference
    _atexit_init                              - Undefined Weak Reference
    _call_atexit_fns                          - Undefined Weak Reference
    _clock_init                               - Undefined Weak Reference
    _fp_trap_init                             - Undefined Weak Reference
    _fp_trap_shutdown                         - Undefined Weak Reference
    _get_lc_collate                           - Undefined Weak Reference
    _get_lc_ctype                             - Undefined Weak Reference
    _get_lc_monetary                          - Undefined Weak Reference
    _get_lc_numeric                           - Undefined Weak Reference
    _get_lc_time                              - Undefined Weak Reference
    _getenv_init                              - Undefined Weak Reference
    _handle_redirection                       - Undefined Weak Reference
    _init_alloc                               - Undefined Weak Reference
    _init_user_alloc                          - Undefined Weak Reference
    _initio                                   - Undefined Weak Reference
    _printf_post_padding                      - Undefined Weak Reference
    _printf_pre_padding                       - Undefined Weak Reference
    _printf_truncate_signed                   - Undefined Weak Reference
    _printf_truncate_unsigned                 - Undefined Weak Reference
    _rand_init                                - Undefined Weak Reference
    _signal_finish                            - Undefined Weak Reference
    _signal_init                              - Undefined Weak Reference
    _terminate_alloc                          - Undefined Weak Reference
    _terminate_user_alloc                     - Undefined Weak Reference
    _terminateio                              - Undefined Weak Reference
    __main                                   0x000000cd   Thumb Code     8  __main.o(!!!main)
    __scatterload                            0x000000d5   Thumb Code     0  __scatter.o(!!!scatter)
    __scatterload_rt2                        0x000000d5   Thumb Code    44  __scatter.o(!!!scatter)
    __scatterload_rt2_thumb_only             0x000000d5   Thumb Code     0  __scatter.o(!!!scatter)
    __scatterload_null                       0x000000e3   Thumb Code     0  __scatter.o(!!!scatter)
    __scatterload_copy                       0x00000109   Thumb Code    26  __scatter_copy.o(!!handler_copy)
    __scatterload_zeroinit                   0x00000125   Thumb Code    28  __scatter_zi.o(!!handler_zi)
    _printf_d                                0x00000141   Thumb Code     0  _printf_d.o(.ARM.Collect$$_printf_percent$$00000009)
    _printf_percent                          0x00000141   Thumb Code     0  _printf_percent.o(.ARM.Collect$$_printf_percent$$00000000)
    _printf_x                                0x00000147   Thumb Code     0  _printf_x.o(.ARM.Collect$$_printf_percent$$0000000C)
    _printf_percent_end                      0x0000014d   Thumb Code     0  _printf_percent_end.o(.ARM.Collect$$_printf_percent$$00000017)
    __rt_lib_init                            0x00000151   Thumb Code     0  libinit.o(.ARM.Collect$$libinit$$00000000)
    __rt_lib_init_alloca_1                   0x00000157   Thumb Code     0  libinit2.o(.ARM.Collect$$libinit$$0000002A)
    __rt_lib_init_argv_1                     0x00000157   Thumb Code     0  libinit2.o(.ARM.Collect$$libinit$$00000028)
    __rt_lib_init_atexit_1                   0x00000157   Thumb Code     0  libinit2.o(.ARM.Collect$$libinit$$00000017)
    __rt_lib_init_clock_1                    0x00000157   Thumb Code     0  libinit2.o(.ARM.Collect$$libinit$$0000001D)
    __rt_lib_init_cpp_1                      0x00000157   Thumb Code     0  libinit2.o(.ARM.Collect$$libinit$$0000002E)
    __rt_lib_init_exceptions_1               0x00000157   Thumb Code     0  libinit2.o(.ARM.Collect$$libinit$$0000002C)
    __rt_lib_init_fp_trap_1                  0x00000157   Thumb Code     0  libinit2.o(.ARM.Collect$$libinit$$0000001B)
    __rt_lib_init_getenv_1                   0x00000157   Thumb Code     0  libinit2.o(.ARM.Collect$$libinit$$0000001F)
    __rt_lib_init_heap_1                     0x00000157   Thumb Code     0  libinit2.o(.ARM.Collect$$libinit$$00000006)
    __rt_lib_init_lc_collate_1               0x00000157   Thumb Code     0  libinit2.o(.ARM.Collect$$libinit$$0000000D)
    __rt_lib_init_lc_ctype_1                 0x00000157   Thumb Code     0  libinit2.o(.ARM.Collect$$libinit$$0000000F)
    __rt_lib_init_lc_monetary_1              0x00000157   Thumb Code     0  libinit2.o(.ARM.Collect$$libinit$$00000011)
    __rt_lib_init_lc_numeric_1               0x00000157   Thumb Code     0  libinit2.o(.ARM.Collect$$libinit$$00000013)
    __rt_lib_init_lc_time_1                  0x00000157   Thumb Code     0  libinit2.o(.ARM.Collect$$libinit$$00000015)
    __rt_lib_init_rand_1                     0x00000157   Thumb Code     0  libinit2.o(.ARM.Collect$$libinit$$0000000A)
    __rt_lib_init_return                     0x00000157   Thumb Code     0  libinit2.o(.ARM.Collect$$libinit$$0000002F)
    __rt_lib_init_signal_1                   0x00000157   Thumb Code     0  libinit2.o(.ARM.Collect$$libinit$$00000019)
    __rt_lib_init_stdio_1                    0x00000157   Thumb Code     0  libinit2.o(.ARM.Collect$$libinit$$00000021)
    __rt_lib_init_user_alloc_1               0x00000157   Thumb Code     0  libinit2.o(.ARM.Collect$$libinit$$00000008)
    __rt_lib_shutdown                        0x00000159   Thumb Code     0  libshutdown.o(.ARM.Collect$$libshutdown$$00000000)
    __rt_lib_shutdown_fp_trap_1              0x0000015b   Thumb Code     0  libshutdown2.o(.ARM.Collect$$libshutdown$$00000006)
    __rt_lib_shutdown_heap_1                 0x0000015b   Thumb Code     0  libshutdown2.o(.ARM.Collect$$libshutdown$$0000000E)
    __rt_lib_shutdown_return                 0x0000015b   Thumb Code     0  libshutdown2.o(.ARM.Collect$$libshutdown$$0000000F)
    __rt_lib_shutdown_signal_1               0x0000015b   Thumb Code     0  libshutdown2.o(.ARM.Collect$$libshutdown$$00000009)
    __rt_lib_shutdown_stdio_1                0x0000015b   Thumb Code     0  libshutdown2.o(.ARM.Collect$$libshutdown$$00000003)
    __rt_lib_shutdown_user_alloc_1           0x0000015b   Thumb Code     0  libshutdown2.o(.ARM.Collect$$libshutdown$$0000000B)
    __rt_entry                               0x0000015d   Thumb Code     0  rtentry.o(.ARM.Collect$$rtentry$$00000000)
    __rt_entry_presh_1                       0x0000015d   Thumb Code     0  rtentry2.o(.ARM.Collect$$rtentry$$00000002)
    __rt_entry_sh                            0x0000015d   Thumb Code     0  rtentry4.o(.ARM.Collect$$rtentry$$00000004)
    __rt_entry_li                            0x00000163   Thumb Code     0  rtentry2.o(.ARM.Collect$$rtentry$$0000000A)
    __rt_entry_postsh_1                      0x00000163   Thumb Code     0  rtentry2.o(.ARM.Collect$$rtentry$$00000009)
    __rt_entry_main                          0x00000167   Thumb Code     0  rtentry2.o(.ARM.Collect$$rtentry$$0000000D)
    __rt_entry_postli_1                      0x00000167   Thumb Code     0  rtentry2.o(.ARM.Collect$$rtentry$$0000000C)
    __rt_exit                                0x0000016f   Thumb Code     0  rtexit.o(.ARM.Collect$$rtexit$$00000000)
    __rt_exit_ls                             0x00000171   Thumb Code     0  rtexit2.o(.ARM.Collect$$rtexit$$00000003)
    __rt_exit_prels_1                        0x00000171   Thumb Code     0  rtexit2.o(.ARM.Collect$$rtexit$$00000002)
    __rt_exit_exit                           0x00000175   Thumb Code     0  rtexit2.o(.ARM.Collect$$rtexit$$00000004)
    __rte                                    0x0000017d   Thumb Code     6  hal.o(.emb_text)
    SVC_Handler                              0x00000183   Thumb Code    36  hal.o(.emb_text)
    Reset_Handler                            0x000001a9   Thumb Code     4  startup_lpc17xx.o(.text)
    NMI_Handler                              0x000001ad   Thumb Code     2  startup_lpc17xx.o(.text)
    HardFault_Handler                        0x000001af   Thumb Code     2  startup_lpc17xx.o(.text)
    MemManage_Handler                        0x000001b1   Thumb Code     2  startup_lpc17xx.o(.text)
    BusFault_Handler                         0x000001b3   Thumb Code     2  startup_lpc17xx.o(.text)
    UsageFault_Handler                       0x000001b5   Thumb Code     2  startup_lpc17xx.o(.text)
    DebugMon_Handler                         0x000001b9   Thumb Code     2  startup_lpc17xx.o(.text)
    PendSV_Handler                           0x000001bb   Thumb Code     2  startup_lpc17xx.o(.text)
    SysTick_Handler                          0x000001bd   Thumb Code     2  startup_lpc17xx.o(.text)
    ADC_IRQHandler                           0x000001bf   Thumb Code     0  startup_lpc17xx.o(.text)
    BOD_IRQHandler                           0x000001bf   Thumb Code     0  startup_lpc17xx.o(.text)
    CANActivity_IRQHandler                   0x000001bf   Thumb Code     0  startup_lpc17xx.o(.text)
    CAN_IRQHandler                           0x000001bf   Thumb Code     0  startup_lpc17xx.o(.text)
    DMA_IRQHandler                           0x000001bf   Thumb Code     0  startup_lpc17xx.o(.text)
    EINT0_IRQHandler                         0x000001bf   Thumb Code     0  startup_lpc17xx.o(.text)
    EINT1_IRQHandler                         0x000001bf   Thumb Code     0  startup_lpc17xx.o(.text)
    EINT2_IRQHandler                         0x000001bf   Thumb Code     0  startup_lpc17xx.o(.text)
    EINT3_IRQHandler                         0x000001bf   Thumb Code     0  startup_lpc17xx.o(.text)
    ENET_IRQHandler                          0x000001bf   Thumb Code     0  startup_lpc17xx.o(.text)
    I2C0_IRQHandler                          0x000001bf   Thumb Code     0  startup_lpc17xx.o(.text)
    I2C1_IRQHandler                          0x000001bf   Thumb Code     0  startup_lpc17xx.o(.text)
    I2C2_IRQHandler                          0x000001bf   Thumb Code     0  startup_lpc17xx.o(.text)
    I2S_IRQHandler                           0x000001bf   Thumb Code     0  startup_lpc17xx.o(.text)
    MCPWM_IRQHandler                         0x000001bf   Thumb Code     0  startup_lpc17xx.o(.text)
    PLL0_IRQHandler                          0x000001bf   Thumb Code     0  startup_lpc17xx.o(.text)
    PLL1_IRQHandler                          0x000001bf   Thumb Code     0  startup_lpc17xx.o(.text)
    PWM1_IRQHandler                          0x000001bf   Thumb Code     0  startup_lpc17xx.o(.text)
    QEI_IRQHandler                           0x000001bf   Thumb Code     0  startup_lpc17xx.o(.text)
    RIT_IRQHandler                           0x000001bf   Thumb Code     0  startup_lpc17xx.o(.text)
    RTC_IRQHandler                           0x000001bf   Thumb Code     0  startup_lpc17xx.o(.text)
    SPI_IRQHandler                           0x000001bf   Thumb Code     0  startup_lpc17xx.o(.text)
    SSP0_IRQHandler                          0x000001bf   Thumb Code     0  startup_lpc17xx.o(.text)
    SSP1_IRQHandler                          0x000001bf   Thumb Code     0  startup_lpc17xx.o(.text)
    TIMER0_IRQHandler                        0x000001bf   Thumb Code     0  startup_lpc17xx.o(.text)
    TIMER1_IRQHandler                        0x000001bf   Thumb Code     0  startup_lpc17xx.o(.text)
    TIMER2_IRQHandler                        0x000001bf   Thumb Code     0  startup_lpc17xx.o(.text)
    TIMER3_IRQHandler                        0x000001bf   Thumb Code     0  startup_lpc17xx.o(.text)
    UART0_IRQHandler                         0x000001bf   Thumb Code     0  startup_lpc17xx.o(.text)
    UART1_IRQHandler                         0x000001bf   Thumb Code     0  startup_lpc17xx.o(.text)
    UART2_IRQHandler                         0x000001bf   Thumb Code     0  startup_lpc17xx.o(.text)
    UART3_IRQHandler                         0x000001bf   Thumb Code     0  startup_lpc17xx.o(.text)
    USBActivity_IRQHandler                   0x000001bf   Thumb Code     0  startup_lpc17xx.o(.text)
    USB_IRQHandler                           0x000001bf   Thumb Code     0  startup_lpc17xx.o(.text)
    WDT_IRQHandler                           0x000001bf   Thumb Code     0  startup_lpc17xx.o(.text)
    __user_initial_stackheap                 0x000001c1   Thumb Code     0  startup_lpc17xx.o(.text)
    main                                     0x000001dd   Thumb Code    58  main_svc.o(.text)
    sendchar                                 0x0000021d   Thumb Code    28  retarget.o(.text)
    getkey                                   0x00000239   Thumb Code    10  retarget.o(.text)
    fputc                                    0x00000243   Thumb Code    14  retarget.o(.text)
    fgetc                                    0x00000251   Thumb Code    10  retarget.o(.text)
    ferror                                   0x0000025b   Thumb Code     8  retarget.o(.text)
    _ttywrch                                 0x00000263   Thumb Code    12  retarget.o(.text)
    _sys_exit                                0x0000026f   Thumb Code     4  retarget.o(.text)
    __I$use$semihosting                      0x00000273   Thumb Code     0  use_no_semi.o(.text)
    __use_no_semihosting_swi                 0x00000273   Thumb Code     2  use_no_semi.o(.text)
    __2printf                                0x00000275   Thumb Code    20  noretval__2printf.o(.text)
    __printf                                 0x0000028d   Thumb Code   106  __printf.o(.text)
    __use_two_region_memory                  0x000002f7   Thumb Code     2  heapauxi.o(.text)
    __rt_heap_escrow$2region                 0x000002f9   Thumb Code     2  heapauxi.o(.text)
    __rt_heap_expand$2region                 0x000002fb   Thumb Code     2  heapauxi.o(.text)
    SystemInit                               0x00000301   Thumb Code   476  system_lpc17xx.o(.text)
    next_ready                               0x0000051d   Thumb Code    52  process.o(.text)
    remove_from_blocked                      0x00000551   Thumb Code    54  process.o(.text)
    move_to_ready                            0x00000587   Thumb Code    96  process.o(.text)
    print_ready                              0x000005e7   Thumb Code    26  process.o(.text)
    print_blocked                            0x00000601   Thumb Code    26  process.o(.text)
    remove_from_ready                        0x0000061b   Thumb Code    50  process.o(.text)
    move_to_blocked                          0x0000064d   Thumb Code   100  process.o(.text)
    scheduler                                0x000006b1   Thumb Code     8  process.o(.text)
    k_release_processor                      0x000006b9   Thumb Code   166  process.o(.text)
    mem_block_current_process                0x0000075f   Thumb Code    32  process.o(.text)
    remove_memory_blocks                     0x0000077f   Thumb Code    32  process.o(.text)
    is_process_blocked                       0x0000079f   Thumb Code    32  process.o(.text)
    process_init                             0x000007bf   Thumb Code   192  process.o(.text)
    k_set_process_priority                   0x0000087f   Thumb Code    44  process.o(.text)
    k_get_process_priority                   0x000008ab   Thumb Code    30  process.o(.text)
    uart_init                                0x0000094d   Thumb Code    94  uart_polling.o(.text)
    uart_get_char                            0x000009ab   Thumb Code    36  uart_polling.o(.text)
    uart_put_char                            0x000009cf   Thumb Code    38  uart_polling.o(.text)
    uart_put_string                          0x000009f5   Thumb Code    38  uart_polling.o(.text)
    proc0                                    0x00000a29   Thumb Code    10  usr_proc.o(.text)
    proc1                                    0x00000a33   Thumb Code    16  usr_proc.o(.text)
    proc2                                    0x00000a43   Thumb Code    46  usr_proc.o(.text)
    proc3                                    0x00000a71   Thumb Code    54  usr_proc.o(.text)
    proc4                                    0x00000aa7   Thumb Code    46  usr_proc.o(.text)
    proc5                                    0x00000ad5   Thumb Code    38  usr_proc.o(.text)
    proc6                                    0x00000afb   Thumb Code   234  usr_proc.o(.text)
    memory_init                              0x00000ca9   Thumb Code    22  memory.o(.text)
    k_request_memory_block                   0x00000cbf   Thumb Code    64  memory.o(.text)
    request_proc_stack                       0x00000cff   Thumb Code    18  memory.o(.text)
    k_release_memory_block                   0x00000d11   Thumb Code    30  memory.o(.text)
    _printf_int_dec                          0x00000d55   Thumb Code   102  _printf_dec.o(.text)
    _printf_int_hex                          0x00000dcd   Thumb Code    88  _printf_hex_int.o(.text)
    _printf_longlong_hex                     0x00000dcd   Thumb Code     0  _printf_hex_int.o(.text)
    __aeabi_memcpy4                          0x00000e29   Thumb Code     0  rt_memcpy_w.o(.text)
    __aeabi_memcpy8                          0x00000e29   Thumb Code     0  rt_memcpy_w.o(.text)
    __rt_memcpy_w                            0x00000e29   Thumb Code   100  rt_memcpy_w.o(.text)
    _memcpy_lastbytes_aligned                0x00000e71   Thumb Code     0  rt_memcpy_w.o(.text)
    _printf_int_common                       0x00000e8d   Thumb Code   184  _printf_intcommon.o(.text)
    _printf_char_file                        0x00000f45   Thumb Code    32  _printf_char_file.o(.text)
    _printf_char_common                      0x00000f73   Thumb Code    32  _printf_char_common.o(.text)
    __user_setup_stackheap                   0x00000f99   Thumb Code    74  sys_stackheap_outer.o(.text)
    exit                                     0x00000fe3   Thumb Code    12  exit.o(.text)
    __user_libspace                          0x00000ff1   Thumb Code     8  libspace.o(.text)
    __user_perproc_libspace                  0x00000ff1   Thumb Code     0  libspace.o(.text)
    __user_perthread_libspace                0x00000ff1   Thumb Code     0  libspace.o(.text)
    __rt_fp_status_addr                      0x00000ff9   Thumb Code     8  rt_fp_status_addr_intlibspace.o(.text)
    _fp_init                                 0x00001001   Thumb Code    14  fpinit.o(x$fpl$fpinit)
    __fplib_config_pureend_doubles           0x0000100d   Thumb Code     0  fpinit.o(x$fpl$fpinit)
    Region$$Table$$Base                      0x00001038   Number         0  anon$$obj.o(Region$$Table)
    Region$$Table$$Limit                     0x00001058   Number         0  anon$$obj.o(Region$$Table)
    SystemFrequency                          0x10000000   Data           4  system_lpc17xx.o(.data)
    gp_current_process                       0x10000004   Data           4  process.o(.data)
    pcb_blockedQueue                         0x10000008   Data           4  process.o(.data)
    pcb_readyQueue                           0x1000000c   Data           4  process.o(.data)
    __stdout                                 0x10000010   Data           4  retarget.o(.data)
    __stdin                                  0x10000014   Data           4  retarget.o(.data)
    lastMemBlock                             0x10000018   Data           4  usr_proc.o(.data)
    currentMemoryAddress                     0x1000001c   Data           4  memory.o(.data)
    pstack                                   0x10000020   Data        3584  process.o(.bss)
    pcb                                      0x10000e20   Data         196  process.o(.bss)
    pcb_readyq                               0x10000ee4   Data          32  process.o(.bss)
    pcb_blockedq                             0x10000f04   Data          32  process.o(.bss)
    results                                  0x10000f24   Data          28  usr_proc.o(.bss)
    __libspace_start                         0x10000f4c   Data          96  libspace.o(.bss)
    __temporary_stack_top$libspace           0x10000fac   Data           0  libspace.o(.bss)
    Image$$RW_IRAM1$$ZI$$Limit               0x100011b0   Number         0  startup_lpc17xx.o(STACK)



==============================================================================

Memory Map of the image

  Image Entry point : 0x000000cd

  Load Region LR_IROM1 (Base: 0x00000000, Size: 0x00001078, Max: 0x00080000, ABSOLUTE)

    Execution Region ER_IROM1 (Base: 0x00000000, Size: 0x00001058, Max: 0x00080000, ABSOLUTE)

    Base Addr    Size         Type   Attr      Idx    E Section Name        Object

    0x00000000   0x000000cc   Data   RO            3    RESET               startup_lpc17xx.o
    0x000000cc   0x00000008   Code   RO          258  * !!!main             c_w.l(__main.o)
    0x000000d4   0x00000034   Code   RO          418    !!!scatter          c_w.l(__scatter.o)
    0x00000108   0x0000001a   Code   RO          420    !!handler_copy      c_w.l(__scatter_copy.o)
    0x00000122   0x00000002   PAD
    0x00000124   0x0000001c   Code   RO          422    !!handler_zi        c_w.l(__scatter_zi.o)
    0x00000140   0x00000000   Code   RO          253    .ARM.Collect$$_printf_percent$$00000000  c_w.l(_printf_percent.o)
    0x00000140   0x00000006   Code   RO          252    .ARM.Collect$$_printf_percent$$00000009  c_w.l(_printf_d.o)
    0x00000146   0x00000006   Code   RO          251    .ARM.Collect$$_printf_percent$$0000000C  c_w.l(_printf_x.o)
    0x0000014c   0x00000004   Code   RO          265    .ARM.Collect$$_printf_percent$$00000017  c_w.l(_printf_percent_end.o)
    0x00000150   0x00000006   Code   RO          294    .ARM.Collect$$libinit$$00000000  c_w.l(libinit.o)
    0x00000156   0x00000000   Code   RO          302    .ARM.Collect$$libinit$$00000006  c_w.l(libinit2.o)
    0x00000156   0x00000000   Code   RO          304    .ARM.Collect$$libinit$$00000008  c_w.l(libinit2.o)
    0x00000156   0x00000000   Code   RO          306    .ARM.Collect$$libinit$$0000000A  c_w.l(libinit2.o)
    0x00000156   0x00000000   Code   RO          309    .ARM.Collect$$libinit$$0000000D  c_w.l(libinit2.o)
    0x00000156   0x00000000   Code   RO          311    .ARM.Collect$$libinit$$0000000F  c_w.l(libinit2.o)
    0x00000156   0x00000000   Code   RO          313    .ARM.Collect$$libinit$$00000011  c_w.l(libinit2.o)
    0x00000156   0x00000000   Code   RO          315    .ARM.Collect$$libinit$$00000013  c_w.l(libinit2.o)
    0x00000156   0x00000000   Code   RO          317    .ARM.Collect$$libinit$$00000015  c_w.l(libinit2.o)
    0x00000156   0x00000000   Code   RO          319    .ARM.Collect$$libinit$$00000017  c_w.l(libinit2.o)
    0x00000156   0x00000000   Code   RO          321    .ARM.Collect$$libinit$$00000019  c_w.l(libinit2.o)
    0x00000156   0x00000000   Code   RO          323    .ARM.Collect$$libinit$$0000001B  c_w.l(libinit2.o)
    0x00000156   0x00000000   Code   RO          325    .ARM.Collect$$libinit$$0000001D  c_w.l(libinit2.o)
    0x00000156   0x00000000   Code   RO          327    .ARM.Collect$$libinit$$0000001F  c_w.l(libinit2.o)
    0x00000156   0x00000000   Code   RO          329    .ARM.Collect$$libinit$$00000021  c_w.l(libinit2.o)
    0x00000156   0x00000000   Code   RO          333    .ARM.Collect$$libinit$$00000028  c_w.l(libinit2.o)
    0x00000156   0x00000000   Code   RO          335    .ARM.Collect$$libinit$$0000002A  c_w.l(libinit2.o)
    0x00000156   0x00000000   Code   RO          337    .ARM.Collect$$libinit$$0000002C  c_w.l(libinit2.o)
    0x00000156   0x00000000   Code   RO          339    .ARM.Collect$$libinit$$0000002E  c_w.l(libinit2.o)
    0x00000156   0x00000002   Code   RO          340    .ARM.Collect$$libinit$$0000002F  c_w.l(libinit2.o)
    0x00000158   0x00000002   Code   RO          363    .ARM.Collect$$libshutdown$$00000000  c_w.l(libshutdown.o)
    0x0000015a   0x00000000   Code   RO          374    .ARM.Collect$$libshutdown$$00000003  c_w.l(libshutdown2.o)
    0x0000015a   0x00000000   Code   RO          377    .ARM.Collect$$libshutdown$$00000006  c_w.l(libshutdown2.o)
    0x0000015a   0x00000000   Code   RO          380    .ARM.Collect$$libshutdown$$00000009  c_w.l(libshutdown2.o)
    0x0000015a   0x00000000   Code   RO          382    .ARM.Collect$$libshutdown$$0000000B  c_w.l(libshutdown2.o)
    0x0000015a   0x00000000   Code   RO          385    .ARM.Collect$$libshutdown$$0000000E  c_w.l(libshutdown2.o)
    0x0000015a   0x00000002   Code   RO          386    .ARM.Collect$$libshutdown$$0000000F  c_w.l(libshutdown2.o)
    0x0000015c   0x00000000   Code   RO          260    .ARM.Collect$$rtentry$$00000000  c_w.l(rtentry.o)
    0x0000015c   0x00000000   Code   RO          267    .ARM.Collect$$rtentry$$00000002  c_w.l(rtentry2.o)
    0x0000015c   0x00000006   Code   RO          279    .ARM.Collect$$rtentry$$00000004  c_w.l(rtentry4.o)
    0x00000162   0x00000000   Code   RO          269    .ARM.Collect$$rtentry$$00000009  c_w.l(rtentry2.o)
    0x00000162   0x00000004   Code   RO          270    .ARM.Collect$$rtentry$$0000000A  c_w.l(rtentry2.o)
    0x00000166   0x00000000   Code   RO          272    .ARM.Collect$$rtentry$$0000000C  c_w.l(rtentry2.o)
    0x00000166   0x00000008   Code   RO          273    .ARM.Collect$$rtentry$$0000000D  c_w.l(rtentry2.o)
    0x0000016e   0x00000002   Code   RO          298    .ARM.Collect$$rtexit$$00000000  c_w.l(rtexit.o)
    0x00000170   0x00000000   Code   RO          344    .ARM.Collect$$rtexit$$00000002  c_w.l(rtexit2.o)
    0x00000170   0x00000004   Code   RO          345    .ARM.Collect$$rtexit$$00000003  c_w.l(rtexit2.o)
    0x00000174   0x00000006   Code   RO          346    .ARM.Collect$$rtexit$$00000004  c_w.l(rtexit2.o)
    0x0000017a   0x00000002   PAD
    0x0000017c   0x0000002a   Code   RO           57    .emb_text           hal.o
    0x000001a6   0x00000002   PAD
    0x000001a8   0x00000034   Code   RO            5    .text               startup_lpc17xx.o
    0x000001dc   0x00000040   Code   RO           66    .text               main_svc.o
    0x0000021c   0x00000056   Code   RO          123    .text               retarget.o
    0x00000272   0x00000002   Code   RO          200    .text               c_w.l(use_no_semi.o)
    0x00000274   0x00000018   Code   RO          204    .text               c_w.l(noretval__2printf.o)
    0x0000028c   0x0000006a   Code   RO          206    .text               c_w.l(__printf.o)
    0x000002f6   0x00000006   Code   RO          256    .text               c_w.l(heapauxi.o)
    0x000002fc   0x00000004   Code   RO            4    .ARM.__at_0x02FC    startup_lpc17xx.o
    0x00000300   0x0000021c   Code   RO           15    .text               system_lpc17xx.o
    0x0000051c   0x00000430   Code   RO           95    .text               process.o
    0x0000094c   0x000000dc   Code   RO          147    .text               uart_polling.o
    0x00000a28   0x00000280   Code   RO          165    .text               usr_proc.o
    0x00000ca8   0x000000ac   Code   RO          181    .text               memory.o
    0x00000d54   0x00000078   Code   RO          208    .text               c_w.l(_printf_dec.o)
    0x00000dcc   0x0000005c   Code   RO          213    .text               c_w.l(_printf_hex_int.o)
    0x00000e28   0x00000064   Code   RO          254    .text               c_w.l(rt_memcpy_w.o)
    0x00000e8c   0x000000b8   Code   RO          261    .text               c_w.l(_printf_intcommon.o)
    0x00000f44   0x00000024   Code   RO          263    .text               c_w.l(_printf_char_file.o)
    0x00000f68   0x00000030   Code   RO          281    .text               c_w.l(_printf_char_common.o)
    0x00000f98   0x0000004a   Code   RO          283    .text               c_w.l(sys_stackheap_outer.o)
    0x00000fe2   0x0000000c   Code   RO          287    .text               c_w.l(exit.o)
    0x00000fee   0x00000002   PAD
    0x00000ff0   0x00000008   Code   RO          295    .text               c_w.l(libspace.o)
    0x00000ff8   0x00000008   Code   RO          353    .text               c_w.l(rt_fp_status_addr_intlibspace.o)
    0x00001000   0x0000000e   Code   RO          341    x$fpl$fpinit        fz_ws.l(fpinit.o)
    0x0000100e   0x00000028   Data   RO          214    .constdata          c_w.l(_printf_hex_int.o)
    0x00001036   0x00000002   PAD
    0x00001038   0x00000020   Data   RO          416    Region$$Table       anon$$obj.o


    Execution Region RW_IRAM1 (Base: 0x10000000, Size: 0x000011b0, Max: 0x00008000, ABSOLUTE)

    Base Addr    Size         Type   Attr      Idx    E Section Name        Object

    0x10000000   0x00000004   Data   RW           16    .data               system_lpc17xx.o
    0x10000004   0x0000000c   Data   RW           97    .data               process.o
    0x10000010   0x00000008   Data   RW          124    .data               retarget.o
    0x10000018   0x00000004   Data   RW          167    .data               usr_proc.o
    0x1000001c   0x00000004   Data   RW          183    .data               memory.o
    0x10000020   0x00000f04   Zero   RW           96    .bss                process.o
    0x10000f24   0x0000001c   Zero   RW          166    .bss                usr_proc.o
    0x10000f40   0x0000000c   Zero   RW          182    .bss                memory.o
    0x10000f4c   0x00000060   Zero   RW          296    .bss                c_w.l(libspace.o)
    0x10000fac   0x00000004   PAD
    0x10000fb0   0x00000000   Zero   RW            2    HEAP                startup_lpc17xx.o
    0x10000fb0   0x00000200   Zero   RW            1    STACK               startup_lpc17xx.o


==============================================================================

Image component sizes


      Code (inc. data)   RO Data    RW Data    ZI Data      Debug   Object Name

        42          0          0          0          0        348   hal.o
        64          6          0          0          0       1851   main_svc.o
       172         38          0          4         12       1755   memory.o
      1072        132          0         12       3844       7190   process.o
        86          0          0          8          0       2954   retarget.o
        56         22        204          0        512        852   startup_lpc17xx.o
       540         64          0          4          0      21439   system_lpc17xx.o
       220         14          0          0          0       1716   uart_polling.o
       640        196          0          4         28       1855   usr_proc.o

    ----------------------------------------------------------------------
      2894        472        236         32       4396      39960   Object Totals
         0          0         32          0          0          0   (incl. Generated)
         2          0          0          0          0          0   (incl. Padding)

    ----------------------------------------------------------------------

      Code (inc. data)   RO Data    RW Data    ZI Data      Debug   Library Member Name

         8          0          0          0          0         68   __main.o
       106          0          0          0          0         84   __printf.o
        52          8          0          0          0          0   __scatter.o
        26          0          0          0          0          0   __scatter_copy.o
        28          0          0          0          0          0   __scatter_zi.o
        48          6          0          0          0         96   _printf_char_common.o
        36          4          0          0          0         80   _printf_char_file.o
         6          0          0          0          0          0   _printf_d.o
       120         18          0          0          0         92   _printf_dec.o
        92          4         40          0          0         88   _printf_hex_int.o
       184          0          0          0          0         88   _printf_intcommon.o
         0          0          0          0          0          0   _printf_percent.o
         4          0          0          0          0          0   _printf_percent_end.o
         6          0          0          0          0          0   _printf_x.o
        12          0          0          0          0         72   exit.o
         6          0          0          0          0        152   heapauxi.o
         6          0          0          0          0          0   libinit.o
         2          0          0          0          0          0   libinit2.o
         2          0          0          0          0          0   libshutdown.o
         2          0          0          0          0          0   libshutdown2.o
         8          4          0          0         96         68   libspace.o
        24          4          0          0          0         84   noretval__2printf.o
         8          4          0          0          0         68   rt_fp_status_addr_intlibspace.o
       100          0          0          0          0         80   rt_memcpy_w.o
         0          0          0          0          0          0   rtentry.o
        12          0          0          0          0          0   rtentry2.o
         6          0          0          0          0          0   rtentry4.o
         2          0          0          0          0          0   rtexit.o
        10          0          0          0          0          0   rtexit2.o
        74          0          0          0          0         80   sys_stackheap_outer.o
         2          0          0          0          0         68   use_no_semi.o
        14          0          0          0          0         76   fpinit.o

    ----------------------------------------------------------------------
      1012         52         42          0        100       1344   Library Totals
         6          0          2          0          4          0   (incl. Padding)

    ----------------------------------------------------------------------

      Code (inc. data)   RO Data    RW Data    ZI Data      Debug   Library Name

       992         52         40          0         96       1268   c_w.l
        14          0          0          0          0         76   fz_ws.l

    ----------------------------------------------------------------------
      1012         52         42          0        100       1344   Library Totals

    ----------------------------------------------------------------------

==============================================================================


      Code (inc. data)   RO Data    RW Data    ZI Data      Debug   

      3906        524        278         32       4496      39952   Grand Totals
      3906        524        278         32       4496      39952   ELF Image Totals
      3906        524        278         32          0          0   ROM Totals

==============================================================================

    Total RO  Size (Code + RO Data)                 4184 (   4.09kB)
    Total RW  Size (RW Data + ZI Data)              4528 (   4.42kB)
    Total ROM Size (Code + RO Data + RW Data)       4216 (   4.12kB)

==============================================================================

