<html>
<body>
<pre>
<h1>µVision Build Log</h1>
<h2>Project:</h2>
P:\code\non_cvs\se350w12\manual_code\ContextSwitch2\ContextSwitch2.uvproj
Project File Date:  01/18/2012

<h2>Output:</h2>
Build target 'ContextSwitch2 SIM'
assembling startup_LPC17xx.s...
compiling system_LPC17xx.c...
compiling HAL.c...
compiling main_svc.c...
compiling process.c...
compiling Retarget.c...
compiling rtx.c...
compiling uart_polling.c...
compiling usr_proc.c...
linking...
ContextSwitch2.axf: Error: L6200E: Symbol k_release_processor multiply defined (by rtx.o and process.o).
Target not created
Build target 'ContextSwitch2 SIM'
assembling startup_LPC17xx.s...
compiling system_LPC17xx.c...
compiling HAL.c...
compiling main_svc.c...
compiling process.c...
compiling Retarget.c...
compiling uart_polling.c...
compiling usr_proc.c...
linking...
Program Size: Code=1920 RO-data=236 RW-data=8 ZI-data=4728  
"ContextSwitch2.axf" - 0 Error(s), 0 Warning(s).
Build target 'ContextSwitch2 SIM'
assembling startup_LPC17xx.s...
compiling system_LPC17xx.c...
compiling HAL.c...
compiling main_svc.c...
compiling process.c...
compiling Retarget.c...
compiling uart_polling.c...
compiling usr_proc.c...
linking...
Program Size: Code=1884 RO-data=236 RW-data=8 ZI-data=4728  
"ContextSwitch2.axf" - 0 Error(s), 0 Warning(s).
Build target 'ContextSwitch2 SIM'
assembling startup_LPC17xx.s...
compiling system_LPC17xx.c...
compiling HAL.c...
compiling main_svc.c...
compiling process.c...
compiling Retarget.c...
compiling uart_polling.c...
compiling usr_proc.c...
linking...
Program Size: Code=1884 RO-data=236 RW-data=8 ZI-data=4728  
"ContextSwitch2.axf" - 0 Error(s), 0 Warning(s).
Build target 'ContextSwitch2 SIM'
assembling startup_LPC17xx.s...
compiling system_LPC17xx.c...
compiling HAL.c...
compiling main_svc.c...
compiling process.c...
compiling Retarget.c...
compiling uart_polling.c...
compiling usr_proc.c...
linking...
Program Size: Code=1884 RO-data=236 RW-data=8 ZI-data=4728  
"ContextSwitch2.axf" - 0 Error(s), 0 Warning(s).
Build target 'ContextSwitch2 SIM'
assembling startup_LPC17xx.s...
compiling system_LPC17xx.c...
compiling HAL.c...
compiling main_svc.c...
compiling process.c...
compiling Retarget.c...
compiling uart_polling.c...
compiling usr_proc.c...
linking...
Program Size: Code=1884 RO-data=236 RW-data=8 ZI-data=2680  
"ContextSwitch2.axf" - 0 Error(s), 0 Warning(s).
Build target 'ContextSwitch2 SIM'
assembling startup_LPC17xx.s...
compiling system_LPC17xx.c...
compiling HAL.c...
compiling main_svc.c...
compiling process.c...
compiling Retarget.c...
compiling uart_polling.c...
compiling usr_proc.c...
linking...
Program Size: Code=1884 RO-data=236 RW-data=8 ZI-data=2680  
"ContextSwitch2.axf" - 0 Error(s), 0 Warning(s).
Build target 'ContextSwitch2 SIM'
assembling startup_LPC17xx.s...
compiling system_LPC17xx.c...
compiling HAL.c...
compiling main_svc.c...
compiling process.c...
compiling Retarget.c...
compiling uart_polling.c...
compiling usr_proc.c...
linking...
Program Size: Code=1884 RO-data=236 RW-data=8 ZI-data=1656  
"ContextSwitch2.axf" - 0 Error(s), 0 Warning(s).
Build target 'ContextSwitch2 SIM'
assembling startup_LPC17xx.s...
compiling system_LPC17xx.c...
compiling HAL.c...
compiling main_svc.c...
compiling process.c...
src\process.c(47): warning:  #513-D: a value of type "volatile uint32_t *" cannot be assigned to an entity of type "uint32_t *"
src\process.c(65): warning:  #513-D: a value of type "volatile uint32_t *" cannot be assigned to an entity of type "uint32_t *"
compiling Retarget.c...
compiling uart_polling.c...
compiling usr_proc.c...
linking...
Program Size: Code=1884 RO-data=236 RW-data=8 ZI-data=1656  
"ContextSwitch2.axf" - 0 Error(s), 2 Warning(s).
Build target 'ContextSwitch2 SIM'
assembling startup_LPC17xx.s...
compiling system_LPC17xx.c...
compiling HAL.c...
compiling main_svc.c...
compiling process.c...
compiling Retarget.c...
compiling uart_polling.c...
compiling usr_proc.c...
linking...
Program Size: Code=1884 RO-data=236 RW-data=8 ZI-data=1656  
"ContextSwitch2.axf" - 0 Error(s), 0 Warning(s).
Build target 'ContextSwitch2 SIM'
assembling startup_LPC17xx.s...
compiling system_LPC17xx.c...
compiling HAL.c...
compiling main_svc.c...
compiling process.c...
compiling Retarget.c...
compiling uart_polling.c...
compiling usr_proc.c...
linking...
Program Size: Code=1884 RO-data=236 RW-data=8 ZI-data=1656  
"ContextSwitch2.axf" - 0 Error(s), 0 Warning(s).
Build target 'ContextSwitch2 SIM'
assembling startup_LPC17xx.s...
compiling system_LPC17xx.c...
compiling HAL.c...
compiling main_svc.c...
compiling process.c...
compiling Retarget.c...
compiling uart_polling.c...
compiling usr_proc.c...
linking...
Program Size: Code=1884 RO-data=236 RW-data=8 ZI-data=1656  
"ContextSwitch2.axf" - 0 Error(s), 0 Warning(s).
Build target 'ContextSwitch2 SIM'
assembling startup_LPC17xx.s...
compiling system_LPC17xx.c...
compiling HAL.c...
compiling main_svc.c...
compiling process.c...
compiling Retarget.c...
compiling uart_polling.c...
compiling usr_proc.c...
linking...
Program Size: Code=1884 RO-data=236 RW-data=8 ZI-data=1656  
"ContextSwitch2.axf" - 0 Error(s), 0 Warning(s).
Load "P:\\code\\non_cvs\\se350w12\\manual_code\\ContextSwitch2\\ContextSwitch2.AXF" 
Erase Done.
Programming Done.
Verify OK.
Build target 'ContextSwitch2 RAM'
assembling startup_LPC17xx.s...
compiling system_LPC17xx.c...
compiling HAL.c...
compiling main_svc.c...
compiling process.c...
compiling Retarget.c...
compiling uart_polling.c...
compiling usr_proc.c...
linking...
Program Size: Code=1884 RO-data=236 RW-data=8 ZI-data=1656  
".\RAM\ContextSwitch2.axf" - 0 Error(s), 0 Warning(s).
Load "P:\\code\\non_cvs\\se350w12\\manual_code\\ContextSwitch2\\RAM\\ContextSwitch2.AXF" 
No Algorithm found for: 10000000H - 1000084BH
Partial Erase Done (areas with no algorithms skipped!)
No Algorithm found for: 10000000H - 1000084BH
Partial Programming Done (areas with no algorithms skipped!)
Partial Verify OK (areas with no algorithms skipped!)
Build target 'ContextSwitch2 RAM'
assembling startup_LPC17xx.s...
compiling system_LPC17xx.c...
compiling HAL.c...
compiling main_svc.c...
compiling process.c...
compiling Retarget.c...
compiling uart_polling.c...
compiling usr_proc.c...
linking...
Program Size: Code=2464 RO-data=236 RW-data=16 ZI-data=4728  
".\RAM\ContextSwitch2.axf" - 0 Error(s), 0 Warning(s).
Load "P:\\code\\non_cvs\\se350w12\\manual_code\\ContextSwitch2\\RAM\\ContextSwitch2.AXF" 
No Algorithm found for: 10000000H - 10000A9BH
Erase skipped!
Load "P:\\code\\non_cvs\\se350w12\\manual_code\\ContextSwitch2\\RAM\\ContextSwitch2.AXF" 
No Algorithm found for: 10000000H - 10000A9BH
Erase skipped!
Build target 'ContextSwitch2 RAM'
assembling startup_LPC17xx.s...
compiling system_LPC17xx.c...
compiling HAL.c...
compiling main_svc.c...
compiling process.c...
compiling Retarget.c...
compiling uart_polling.c...
compiling usr_proc.c...
linking...
Program Size: Code=2468 RO-data=236 RW-data=16 ZI-data=4728  
".\RAM\ContextSwitch2.axf" - 0 Error(s), 0 Warning(s).
Load "P:\\code\\non_cvs\\se350w12\\manual_code\\ContextSwitch2\\RAM\\ContextSwitch2.AXF" 
No Algorithm found for: 10000000H - 10000A9BH
Partial Erase Done (areas with no algorithms skipped!)
No Algorithm found for: 10000000H - 10000A9BH
Partial Programming Done (areas with no algorithms skipped!)
Partial Verify OK (areas with no algorithms skipped!)
Build target 'ContextSwitch2 RAM'
assembling startup_LPC17xx.s...
compiling system_LPC17xx.c...
compiling HAL.c...
compiling main_svc.c...
compiling process.c...
compiling Retarget.c...
compiling uart_polling.c...
compiling usr_proc.c...
linking...
Program Size: Code=2468 RO-data=236 RW-data=16 ZI-data=4728  
".\RAM\ContextSwitch2.axf" - 0 Error(s), 0 Warning(s).
Build target 'ContextSwitch2 RAM'
assembling startup_LPC17xx.s...
compiling system_LPC17xx.c...
compiling HAL.c...
compiling main_svc.c...
compiling process.c...
compiling Retarget.c...
compiling uart_polling.c...
compiling usr_proc.c...
linking...
Program Size: Code=2468 RO-data=236 RW-data=16 ZI-data=4728  
".\RAM\ContextSwitch2.axf" - 0 Error(s), 0 Warning(s).
Load "P:\\code\\non_cvs\\se350w12\\manual_code\\ContextSwitch2\\RAM\\ContextSwitch2.AXF" 
No Algorithm found for: 10000000H - 10000A9BH
Partial Erase Done (areas with no algorithms skipped!)
No Algorithm found for: 10000000H - 10000A9BH
Partial Programming Done (areas with no algorithms skipped!)
Partial Verify OK (areas with no algorithms skipped!)
Build target 'ContextSwitch2 RAM'
assembling startup_LPC17xx.s...
compiling system_LPC17xx.c...
compiling HAL.c...
compiling main_svc.c...
compiling process.c...
compiling Retarget.c...
compiling uart_polling.c...
compiling usr_proc.c...
linking...
Program Size: Code=2468 RO-data=236 RW-data=16 ZI-data=4728  
".\RAM\ContextSwitch2.axf" - 0 Error(s), 0 Warning(s).
Load "P:\\code\\non_cvs\\se350w12\\manual_code\\ContextSwitch2\\RAM\\ContextSwitch2.AXF" 
No Algorithm found for: 10000000H - 10000A9BH
Partial Erase Done (areas with no algorithms skipped!)
No Algorithm found for: 10000000H - 10000A9BH
Partial Programming Done (areas with no algorithms skipped!)
Partial Verify OK (areas with no algorithms skipped!)
Build target 'ContextSwitch2 RAM'
assembling startup_LPC17xx.s...
compiling system_LPC17xx.c...
compiling HAL.c...
compiling main_svc.c...
compiling process.c...
compiling Retarget.c...
compiling uart_polling.c...
compiling usr_proc.c...
linking...
Program Size: Code=2468 RO-data=236 RW-data=16 ZI-data=4728  
".\RAM\ContextSwitch2.axf" - 0 Error(s), 0 Warning(s).
Build target 'ContextSwitch2 RAM'
assembling startup_LPC17xx.s...
compiling system_LPC17xx.c...
compiling HAL.c...
compiling main_svc.c...
compiling process.c...
src\process.c(142): warning:  #513-D: a value of type "volatile pcb_t *" cannot be assigned to an entity of type "pcb_t *"
src\process.c(147): warning:  #940-D: missing return statement at end of non-void function "k_release_processor"
compiling Retarget.c...
compiling uart_polling.c...
compiling usr_proc.c...
linking...
Program Size: Code=2476 RO-data=236 RW-data=16 ZI-data=4728  
".\RAM\ContextSwitch2.axf" - 0 Error(s), 2 Warning(s).
Build target 'ContextSwitch2 RAM'
assembling startup_LPC17xx.s...
compiling system_LPC17xx.c...
compiling HAL.c...
compiling main_svc.c...
compiling process.c...
src\process.c(141): warning:  #513-D: a value of type "volatile pcb_t *" cannot be assigned to an entity of type "pcb_t *"
compiling Retarget.c...
compiling uart_polling.c...
compiling usr_proc.c...
linking...
Program Size: Code=2472 RO-data=236 RW-data=16 ZI-data=4728  
".\RAM\ContextSwitch2.axf" - 0 Error(s), 1 Warning(s).
Build target 'ContextSwitch2 RAM'
assembling startup_LPC17xx.s...
compiling system_LPC17xx.c...
compiling HAL.c...
compiling main_svc.c...
compiling process.c...
compiling Retarget.c...
compiling uart_polling.c...
compiling usr_proc.c...
linking...
Program Size: Code=2472 RO-data=236 RW-data=16 ZI-data=4728  
".\RAM\ContextSwitch2.axf" - 0 Error(s), 0 Warning(s).
Load "P:\\code\\non_cvs\\se350w12\\manual_code\\ContextSwitch2\\RAM\\ContextSwitch2.AXF" 
No Algorithm found for: 10000000H - 10000A9FH
Partial Erase Done (areas with no algorithms skipped!)
No Algorithm found for: 10000000H - 10000A9FH
Partial Programming Done (areas with no algorithms skipped!)
Partial Verify OK (areas with no algorithms skipped!)
Build target 'ContextSwitch2 RAM'
assembling startup_LPC17xx.s...
compiling system_LPC17xx.c...
compiling HAL.c...
compiling main_svc.c...
compiling process.c...
compiling Retarget.c...
compiling uart_polling.c...
compiling usr_proc.c...
linking...
Program Size: Code=2472 RO-data=236 RW-data=16 ZI-data=4728  
".\RAM\ContextSwitch2.axf" - 0 Error(s), 0 Warning(s).
Build target 'ContextSwitch2 SIM'
assembling startup_LPC17xx.s...
compiling system_LPC17xx.c...
compiling HAL.c...
compiling main_svc.c...
compiling process.c...
compiling Retarget.c...
compiling uart_polling.c...
compiling usr_proc.c...
linking...
Program Size: Code=1888 RO-data=236 RW-data=8 ZI-data=1656  
"ContextSwitch2.axf" - 0 Error(s), 0 Warning(s).
Load "P:\\code\\non_cvs\\se350w12\\manual_code\\ContextSwitch2\\ContextSwitch2.AXF" 
Erase Done.
Programming Done.
Verify OK.
Clean started: Project: 'ContextSwitch2'
   deleting intermediate output files for target 'ContextSwitch2 SIM'
   deleting intermediate output files for target 'ContextSwitch2 RAM'
Build target 'ContextSwitch2 SIM'
assembling startup_LPC17xx.s...
compiling system_LPC17xx.c...
compiling HAL.c...
compiling main_svc.c...
compiling process.c...
compiling Retarget.c...
compiling uart_polling.c...
compiling usr_proc.c...
linking...
Program Size: Code=1888 RO-data=236 RW-data=8 ZI-data=1656  
".\FLASH\ContextSwitch2.axf" - 0 Error(s), 0 Warning(s).
Load "P:\\code\\non_cvs\\se350w12\\manual_code\\ContextSwitch2\\FLASH\\ContextSwitch2.AXF" 
Erase Done.
Programming Done.
Verify OK.
Build target 'ContextSwitch2 SIM'
assembling startup_LPC17xx.s...
compiling system_LPC17xx.c...
compiling HAL.c...
compiling main_svc.c...
compiling process.c...
compiling Retarget.c...
compiling uart_polling.c...
compiling usr_proc.c...
linking...
Program Size: Code=1888 RO-data=236 RW-data=8 ZI-data=1656  
".\FLASH\ContextSwitch2.axf" - 0 Error(s), 0 Warning(s).
