ARM Linker, 4.1 [Build 644] [Evaluation]

==============================================================================

Section Cross References

    startup_lpc17xx.o(STACK) refers (Special) to heapauxi.o(.text) for __use_two_region_memory
    startup_lpc17xx.o(HEAP) refers (Special) to heapauxi.o(.text) for __use_two_region_memory
    startup_lpc17xx.o(RESET) refers (Special) to heapauxi.o(.text) for __use_two_region_memory
    startup_lpc17xx.o(RESET) refers to startup_lpc17xx.o(STACK) for __initial_sp
    startup_lpc17xx.o(RESET) refers to startup_lpc17xx.o(.text) for Reset_Handler
    startup_lpc17xx.o(RESET) refers to hal.o(.emb_text) for SVC_Handler
    startup_lpc17xx.o(.ARM.__at_0x02FC) refers (Special) to heapauxi.o(.text) for __use_two_region_memory
    startup_lpc17xx.o(.text) refers (Special) to heapauxi.o(.text) for __use_two_region_memory
    startup_lpc17xx.o(.text) refers to __main.o(!!!main) for __main
    startup_lpc17xx.o(.text) refers to startup_lpc17xx.o(HEAP) for Heap_Mem
    startup_lpc17xx.o(.text) refers to startup_lpc17xx.o(STACK) for Stack_Mem
    system_lpc17xx.o(.text) refers to system_lpc17xx.o(.data) for SystemFrequency
    main_svc.o(.text) refers to system_lpc17xx.o(.text) for SystemInit
    main_svc.o(.text) refers to uart_polling.o(.text) for uart_init
    main_svc.o(.text) refers to process.o(.text) for process_init
    main_svc.o(.text) refers to memory.o(.text) for memory_init
    process.o(.text) refers to rt_memcpy_w.o(.text) for __aeabi_memcpy4
    process.o(.text) refers to hal.o(.emb_text) for __rte
    process.o(.text) refers to process.o(.bss) for pcb_readyq
    process.o(.text) refers to usr_proc.o(.text) for proc0
    process.o(.text) refers to process.o(.data) for gp_current_process
    retarget.o(.text) refers (Special) to use_no_semi.o(.text) for __use_no_semihosting_swi
    retarget.o(.text) refers to uart_polling.o(.text) for uart_put_char
    retarget.o(.data) refers (Special) to use_no_semi.o(.text) for __use_no_semihosting_swi
    usr_proc.o(.text) refers to process.o(.text) for k_get_process_priority
    usr_proc.o(.text) refers to uart_polling.o(.text) for uart_put_string
    usr_proc.o(.text) refers to memory.o(.text) for k_request_memory_block
    usr_proc.o(.text) refers to usr_proc.o(.bss) for results
    memory.o(.text) refers to memory.o(.data) for memoryBlocks
    __main.o(!!!main) refers to rtentry.o(.ARM.Collect$$rtentry$$00000000) for __rt_entry
    rtentry.o(.ARM.Collect$$rtentry$$00000000) refers (Special) to rtentry2.o(.ARM.Collect$$rtentry$$0000000A) for __rt_entry_li
    rtentry.o(.ARM.Collect$$rtentry$$00000000) refers (Special) to rtentry2.o(.ARM.Collect$$rtentry$$0000000D) for __rt_entry_main
    rtentry.o(.ARM.Collect$$rtentry$$00000000) refers (Special) to rtentry2.o(.ARM.Collect$$rtentry$$0000000C) for __rt_entry_postli_1
    rtentry.o(.ARM.Collect$$rtentry$$00000000) refers (Special) to rtentry2.o(.ARM.Collect$$rtentry$$00000009) for __rt_entry_postsh_1
    rtentry.o(.ARM.Collect$$rtentry$$00000000) refers (Special) to rtentry2.o(.ARM.Collect$$rtentry$$00000002) for __rt_entry_presh_1
    rtentry.o(.ARM.Collect$$rtentry$$00000000) refers (Special) to rtentry4.o(.ARM.Collect$$rtentry$$00000004) for __rt_entry_sh
    rtentry.o(.ARM.exidx) refers (Special) to rtentry2.o(.ARM.Collect$$rtentry$$0000000A) for __rt_entry_li
    rtentry.o(.ARM.exidx) refers (Special) to rtentry2.o(.ARM.Collect$$rtentry$$0000000D) for __rt_entry_main
    rtentry.o(.ARM.exidx) refers (Special) to rtentry2.o(.ARM.Collect$$rtentry$$0000000C) for __rt_entry_postli_1
    rtentry.o(.ARM.exidx) refers (Special) to rtentry2.o(.ARM.Collect$$rtentry$$00000009) for __rt_entry_postsh_1
    rtentry.o(.ARM.exidx) refers (Special) to rtentry2.o(.ARM.Collect$$rtentry$$00000002) for __rt_entry_presh_1
    rtentry.o(.ARM.exidx) refers (Special) to rtentry4.o(.ARM.Collect$$rtentry$$00000004) for __rt_entry_sh
    rtentry.o(.ARM.exidx) refers to rtentry.o(.ARM.Collect$$rtentry$$00000000) for .ARM.Collect$$rtentry$$00000000
    rtentry2.o(.ARM.Collect$$rtentry$$00000008) refers to boardinit2.o(.text) for _platform_post_stackheap_init
    rtentry2.o(.ARM.Collect$$rtentry$$0000000A) refers to libinit.o(.ARM.Collect$$libinit$$00000000) for __rt_lib_init
    rtentry2.o(.ARM.Collect$$rtentry$$0000000B) refers to boardinit3.o(.text) for _platform_post_lib_init
    rtentry2.o(.ARM.Collect$$rtentry$$0000000D) refers to main_svc.o(.text) for main
    rtentry2.o(.ARM.Collect$$rtentry$$0000000D) refers to exit.o(.text) for exit
    rtentry2.o(.ARM.exidx) refers to rtentry2.o(.ARM.Collect$$rtentry$$00000001) for .ARM.Collect$$rtentry$$00000001
    rtentry2.o(.ARM.exidx) refers to rtentry2.o(.ARM.Collect$$rtentry$$00000002) for .ARM.Collect$$rtentry$$00000002
    rtentry2.o(.ARM.exidx) refers to rtentry2.o(.ARM.Collect$$rtentry$$00000008) for .ARM.Collect$$rtentry$$00000008
    rtentry2.o(.ARM.exidx) refers to rtentry2.o(.ARM.Collect$$rtentry$$00000009) for .ARM.Collect$$rtentry$$00000009
    rtentry2.o(.ARM.exidx) refers to rtentry2.o(.ARM.Collect$$rtentry$$0000000A) for .ARM.Collect$$rtentry$$0000000A
    rtentry2.o(.ARM.exidx) refers to rtentry2.o(.ARM.Collect$$rtentry$$0000000B) for .ARM.Collect$$rtentry$$0000000B
    rtentry2.o(.ARM.exidx) refers to rtentry2.o(.ARM.Collect$$rtentry$$0000000C) for .ARM.Collect$$rtentry$$0000000C
    rtentry2.o(.ARM.exidx) refers to rtentry2.o(.ARM.Collect$$rtentry$$0000000D) for .ARM.Collect$$rtentry$$0000000D
    rtentry4.o(.ARM.Collect$$rtentry$$00000004) refers to sys_stackheap_outer.o(.text) for __user_setup_stackheap
    rtentry4.o(.ARM.exidx) refers to rtentry4.o(.ARM.Collect$$rtentry$$00000004) for .ARM.Collect$$rtentry$$00000004
    sys_stackheap_outer.o(.text) refers to libspace.o(.text) for __user_perproc_libspace
    sys_stackheap_outer.o(.text) refers to startup_lpc17xx.o(.text) for __user_initial_stackheap
    exit.o(.text) refers to rtexit.o(.ARM.Collect$$rtexit$$00000000) for __rt_exit
    libinit.o(.ARM.Collect$$libinit$$00000000) refers (Special) to libinit2.o(.ARM.Collect$$libinit$$0000002A) for __rt_lib_init_alloca_1
    libinit.o(.ARM.Collect$$libinit$$00000000) refers (Special) to libinit2.o(.ARM.Collect$$libinit$$00000028) for __rt_lib_init_argv_1
    libinit.o(.ARM.Collect$$libinit$$00000000) refers (Special) to libinit2.o(.ARM.Collect$$libinit$$00000017) for __rt_lib_init_atexit_1
    libinit.o(.ARM.Collect$$libinit$$00000000) refers (Special) to libinit2.o(.ARM.Collect$$libinit$$0000001D) for __rt_lib_init_clock_1
    libinit.o(.ARM.Collect$$libinit$$00000000) refers (Special) to libinit2.o(.ARM.Collect$$libinit$$0000002E) for __rt_lib_init_cpp_1
    libinit.o(.ARM.Collect$$libinit$$00000000) refers (Special) to libinit2.o(.ARM.Collect$$libinit$$0000002C) for __rt_lib_init_exceptions_1
    libinit.o(.ARM.Collect$$libinit$$00000000) refers (Special) to libinit2.o(.ARM.Collect$$libinit$$0000001B) for __rt_lib_init_fp_trap_1
    libinit.o(.ARM.Collect$$libinit$$00000000) refers (Special) to libinit2.o(.ARM.Collect$$libinit$$0000001F) for __rt_lib_init_getenv_1
    libinit.o(.ARM.Collect$$libinit$$00000000) refers (Special) to libinit2.o(.ARM.Collect$$libinit$$00000006) for __rt_lib_init_heap_1
    libinit.o(.ARM.Collect$$libinit$$00000000) refers (Special) to libinit2.o(.ARM.Collect$$libinit$$0000000D) for __rt_lib_init_lc_collate_1
    libinit.o(.ARM.Collect$$libinit$$00000000) refers (Special) to libinit2.o(.ARM.Collect$$libinit$$0000000F) for __rt_lib_init_lc_ctype_1
    libinit.o(.ARM.Collect$$libinit$$00000000) refers (Special) to libinit2.o(.ARM.Collect$$libinit$$00000011) for __rt_lib_init_lc_monetary_1
    libinit.o(.ARM.Collect$$libinit$$00000000) refers (Special) to libinit2.o(.ARM.Collect$$libinit$$00000013) for __rt_lib_init_lc_numeric_1
    libinit.o(.ARM.Collect$$libinit$$00000000) refers (Special) to libinit2.o(.ARM.Collect$$libinit$$00000015) for __rt_lib_init_lc_time_1
    libinit.o(.ARM.Collect$$libinit$$00000000) refers (Special) to libinit2.o(.ARM.Collect$$libinit$$0000000A) for __rt_lib_init_rand_1
    libinit.o(.ARM.Collect$$libinit$$00000000) refers (Special) to libinit2.o(.ARM.Collect$$libinit$$0000002F) for __rt_lib_init_return
    libinit.o(.ARM.Collect$$libinit$$00000000) refers (Special) to libinit2.o(.ARM.Collect$$libinit$$00000019) for __rt_lib_init_signal_1
    libinit.o(.ARM.Collect$$libinit$$00000000) refers (Special) to libinit2.o(.ARM.Collect$$libinit$$00000021) for __rt_lib_init_stdio_1
    libinit.o(.ARM.Collect$$libinit$$00000000) refers (Special) to libinit2.o(.ARM.Collect$$libinit$$00000008) for __rt_lib_init_user_alloc_1
    libinit.o(.ARM.Collect$$libinit$$00000000) refers to fpinit.o(x$fpl$fpinit) for _fp_init
    libspace.o(.text) refers to libspace.o(.bss) for __libspace_start
    rtexit.o(.ARM.Collect$$rtexit$$00000000) refers (Special) to rtexit2.o(.ARM.Collect$$rtexit$$00000004) for __rt_exit_exit
    rtexit.o(.ARM.Collect$$rtexit$$00000000) refers (Special) to rtexit2.o(.ARM.Collect$$rtexit$$00000003) for __rt_exit_ls
    rtexit.o(.ARM.Collect$$rtexit$$00000000) refers (Special) to rtexit2.o(.ARM.Collect$$rtexit$$00000002) for __rt_exit_prels_1
    rtexit.o(.ARM.exidx) refers (Special) to rtexit2.o(.ARM.Collect$$rtexit$$00000004) for __rt_exit_exit
    rtexit.o(.ARM.exidx) refers (Special) to rtexit2.o(.ARM.Collect$$rtexit$$00000003) for __rt_exit_ls
    rtexit.o(.ARM.exidx) refers (Special) to rtexit2.o(.ARM.Collect$$rtexit$$00000002) for __rt_exit_prels_1
    rtexit.o(.ARM.exidx) refers to rtexit.o(.ARM.Collect$$rtexit$$00000000) for .ARM.Collect$$rtexit$$00000000
    libinit2.o(.ARM.Collect$$libinit$$0000000C) refers to libinit2.o(.ARM.Collect$$libinit$$0000000B) for .ARM.Collect$$libinit$$0000000B
    libinit2.o(.ARM.Collect$$libinit$$0000000E) refers to libinit2.o(.ARM.Collect$$libinit$$0000000B) for .ARM.Collect$$libinit$$0000000B
    libinit2.o(.ARM.Collect$$libinit$$00000010) refers to libinit2.o(.ARM.Collect$$libinit$$0000000B) for .ARM.Collect$$libinit$$0000000B
    libinit2.o(.ARM.Collect$$libinit$$00000012) refers to libinit2.o(.ARM.Collect$$libinit$$0000000B) for .ARM.Collect$$libinit$$0000000B
    libinit2.o(.ARM.Collect$$libinit$$00000014) refers to libinit2.o(.ARM.Collect$$libinit$$0000000B) for .ARM.Collect$$libinit$$0000000B
    libinit2.o(.ARM.Collect$$libinit$$00000022) refers to argv_veneer.o(.emb_text) for __ARM_argv_veneer
    libinit2.o(.ARM.Collect$$libinit$$00000023) refers to argv_veneer.o(.emb_text) for __ARM_argv_veneer
    fpinit.o(x$fpl$fpinit) refers to rt_fp_status_addr_intlibspace.o(.text) for __rt_fp_status_addr
    rtexit2.o(.ARM.Collect$$rtexit$$00000003) refers to libshutdown.o(.ARM.Collect$$libshutdown$$00000000) for __rt_lib_shutdown
    rtexit2.o(.ARM.Collect$$rtexit$$00000004) refers to retarget.o(.text) for _sys_exit
    rtexit2.o(.ARM.exidx) refers to rtexit2.o(.ARM.Collect$$rtexit$$00000001) for .ARM.Collect$$rtexit$$00000001
    rtexit2.o(.ARM.exidx) refers to rtexit2.o(.ARM.Collect$$rtexit$$00000002) for .ARM.Collect$$rtexit$$00000002
    rtexit2.o(.ARM.exidx) refers to rtexit2.o(.ARM.Collect$$rtexit$$00000003) for .ARM.Collect$$rtexit$$00000003
    rtexit2.o(.ARM.exidx) refers to rtexit2.o(.ARM.Collect$$rtexit$$00000004) for .ARM.Collect$$rtexit$$00000004
    rt_fp_status_addr.o(.text) refers to rt_fp_status_addr.o(.bss) for __rt_fp_status_addr_data
    rt_fp_status_addr_intlibspace.o(.text) refers to libspace.o(.bss) for __libspace_start
    argv_veneer.o(.emb_text) refers to no_argv.o(.text) for __ARM_get_argv
    _get_argv_nomalloc.o(.text) refers (Special) to hrguard.o(.text) for __heap_region$guard
    _get_argv_nomalloc.o(.text) refers to defsig_rtmem_outer.o(.text) for __rt_SIGRTMEM
    _get_argv_nomalloc.o(.text) refers to sys_command.o(.text) for _sys_command_string
    libshutdown.o(.ARM.Collect$$libshutdown$$00000000) refers (Special) to libshutdown2.o(.ARM.Collect$$libshutdown$$00000006) for __rt_lib_shutdown_fp_trap_1
    libshutdown.o(.ARM.Collect$$libshutdown$$00000000) refers (Special) to libshutdown2.o(.ARM.Collect$$libshutdown$$0000000E) for __rt_lib_shutdown_heap_1
    libshutdown.o(.ARM.Collect$$libshutdown$$00000000) refers (Special) to libshutdown2.o(.ARM.Collect$$libshutdown$$0000000F) for __rt_lib_shutdown_return
    libshutdown.o(.ARM.Collect$$libshutdown$$00000000) refers (Special) to libshutdown2.o(.ARM.Collect$$libshutdown$$00000009) for __rt_lib_shutdown_signal_1
    libshutdown.o(.ARM.Collect$$libshutdown$$00000000) refers (Special) to libshutdown2.o(.ARM.Collect$$libshutdown$$00000003) for __rt_lib_shutdown_stdio_1
    libshutdown.o(.ARM.Collect$$libshutdown$$00000000) refers (Special) to libshutdown2.o(.ARM.Collect$$libshutdown$$0000000B) for __rt_lib_shutdown_user_alloc_1
    sys_command.o(.text) refers (Special) to use_no_semi.o(.text) for __I$use$semihosting
    defsig_rtmem_outer.o(.text) refers to defsig_rtmem_inner.o(.text) for __rt_SIGRTMEM_inner
    defsig_rtmem_outer.o(.text) refers to defsig_exit.o(.text) for __sig_exit
    defsig_rtmem_formal.o(.text) refers to rt_raise.o(.text) for __rt_raise
    rt_raise.o(.text) refers to __raise.o(.text) for __raise
    rt_raise.o(.text) refers to retarget.o(.text) for _sys_exit
    defsig_exit.o(.text) refers to retarget.o(.text) for _sys_exit
    defsig_rtmem_inner.o(.text) refers to defsig_general.o(.text) for __default_signal_display
    __raise.o(.text) refers to defsig.o(CL$$defsig) for __default_signal_handler
    defsig_general.o(.text) refers to retarget.o(.text) for _ttywrch
    defsig.o(CL$$defsig) refers to defsig_rtmem_inner.o(.text) for __rt_SIGRTMEM_inner
    defsig_abrt_inner.o(.text) refers to defsig_general.o(.text) for __default_signal_display
    defsig_fpe_inner.o(.text) refers to defsig_general.o(.text) for __default_signal_display
    defsig_rtred_inner.o(.text) refers to defsig_general.o(.text) for __default_signal_display
    defsig_stak_inner.o(.text) refers to defsig_general.o(.text) for __default_signal_display
    defsig_pvfn_inner.o(.text) refers to defsig_general.o(.text) for __default_signal_display
    defsig_cppl_inner.o(.text) refers to defsig_general.o(.text) for __default_signal_display
    defsig_segv_inner.o(.text) refers to defsig_general.o(.text) for __default_signal_display
    defsig_other.o(.text) refers to defsig_general.o(.text) for __default_signal_display


==============================================================================

Removing Unused input sections from the image.

    Removing system_lpc17xx.o(.emb_text), (8 bytes).
    Removing main_svc.o(.emb_text), (8 bytes).
    Removing process.o(.emb_text), (8 bytes).
    Removing retarget.o(.data), (8 bytes).
    Removing uart_polling.o(.emb_text), (8 bytes).

5 unused section(s) (total 40 bytes) removed from the image.

==============================================================================

Image Symbol Table

    Local Symbols

    Symbol Name                              Value     Ov Type        Size  Object(Section)

    ../../angel/boardlib.s                   0x00000000   Number         0  boardinit1.o ABSOLUTE
    ../../angel/boardlib.s                   0x00000000   Number         0  boardinit2.o ABSOLUTE
    ../../angel/boardlib.s                   0x00000000   Number         0  boardinit3.o ABSOLUTE
    ../../angel/boardlib.s                   0x00000000   Number         0  boardshut.o ABSOLUTE
    ../../angel/handlers.s                   0x00000000   Number         0  __scatter_zi.o ABSOLUTE
    ../../angel/handlers.s                   0x00000000   Number         0  __scatter_copy.o ABSOLUTE
    ../../angel/kernel.s                     0x00000000   Number         0  rtentry.o ABSOLUTE
    ../../angel/kernel.s                     0x00000000   Number         0  rtexit2.o ABSOLUTE
    ../../angel/kernel.s                     0x00000000   Number         0  rtexit.o ABSOLUTE
    ../../angel/kernel.s                     0x00000000   Number         0  rtentry4.o ABSOLUTE
    ../../angel/kernel.s                     0x00000000   Number         0  rtentry2.o ABSOLUTE
    ../../angel/rt.s                         0x00000000   Number         0  rt_fp_status_addr.o ABSOLUTE
    ../../angel/rt.s                         0x00000000   Number         0  rt_raise.o ABSOLUTE
    ../../angel/rt.s                         0x00000000   Number         0  rt_fp_status_addr_intlibspace.o ABSOLUTE
    ../../angel/scatter.s                    0x00000000   Number         0  __scatter.o ABSOLUTE
    ../../angel/startup.s                    0x00000000   Number         0  __main.o ABSOLUTE
    ../../angel/sys.s                        0x00000000   Number         0  libspace.o ABSOLUTE
    ../../angel/sys.s                        0x00000000   Number         0  use_no_semi.o ABSOLUTE
    ../../angel/sys.s                        0x00000000   Number         0  sys_stackheap_outer.o ABSOLUTE
    ../../angel/sysapp.c                     0x00000000   Number         0  sys_command.o ABSOLUTE
    ../../armsys.c                           0x00000000   Number         0  argv_veneer.o ABSOLUTE
    ../../armsys.c                           0x00000000   Number         0  argv_veneer.o ABSOLUTE
    ../../armsys.c                           0x00000000   Number         0  _get_argv_nomalloc.o ABSOLUTE
    ../../armsys.c                           0x00000000   Number         0  no_argv.o ABSOLUTE
    ../../fpinit.s                           0x00000000   Number         0  fpinit.o ABSOLUTE
    ../../heapalloc.c                        0x00000000   Number         0  hrguard.o ABSOLUTE
    ../../heapaux.c                          0x00000000   Number         0  heapauxi.o ABSOLUTE
    ../../libinit.s                          0x00000000   Number         0  libinit2.o ABSOLUTE
    ../../libinit.s                          0x00000000   Number         0  libinit.o ABSOLUTE
    ../../libinit.s                          0x00000000   Number         0  libshutdown.o ABSOLUTE
    ../../libinit.s                          0x00000000   Number         0  libshutdown2.o ABSOLUTE
    ../../memcpset.s                         0x00000000   Number         0  rt_memcpy_w.o ABSOLUTE
    ../../signal.c                           0x00000000   Number         0  defsig_general.o ABSOLUTE
    ../../signal.c                           0x00000000   Number         0  __raise.o ABSOLUTE
    ../../signal.c                           0x00000000   Number         0  defsig_exit.o ABSOLUTE
    ../../signal.c                           0x00000000   Number         0  defsig_fpe_inner.o ABSOLUTE
    ../../signal.c                           0x00000000   Number         0  defsig_rtred_inner.o ABSOLUTE
    ../../signal.c                           0x00000000   Number         0  defsig_rtmem_formal.o ABSOLUTE
    ../../signal.c                           0x00000000   Number         0  defsig_stak_inner.o ABSOLUTE
    ../../signal.c                           0x00000000   Number         0  defsig_pvfn_inner.o ABSOLUTE
    ../../signal.c                           0x00000000   Number         0  defsig_cppl_inner.o ABSOLUTE
    ../../signal.c                           0x00000000   Number         0  defsig_segv_inner.o ABSOLUTE
    ../../signal.c                           0x00000000   Number         0  defsig_abrt_inner.o ABSOLUTE
    ../../signal.c                           0x00000000   Number         0  defsig_other.o ABSOLUTE
    ../../signal.c                           0x00000000   Number         0  defsig_rtmem_inner.o ABSOLUTE
    ../../signal.c                           0x00000000   Number         0  defsig_rtmem_outer.o ABSOLUTE
    ../../signal.s                           0x00000000   Number         0  defsig.o ABSOLUTE
    ../../stdlib.c                           0x00000000   Number         0  exit.o ABSOLUTE
    dc.s                                     0x00000000   Number         0  dc.o ABSOLUTE
    src\HAL.c                                0x00000000   Number         0  hal.o ABSOLUTE
    src\Retarget.c                           0x00000000   Number         0  retarget.o ABSOLUTE
    src\\HAL.c                               0x00000000   Number         0  hal.o ABSOLUTE
    src\\main_svc.c                          0x00000000   Number         0  main_svc.o ABSOLUTE
    src\\process.c                           0x00000000   Number         0  process.o ABSOLUTE
    src\\system_LPC17xx.c                    0x00000000   Number         0  system_lpc17xx.o ABSOLUTE
    src\\uart_polling.c                      0x00000000   Number         0  uart_polling.o ABSOLUTE
    src\main_svc.c                           0x00000000   Number         0  main_svc.o ABSOLUTE
    src\memory.c                             0x00000000   Number         0  memory.o ABSOLUTE
    src\process.c                            0x00000000   Number         0  process.o ABSOLUTE
    src\startup_LPC17xx.s                    0x00000000   Number         0  startup_lpc17xx.o ABSOLUTE
    src\system_LPC17xx.c                     0x00000000   Number         0  system_lpc17xx.o ABSOLUTE
    src\uart_polling.c                       0x00000000   Number         0  uart_polling.o ABSOLUTE
    src\usr_proc.c                           0x00000000   Number         0  usr_proc.o ABSOLUTE
    .ARM.__at_0x02FC                         0x000002fc   Section        4  startup_lpc17xx.o(.ARM.__at_0x02FC)
    RESET                                    0x10000000   Section      204  startup_lpc17xx.o(RESET)
    !!!main                                  0x100000cc   Section        8  __main.o(!!!main)
    !!!scatter                               0x100000d4   Section       52  __scatter.o(!!!scatter)
    !!handler_copy                           0x10000108   Section       26  __scatter_copy.o(!!handler_copy)
    !!handler_zi                             0x10000124   Section       28  __scatter_zi.o(!!handler_zi)
    .ARM.Collect$$libinit$$00000000          0x10000140   Section        6  libinit.o(.ARM.Collect$$libinit$$00000000)
    .ARM.Collect$$libinit$$00000006          0x10000146   Section        0  libinit2.o(.ARM.Collect$$libinit$$00000006)
    .ARM.Collect$$libinit$$00000008          0x10000146   Section        0  libinit2.o(.ARM.Collect$$libinit$$00000008)
    .ARM.Collect$$libinit$$0000000A          0x10000146   Section        0  libinit2.o(.ARM.Collect$$libinit$$0000000A)
    .ARM.Collect$$libinit$$0000000D          0x10000146   Section        0  libinit2.o(.ARM.Collect$$libinit$$0000000D)
    .ARM.Collect$$libinit$$0000000F          0x10000146   Section        0  libinit2.o(.ARM.Collect$$libinit$$0000000F)
    .ARM.Collect$$libinit$$00000011          0x10000146   Section        0  libinit2.o(.ARM.Collect$$libinit$$00000011)
    .ARM.Collect$$libinit$$00000013          0x10000146   Section        0  libinit2.o(.ARM.Collect$$libinit$$00000013)
    .ARM.Collect$$libinit$$00000015          0x10000146   Section        0  libinit2.o(.ARM.Collect$$libinit$$00000015)
    .ARM.Collect$$libinit$$00000017          0x10000146   Section        0  libinit2.o(.ARM.Collect$$libinit$$00000017)
    .ARM.Collect$$libinit$$00000019          0x10000146   Section        0  libinit2.o(.ARM.Collect$$libinit$$00000019)
    .ARM.Collect$$libinit$$0000001B          0x10000146   Section        0  libinit2.o(.ARM.Collect$$libinit$$0000001B)
    .ARM.Collect$$libinit$$0000001D          0x10000146   Section        0  libinit2.o(.ARM.Collect$$libinit$$0000001D)
    .ARM.Collect$$libinit$$0000001F          0x10000146   Section        0  libinit2.o(.ARM.Collect$$libinit$$0000001F)
    .ARM.Collect$$libinit$$00000021          0x10000146   Section        0  libinit2.o(.ARM.Collect$$libinit$$00000021)
    .ARM.Collect$$libinit$$00000028          0x10000146   Section        0  libinit2.o(.ARM.Collect$$libinit$$00000028)
    .ARM.Collect$$libinit$$0000002A          0x10000146   Section        0  libinit2.o(.ARM.Collect$$libinit$$0000002A)
    .ARM.Collect$$libinit$$0000002C          0x10000146   Section        0  libinit2.o(.ARM.Collect$$libinit$$0000002C)
    .ARM.Collect$$libinit$$0000002E          0x10000146   Section        0  libinit2.o(.ARM.Collect$$libinit$$0000002E)
    .ARM.Collect$$libinit$$0000002F          0x10000146   Section        2  libinit2.o(.ARM.Collect$$libinit$$0000002F)
    .ARM.Collect$$libshutdown$$00000000      0x10000148   Section        2  libshutdown.o(.ARM.Collect$$libshutdown$$00000000)
    .ARM.Collect$$libshutdown$$00000003      0x1000014a   Section        0  libshutdown2.o(.ARM.Collect$$libshutdown$$00000003)
    .ARM.Collect$$libshutdown$$00000006      0x1000014a   Section        0  libshutdown2.o(.ARM.Collect$$libshutdown$$00000006)
    .ARM.Collect$$libshutdown$$00000009      0x1000014a   Section        0  libshutdown2.o(.ARM.Collect$$libshutdown$$00000009)
    .ARM.Collect$$libshutdown$$0000000B      0x1000014a   Section        0  libshutdown2.o(.ARM.Collect$$libshutdown$$0000000B)
    .ARM.Collect$$libshutdown$$0000000E      0x1000014a   Section        0  libshutdown2.o(.ARM.Collect$$libshutdown$$0000000E)
    .ARM.Collect$$libshutdown$$0000000F      0x1000014a   Section        2  libshutdown2.o(.ARM.Collect$$libshutdown$$0000000F)
    .ARM.Collect$$rtentry$$00000000          0x1000014c   Section        0  rtentry.o(.ARM.Collect$$rtentry$$00000000)
    .ARM.Collect$$rtentry$$00000002          0x1000014c   Section        0  rtentry2.o(.ARM.Collect$$rtentry$$00000002)
    .ARM.Collect$$rtentry$$00000004          0x1000014c   Section        6  rtentry4.o(.ARM.Collect$$rtentry$$00000004)
    .ARM.Collect$$rtentry$$00000009          0x10000152   Section        0  rtentry2.o(.ARM.Collect$$rtentry$$00000009)
    .ARM.Collect$$rtentry$$0000000A          0x10000152   Section        4  rtentry2.o(.ARM.Collect$$rtentry$$0000000A)
    .ARM.Collect$$rtentry$$0000000C          0x10000156   Section        0  rtentry2.o(.ARM.Collect$$rtentry$$0000000C)
    .ARM.Collect$$rtentry$$0000000D          0x10000156   Section        8  rtentry2.o(.ARM.Collect$$rtentry$$0000000D)
    .ARM.Collect$$rtexit$$00000000           0x1000015e   Section        2  rtexit.o(.ARM.Collect$$rtexit$$00000000)
    .ARM.Collect$$rtexit$$00000002           0x10000160   Section        0  rtexit2.o(.ARM.Collect$$rtexit$$00000002)
    .ARM.Collect$$rtexit$$00000003           0x10000160   Section        4  rtexit2.o(.ARM.Collect$$rtexit$$00000003)
    .ARM.Collect$$rtexit$$00000004           0x10000164   Section        6  rtexit2.o(.ARM.Collect$$rtexit$$00000004)
    .emb_text                                0x1000016c   Section       42  hal.o(.emb_text)
    .text                                    0x10000198   Section       52  startup_lpc17xx.o(.text)
    .text                                    0x100001cc   Section        0  system_lpc17xx.o(.text)
    .text                                    0x100003f0   Section        0  main_svc.o(.text)
    .text                                    0x10000434   Section        0  process.o(.text)
    .text                                    0x100006e8   Section        0  retarget.o(.text)
    .text                                    0x10000740   Section        0  uart_polling.o(.text)
    .text                                    0x10000828   Section        0  usr_proc.o(.text)
    .text                                    0x10000aa4   Section        0  memory.o(.text)
    .text                                    0x10000b7c   Section        2  use_no_semi.o(.text)
    .text                                    0x10000b7e   Section      100  rt_memcpy_w.o(.text)
    .text                                    0x10000be2   Section        0  heapauxi.o(.text)
    .text                                    0x10000be8   Section       74  sys_stackheap_outer.o(.text)
    .text                                    0x10000c32   Section        0  exit.o(.text)
    .text                                    0x10000c40   Section        8  libspace.o(.text)
    .text                                    0x10000c48   Section        8  rt_fp_status_addr_intlibspace.o(.text)
    x$fpl$fpinit                             0x10000c50   Section       14  fpinit.o(x$fpl$fpinit)
    .data                                    0x10002000   Section        4  system_lpc17xx.o(.data)
    .data                                    0x10002004   Section        4  process.o(.data)
    .data                                    0x10002008   Section        4  memory.o(.data)
    memoryBlocks                             0x10002008   Data           4  memory.o(.data)
    .bss                                     0x1000200c   Section    14540  process.o(.bss)
    .bss                                     0x100058d8   Section       28  usr_proc.o(.bss)
    .bss                                     0x100058f4   Section       96  libspace.o(.bss)
    HEAP                                     0x10005958   Section        0  startup_lpc17xx.o(HEAP)
    STACK                                    0x10005958   Section      512  startup_lpc17xx.o(STACK)
    Heap_Mem                                 0x10005958   Data           0  startup_lpc17xx.o(HEAP)
    Stack_Mem                                0x10005958   Data         512  startup_lpc17xx.o(STACK)
    __initial_sp                             0x10005b58   Data           0  startup_lpc17xx.o(STACK)

    Global Symbols

    Symbol Name                              Value     Ov Type        Size  Object(Section)

    BuildAttributes$$THM_ISAv4$P$D$K$B$S$PE$A:L22UL41UL21$X:L11$S22US41US21$IEEE1$IW$USESV6$~STKCKD$USESV7$~SHL$OSPACE$ROPI$EBA8$UX$STANDARDLIB$REQ8$PRES8$EABIv2 0x00000000   Number         0  anon$$obj.o ABSOLUTE
    __ARM_use_no_argv                        0x00000000   Number         0  main_svc.o ABSOLUTE
    __ARM_exceptions_init                     - Undefined Weak Reference
    __alloca_initialize                       - Undefined Weak Reference
    __cpp_initialize__aeabi_                  - Undefined Weak Reference
    __cxa_finalize                            - Undefined Weak Reference
    __rt_locale                               - Undefined Weak Reference
    __sigvec_lookup                           - Undefined Weak Reference
    _atexit_init                              - Undefined Weak Reference
    _call_atexit_fns                          - Undefined Weak Reference
    _clock_init                               - Undefined Weak Reference
    _fp_trap_init                             - Undefined Weak Reference
    _fp_trap_shutdown                         - Undefined Weak Reference
    _get_lc_collate                           - Undefined Weak Reference
    _get_lc_ctype                             - Undefined Weak Reference
    _get_lc_monetary                          - Undefined Weak Reference
    _get_lc_numeric                           - Undefined Weak Reference
    _get_lc_time                              - Undefined Weak Reference
    _getenv_init                              - Undefined Weak Reference
    _handle_redirection                       - Undefined Weak Reference
    _init_alloc                               - Undefined Weak Reference
    _init_user_alloc                          - Undefined Weak Reference
    _initio                                   - Undefined Weak Reference
    _rand_init                                - Undefined Weak Reference
    _signal_finish                            - Undefined Weak Reference
    _signal_init                              - Undefined Weak Reference
    _terminate_alloc                          - Undefined Weak Reference
    _terminate_user_alloc                     - Undefined Weak Reference
    _terminateio                              - Undefined Weak Reference
    __Vectors                                0x10000000   Data           4  startup_lpc17xx.o(RESET)
    __main                                   0x100000cd   Thumb Code     8  __main.o(!!!main)
    __scatterload                            0x100000d5   Thumb Code     0  __scatter.o(!!!scatter)
    __scatterload_rt2                        0x100000d5   Thumb Code    44  __scatter.o(!!!scatter)
    __scatterload_rt2_thumb_only             0x100000d5   Thumb Code     0  __scatter.o(!!!scatter)
    __scatterload_null                       0x100000e3   Thumb Code     0  __scatter.o(!!!scatter)
    __scatterload_copy                       0x10000109   Thumb Code    26  __scatter_copy.o(!!handler_copy)
    __scatterload_zeroinit                   0x10000125   Thumb Code    28  __scatter_zi.o(!!handler_zi)
    __rt_lib_init                            0x10000141   Thumb Code     0  libinit.o(.ARM.Collect$$libinit$$00000000)
    __rt_lib_init_alloca_1                   0x10000147   Thumb Code     0  libinit2.o(.ARM.Collect$$libinit$$0000002A)
    __rt_lib_init_argv_1                     0x10000147   Thumb Code     0  libinit2.o(.ARM.Collect$$libinit$$00000028)
    __rt_lib_init_atexit_1                   0x10000147   Thumb Code     0  libinit2.o(.ARM.Collect$$libinit$$00000017)
    __rt_lib_init_clock_1                    0x10000147   Thumb Code     0  libinit2.o(.ARM.Collect$$libinit$$0000001D)
    __rt_lib_init_cpp_1                      0x10000147   Thumb Code     0  libinit2.o(.ARM.Collect$$libinit$$0000002E)
    __rt_lib_init_exceptions_1               0x10000147   Thumb Code     0  libinit2.o(.ARM.Collect$$libinit$$0000002C)
    __rt_lib_init_fp_trap_1                  0x10000147   Thumb Code     0  libinit2.o(.ARM.Collect$$libinit$$0000001B)
    __rt_lib_init_getenv_1                   0x10000147   Thumb Code     0  libinit2.o(.ARM.Collect$$libinit$$0000001F)
    __rt_lib_init_heap_1                     0x10000147   Thumb Code     0  libinit2.o(.ARM.Collect$$libinit$$00000006)
    __rt_lib_init_lc_collate_1               0x10000147   Thumb Code     0  libinit2.o(.ARM.Collect$$libinit$$0000000D)
    __rt_lib_init_lc_ctype_1                 0x10000147   Thumb Code     0  libinit2.o(.ARM.Collect$$libinit$$0000000F)
    __rt_lib_init_lc_monetary_1              0x10000147   Thumb Code     0  libinit2.o(.ARM.Collect$$libinit$$00000011)
    __rt_lib_init_lc_numeric_1               0x10000147   Thumb Code     0  libinit2.o(.ARM.Collect$$libinit$$00000013)
    __rt_lib_init_lc_time_1                  0x10000147   Thumb Code     0  libinit2.o(.ARM.Collect$$libinit$$00000015)
    __rt_lib_init_rand_1                     0x10000147   Thumb Code     0  libinit2.o(.ARM.Collect$$libinit$$0000000A)
    __rt_lib_init_return                     0x10000147   Thumb Code     0  libinit2.o(.ARM.Collect$$libinit$$0000002F)
    __rt_lib_init_signal_1                   0x10000147   Thumb Code     0  libinit2.o(.ARM.Collect$$libinit$$00000019)
    __rt_lib_init_stdio_1                    0x10000147   Thumb Code     0  libinit2.o(.ARM.Collect$$libinit$$00000021)
    __rt_lib_init_user_alloc_1               0x10000147   Thumb Code     0  libinit2.o(.ARM.Collect$$libinit$$00000008)
    __rt_lib_shutdown                        0x10000149   Thumb Code     0  libshutdown.o(.ARM.Collect$$libshutdown$$00000000)
    __rt_lib_shutdown_fp_trap_1              0x1000014b   Thumb Code     0  libshutdown2.o(.ARM.Collect$$libshutdown$$00000006)
    __rt_lib_shutdown_heap_1                 0x1000014b   Thumb Code     0  libshutdown2.o(.ARM.Collect$$libshutdown$$0000000E)
    __rt_lib_shutdown_return                 0x1000014b   Thumb Code     0  libshutdown2.o(.ARM.Collect$$libshutdown$$0000000F)
    __rt_lib_shutdown_signal_1               0x1000014b   Thumb Code     0  libshutdown2.o(.ARM.Collect$$libshutdown$$00000009)
    __rt_lib_shutdown_stdio_1                0x1000014b   Thumb Code     0  libshutdown2.o(.ARM.Collect$$libshutdown$$00000003)
    __rt_lib_shutdown_user_alloc_1           0x1000014b   Thumb Code     0  libshutdown2.o(.ARM.Collect$$libshutdown$$0000000B)
    __rt_entry                               0x1000014d   Thumb Code     0  rtentry.o(.ARM.Collect$$rtentry$$00000000)
    __rt_entry_presh_1                       0x1000014d   Thumb Code     0  rtentry2.o(.ARM.Collect$$rtentry$$00000002)
    __rt_entry_sh                            0x1000014d   Thumb Code     0  rtentry4.o(.ARM.Collect$$rtentry$$00000004)
    __rt_entry_li                            0x10000153   Thumb Code     0  rtentry2.o(.ARM.Collect$$rtentry$$0000000A)
    __rt_entry_postsh_1                      0x10000153   Thumb Code     0  rtentry2.o(.ARM.Collect$$rtentry$$00000009)
    __rt_entry_main                          0x10000157   Thumb Code     0  rtentry2.o(.ARM.Collect$$rtentry$$0000000D)
    __rt_entry_postli_1                      0x10000157   Thumb Code     0  rtentry2.o(.ARM.Collect$$rtentry$$0000000C)
    __rt_exit                                0x1000015f   Thumb Code     0  rtexit.o(.ARM.Collect$$rtexit$$00000000)
    __rt_exit_ls                             0x10000161   Thumb Code     0  rtexit2.o(.ARM.Collect$$rtexit$$00000003)
    __rt_exit_prels_1                        0x10000161   Thumb Code     0  rtexit2.o(.ARM.Collect$$rtexit$$00000002)
    __rt_exit_exit                           0x10000165   Thumb Code     0  rtexit2.o(.ARM.Collect$$rtexit$$00000004)
    __rte                                    0x1000016d   Thumb Code     6  hal.o(.emb_text)
    SVC_Handler                              0x10000173   Thumb Code    36  hal.o(.emb_text)
    Reset_Handler                            0x10000199   Thumb Code     4  startup_lpc17xx.o(.text)
    NMI_Handler                              0x1000019d   Thumb Code     2  startup_lpc17xx.o(.text)
    HardFault_Handler                        0x1000019f   Thumb Code     2  startup_lpc17xx.o(.text)
    MemManage_Handler                        0x100001a1   Thumb Code     2  startup_lpc17xx.o(.text)
    BusFault_Handler                         0x100001a3   Thumb Code     2  startup_lpc17xx.o(.text)
    UsageFault_Handler                       0x100001a5   Thumb Code     2  startup_lpc17xx.o(.text)
    DebugMon_Handler                         0x100001a9   Thumb Code     2  startup_lpc17xx.o(.text)
    PendSV_Handler                           0x100001ab   Thumb Code     2  startup_lpc17xx.o(.text)
    SysTick_Handler                          0x100001ad   Thumb Code     2  startup_lpc17xx.o(.text)
    ADC_IRQHandler                           0x100001af   Thumb Code     0  startup_lpc17xx.o(.text)
    BOD_IRQHandler                           0x100001af   Thumb Code     0  startup_lpc17xx.o(.text)
    CANActivity_IRQHandler                   0x100001af   Thumb Code     0  startup_lpc17xx.o(.text)
    CAN_IRQHandler                           0x100001af   Thumb Code     0  startup_lpc17xx.o(.text)
    DMA_IRQHandler                           0x100001af   Thumb Code     0  startup_lpc17xx.o(.text)
    EINT0_IRQHandler                         0x100001af   Thumb Code     0  startup_lpc17xx.o(.text)
    EINT1_IRQHandler                         0x100001af   Thumb Code     0  startup_lpc17xx.o(.text)
    EINT2_IRQHandler                         0x100001af   Thumb Code     0  startup_lpc17xx.o(.text)
    EINT3_IRQHandler                         0x100001af   Thumb Code     0  startup_lpc17xx.o(.text)
    ENET_IRQHandler                          0x100001af   Thumb Code     0  startup_lpc17xx.o(.text)
    I2C0_IRQHandler                          0x100001af   Thumb Code     0  startup_lpc17xx.o(.text)
    I2C1_IRQHandler                          0x100001af   Thumb Code     0  startup_lpc17xx.o(.text)
    I2C2_IRQHandler                          0x100001af   Thumb Code     0  startup_lpc17xx.o(.text)
    I2S_IRQHandler                           0x100001af   Thumb Code     0  startup_lpc17xx.o(.text)
    MCPWM_IRQHandler                         0x100001af   Thumb Code     0  startup_lpc17xx.o(.text)
    PLL0_IRQHandler                          0x100001af   Thumb Code     0  startup_lpc17xx.o(.text)
    PLL1_IRQHandler                          0x100001af   Thumb Code     0  startup_lpc17xx.o(.text)
    PWM1_IRQHandler                          0x100001af   Thumb Code     0  startup_lpc17xx.o(.text)
    QEI_IRQHandler                           0x100001af   Thumb Code     0  startup_lpc17xx.o(.text)
    RIT_IRQHandler                           0x100001af   Thumb Code     0  startup_lpc17xx.o(.text)
    RTC_IRQHandler                           0x100001af   Thumb Code     0  startup_lpc17xx.o(.text)
    SPI_IRQHandler                           0x100001af   Thumb Code     0  startup_lpc17xx.o(.text)
    SSP0_IRQHandler                          0x100001af   Thumb Code     0  startup_lpc17xx.o(.text)
    SSP1_IRQHandler                          0x100001af   Thumb Code     0  startup_lpc17xx.o(.text)
    TIMER0_IRQHandler                        0x100001af   Thumb Code     0  startup_lpc17xx.o(.text)
    TIMER1_IRQHandler                        0x100001af   Thumb Code     0  startup_lpc17xx.o(.text)
    TIMER2_IRQHandler                        0x100001af   Thumb Code     0  startup_lpc17xx.o(.text)
    TIMER3_IRQHandler                        0x100001af   Thumb Code     0  startup_lpc17xx.o(.text)
    UART0_IRQHandler                         0x100001af   Thumb Code     0  startup_lpc17xx.o(.text)
    UART1_IRQHandler                         0x100001af   Thumb Code     0  startup_lpc17xx.o(.text)
    UART2_IRQHandler                         0x100001af   Thumb Code     0  startup_lpc17xx.o(.text)
    UART3_IRQHandler                         0x100001af   Thumb Code     0  startup_lpc17xx.o(.text)
    USBActivity_IRQHandler                   0x100001af   Thumb Code     0  startup_lpc17xx.o(.text)
    USB_IRQHandler                           0x100001af   Thumb Code     0  startup_lpc17xx.o(.text)
    WDT_IRQHandler                           0x100001af   Thumb Code     0  startup_lpc17xx.o(.text)
    __user_initial_stackheap                 0x100001b1   Thumb Code     0  startup_lpc17xx.o(.text)
    SystemInit                               0x100001cd   Thumb Code   484  system_lpc17xx.o(.text)
    main                                     0x100003f1   Thumb Code    62  main_svc.o(.text)
    next_ready                               0x10000435   Thumb Code    50  process.o(.text)
    move_to_ready                            0x10000467   Thumb Code    38  process.o(.text)
    move_to_blocked                          0x1000048d   Thumb Code    38  process.o(.text)
    process_init                             0x100004b3   Thumb Code   222  process.o(.text)
    scheduler                                0x10000591   Thumb Code    54  process.o(.text)
    k_release_processor                      0x100005c7   Thumb Code   166  process.o(.text)
    k_set_process_priority                   0x1000066d   Thumb Code    46  process.o(.text)
    k_get_process_priority                   0x1000069b   Thumb Code    30  process.o(.text)
    sendchar                                 0x100006e9   Thumb Code    28  retarget.o(.text)
    getkey                                   0x10000705   Thumb Code    10  retarget.o(.text)
    fputc                                    0x1000070f   Thumb Code    14  retarget.o(.text)
    fgetc                                    0x1000071d   Thumb Code    10  retarget.o(.text)
    ferror                                   0x10000727   Thumb Code     8  retarget.o(.text)
    _ttywrch                                 0x1000072f   Thumb Code    12  retarget.o(.text)
    _sys_exit                                0x1000073b   Thumb Code     4  retarget.o(.text)
    uart_init                                0x10000741   Thumb Code   104  uart_polling.o(.text)
    uart_get_char                            0x100007a9   Thumb Code    36  uart_polling.o(.text)
    uart_put_char                            0x100007cd   Thumb Code    38  uart_polling.o(.text)
    uart_put_string                          0x100007f3   Thumb Code    42  uart_polling.o(.text)
    proc0                                    0x10000829   Thumb Code    10  usr_proc.o(.text)
    proc1                                    0x10000833   Thumb Code    10  usr_proc.o(.text)
    proc2                                    0x1000083d   Thumb Code    44  usr_proc.o(.text)
    proc3                                    0x10000869   Thumb Code    40  usr_proc.o(.text)
    proc4                                    0x10000891   Thumb Code    58  usr_proc.o(.text)
    proc5                                    0x100008cb   Thumb Code    50  usr_proc.o(.text)
    proc6                                    0x100008fd   Thumb Code   258  usr_proc.o(.text)
    memory_init                              0x10000aa5   Thumb Code    76  memory.o(.text)
    k_request_memory_block                   0x10000af1   Thumb Code    50  memory.o(.text)
    k_release_memory_block                   0x10000b23   Thumb Code    82  memory.o(.text)
    __I$use$semihosting                      0x10000b7d   Thumb Code     0  use_no_semi.o(.text)
    __use_no_semihosting_swi                 0x10000b7d   Thumb Code     2  use_no_semi.o(.text)
    __aeabi_memcpy4                          0x10000b7f   Thumb Code     0  rt_memcpy_w.o(.text)
    __aeabi_memcpy8                          0x10000b7f   Thumb Code     0  rt_memcpy_w.o(.text)
    __rt_memcpy_w                            0x10000b7f   Thumb Code   100  rt_memcpy_w.o(.text)
    _memcpy_lastbytes_aligned                0x10000bc7   Thumb Code     0  rt_memcpy_w.o(.text)
    __use_two_region_memory                  0x10000be3   Thumb Code     2  heapauxi.o(.text)
    __rt_heap_escrow$2region                 0x10000be5   Thumb Code     2  heapauxi.o(.text)
    __rt_heap_expand$2region                 0x10000be7   Thumb Code     2  heapauxi.o(.text)
    __user_setup_stackheap                   0x10000be9   Thumb Code    74  sys_stackheap_outer.o(.text)
    exit                                     0x10000c33   Thumb Code    12  exit.o(.text)
    __user_libspace                          0x10000c41   Thumb Code     8  libspace.o(.text)
    __user_perproc_libspace                  0x10000c41   Thumb Code     0  libspace.o(.text)
    __user_perthread_libspace                0x10000c41   Thumb Code     0  libspace.o(.text)
    __rt_fp_status_addr                      0x10000c49   Thumb Code     8  rt_fp_status_addr_intlibspace.o(.text)
    _fp_init                                 0x10000c51   Thumb Code    14  fpinit.o(x$fpl$fpinit)
    __fplib_config_pureend_doubles           0x10000c5d   Thumb Code     0  fpinit.o(x$fpl$fpinit)
    Region$$Table$$Base                      0x10000c60   Number         0  anon$$obj.o(Region$$Table)
    Region$$Table$$Limit                     0x10000c80   Number         0  anon$$obj.o(Region$$Table)
    SystemFrequency                          0x10002000   Data           4  system_lpc17xx.o(.data)
    gp_current_process                       0x10002004   Data           4  process.o(.data)
    pstack                                   0x1000200c   Data       14336  process.o(.bss)
    pcb                                      0x1000580c   Data         140  process.o(.bss)
    pcb_readyq                               0x10005898   Data          32  process.o(.bss)
    pcb_blockedq                             0x100058b8   Data          32  process.o(.bss)
    results                                  0x100058d8   Data          28  usr_proc.o(.bss)
    __libspace_start                         0x100058f4   Data          96  libspace.o(.bss)
    __temporary_stack_top$libspace           0x10005954   Data           0  libspace.o(.bss)



==============================================================================

Memory Map of the image

  Image Entry point : 0x100000cd

  Load Region LR_IROM1 (Base: 0x10000000, Size: 0x00000c8c, Max: 0x00002000, ABSOLUTE)

    Execution Region ER_IROM1 (Base: 0x10000000, Size: 0x00000c80, Max: 0x00002000, ABSOLUTE)

    Base Addr    Size         Type   Attr      Idx    E Section Name        Object

    0x10000000   0x000000cc   Data   RO            3    RESET               startup_lpc17xx.o
    0x100000cc   0x00000008   Code   RO          193  * !!!main             c_w.l(__main.o)
    0x100000d4   0x00000034   Code   RO          349    !!!scatter          c_w.l(__scatter.o)
    0x10000108   0x0000001a   Code   RO          351    !!handler_copy      c_w.l(__scatter_copy.o)
    0x10000122   0x00000002   PAD
    0x10000124   0x0000001c   Code   RO          353    !!handler_zi        c_w.l(__scatter_zi.o)
    0x10000140   0x00000006   Code   RO          225    .ARM.Collect$$libinit$$00000000  c_w.l(libinit.o)
    0x10000146   0x00000000   Code   RO          233    .ARM.Collect$$libinit$$00000006  c_w.l(libinit2.o)
    0x10000146   0x00000000   Code   RO          235    .ARM.Collect$$libinit$$00000008  c_w.l(libinit2.o)
    0x10000146   0x00000000   Code   RO          237    .ARM.Collect$$libinit$$0000000A  c_w.l(libinit2.o)
    0x10000146   0x00000000   Code   RO          240    .ARM.Collect$$libinit$$0000000D  c_w.l(libinit2.o)
    0x10000146   0x00000000   Code   RO          242    .ARM.Collect$$libinit$$0000000F  c_w.l(libinit2.o)
    0x10000146   0x00000000   Code   RO          244    .ARM.Collect$$libinit$$00000011  c_w.l(libinit2.o)
    0x10000146   0x00000000   Code   RO          246    .ARM.Collect$$libinit$$00000013  c_w.l(libinit2.o)
    0x10000146   0x00000000   Code   RO          248    .ARM.Collect$$libinit$$00000015  c_w.l(libinit2.o)
    0x10000146   0x00000000   Code   RO          250    .ARM.Collect$$libinit$$00000017  c_w.l(libinit2.o)
    0x10000146   0x00000000   Code   RO          252    .ARM.Collect$$libinit$$00000019  c_w.l(libinit2.o)
    0x10000146   0x00000000   Code   RO          254    .ARM.Collect$$libinit$$0000001B  c_w.l(libinit2.o)
    0x10000146   0x00000000   Code   RO          256    .ARM.Collect$$libinit$$0000001D  c_w.l(libinit2.o)
    0x10000146   0x00000000   Code   RO          258    .ARM.Collect$$libinit$$0000001F  c_w.l(libinit2.o)
    0x10000146   0x00000000   Code   RO          260    .ARM.Collect$$libinit$$00000021  c_w.l(libinit2.o)
    0x10000146   0x00000000   Code   RO          264    .ARM.Collect$$libinit$$00000028  c_w.l(libinit2.o)
    0x10000146   0x00000000   Code   RO          266    .ARM.Collect$$libinit$$0000002A  c_w.l(libinit2.o)
    0x10000146   0x00000000   Code   RO          268    .ARM.Collect$$libinit$$0000002C  c_w.l(libinit2.o)
    0x10000146   0x00000000   Code   RO          270    .ARM.Collect$$libinit$$0000002E  c_w.l(libinit2.o)
    0x10000146   0x00000002   Code   RO          271    .ARM.Collect$$libinit$$0000002F  c_w.l(libinit2.o)
    0x10000148   0x00000002   Code   RO          295    .ARM.Collect$$libshutdown$$00000000  c_w.l(libshutdown.o)
    0x1000014a   0x00000000   Code   RO          306    .ARM.Collect$$libshutdown$$00000003  c_w.l(libshutdown2.o)
    0x1000014a   0x00000000   Code   RO          309    .ARM.Collect$$libshutdown$$00000006  c_w.l(libshutdown2.o)
    0x1000014a   0x00000000   Code   RO          312    .ARM.Collect$$libshutdown$$00000009  c_w.l(libshutdown2.o)
    0x1000014a   0x00000000   Code   RO          314    .ARM.Collect$$libshutdown$$0000000B  c_w.l(libshutdown2.o)
    0x1000014a   0x00000000   Code   RO          317    .ARM.Collect$$libshutdown$$0000000E  c_w.l(libshutdown2.o)
    0x1000014a   0x00000002   Code   RO          318    .ARM.Collect$$libshutdown$$0000000F  c_w.l(libshutdown2.o)
    0x1000014c   0x00000000   Code   RO          195    .ARM.Collect$$rtentry$$00000000  c_w.l(rtentry.o)
    0x1000014c   0x00000000   Code   RO          198    .ARM.Collect$$rtentry$$00000002  c_w.l(rtentry2.o)
    0x1000014c   0x00000006   Code   RO          213    .ARM.Collect$$rtentry$$00000004  c_w.l(rtentry4.o)
    0x10000152   0x00000000   Code   RO          200    .ARM.Collect$$rtentry$$00000009  c_w.l(rtentry2.o)
    0x10000152   0x00000004   Code   RO          201    .ARM.Collect$$rtentry$$0000000A  c_w.l(rtentry2.o)
    0x10000156   0x00000000   Code   RO          203    .ARM.Collect$$rtentry$$0000000C  c_w.l(rtentry2.o)
    0x10000156   0x00000008   Code   RO          204    .ARM.Collect$$rtentry$$0000000D  c_w.l(rtentry2.o)
    0x1000015e   0x00000002   Code   RO          229    .ARM.Collect$$rtexit$$00000000  c_w.l(rtexit.o)
    0x10000160   0x00000000   Code   RO          275    .ARM.Collect$$rtexit$$00000002  c_w.l(rtexit2.o)
    0x10000160   0x00000004   Code   RO          276    .ARM.Collect$$rtexit$$00000003  c_w.l(rtexit2.o)
    0x10000164   0x00000006   Code   RO          277    .ARM.Collect$$rtexit$$00000004  c_w.l(rtexit2.o)
    0x1000016a   0x00000002   PAD
    0x1000016c   0x0000002a   Code   RO           52    .emb_text           hal.o
    0x10000196   0x00000002   PAD
    0x10000198   0x00000034   Code   RO            5    .text               startup_lpc17xx.o
    0x100001cc   0x00000224   Code   RO           14    .text               system_lpc17xx.o
    0x100003f0   0x00000044   Code   RO           60    .text               main_svc.o
    0x10000434   0x000002b4   Code   RO           93    .text               process.o
    0x100006e8   0x00000056   Code   RO          118    .text               retarget.o
    0x1000073e   0x00000002   PAD
    0x10000740   0x000000e8   Code   RO          141    .text               uart_polling.o
    0x10000828   0x0000027c   Code   RO          156    .text               usr_proc.o
    0x10000aa4   0x000000d8   Code   RO          171    .text               memory.o
    0x10000b7c   0x00000002   Code   RO          187    .text               c_w.l(use_no_semi.o)
    0x10000b7e   0x00000064   Code   RO          189    .text               c_w.l(rt_memcpy_w.o)
    0x10000be2   0x00000006   Code   RO          191    .text               c_w.l(heapauxi.o)
    0x10000be8   0x0000004a   Code   RO          215    .text               c_w.l(sys_stackheap_outer.o)
    0x10000c32   0x0000000c   Code   RO          217    .text               c_w.l(exit.o)
    0x10000c3e   0x00000002   PAD
    0x10000c40   0x00000008   Code   RO          226    .text               c_w.l(libspace.o)
    0x10000c48   0x00000008   Code   RO          285    .text               c_w.l(rt_fp_status_addr_intlibspace.o)
    0x10000c50   0x0000000e   Code   RO          272    x$fpl$fpinit        fz_ws.l(fpinit.o)
    0x10000c5e   0x00000002   PAD
    0x10000c60   0x00000020   Data   RO          347    Region$$Table       anon$$obj.o


    Execution Region RW_IRAM1 (Base: 0x10002000, Size: 0x00003b58, Max: 0x00006000, ABSOLUTE)

    Base Addr    Size         Type   Attr      Idx    E Section Name        Object

    0x10002000   0x00000004   Data   RW           15    .data               system_lpc17xx.o
    0x10002004   0x00000004   Data   RW           95    .data               process.o
    0x10002008   0x00000004   Data   RW          172    .data               memory.o
    0x1000200c   0x000038cc   Zero   RW           94    .bss                process.o
    0x100058d8   0x0000001c   Zero   RW          157    .bss                usr_proc.o
    0x100058f4   0x00000060   Zero   RW          227    .bss                c_w.l(libspace.o)
    0x10005954   0x00000004   PAD
    0x10005958   0x00000000   Zero   RW            2    HEAP                startup_lpc17xx.o
    0x10005958   0x00000200   Zero   RW            1    STACK               startup_lpc17xx.o



  Load Region LR$$.ARM.__at_0x02FC (Base: 0x000002fc, Size: 0x00000004, Max: 0x00000004, ABSOLUTE)

    Execution Region ER$$.ARM.__at_0x02FC (Base: 0x000002fc, Size: 0x00000004, Max: 0x00000004, ABSOLUTE, UNINIT)

    Base Addr    Size         Type   Attr      Idx    E Section Name        Object

    0x000002fc   0x00000004   Code   RO            4    .ARM.__at_0x02FC    startup_lpc17xx.o


==============================================================================

Image component sizes


      Code (inc. data)   RO Data    RW Data    ZI Data      Debug   Object Name

        42          0          0          0          0        288   hal.o
        68          6          0          0          0       1863   main_svc.o
       216          8          0          4          0       1604   memory.o
       692         48          0          4      14540       4988   process.o
        86          0          0          0          0       2799   retarget.o
        56         22        204          0        512        868   startup_lpc17xx.o
       548         64          0          4          0      21867   system_lpc17xx.o
       232         12          0          0          0       1732   uart_polling.o
       636        166          0          0         28       1886   usr_proc.o

    ----------------------------------------------------------------------
      2580        326        236         12      15080      37895   Object Totals
         0          0         32          0          0          0   (incl. Generated)
         4          0          0          0          0          1   (incl. Padding)

    ----------------------------------------------------------------------

      Code (inc. data)   RO Data    RW Data    ZI Data      Debug   Library Member Name

         8          0          0          0          0         68   __main.o
        52          8          0          0          0          0   __scatter.o
        26          0          0          0          0          0   __scatter_copy.o
        28          0          0          0          0          0   __scatter_zi.o
        12          0          0          0          0         68   exit.o
         6          0          0          0          0        152   heapauxi.o
         6          0          0          0          0          0   libinit.o
         2          0          0          0          0          0   libinit2.o
         2          0          0          0          0          0   libshutdown.o
         2          0          0          0          0          0   libshutdown2.o
         8          4          0          0         96         68   libspace.o
         8          4          0          0          0         68   rt_fp_status_addr_intlibspace.o
       100          0          0          0          0         80   rt_memcpy_w.o
         0          0          0          0          0          0   rtentry.o
        12          0          0          0          0          0   rtentry2.o
         6          0          0          0          0          0   rtentry4.o
         2          0          0          0          0          0   rtexit.o
        10          0          0          0          0          0   rtexit2.o
        74          0          0          0          0         80   sys_stackheap_outer.o
         2          0          0          0          0         68   use_no_semi.o
        14          0          0          0          0         76   fpinit.o

    ----------------------------------------------------------------------
       388         16          0          0        100        728   Library Totals
         8          0          0          0          4          0   (incl. Padding)

    ----------------------------------------------------------------------

      Code (inc. data)   RO Data    RW Data    ZI Data      Debug   Library Name

       366         16          0          0         96        652   c_w.l
        14          0          0          0          0         76   fz_ws.l

    ----------------------------------------------------------------------
       388         16          0          0        100        728   Library Totals

    ----------------------------------------------------------------------

==============================================================================


      Code (inc. data)   RO Data    RW Data    ZI Data      Debug   

      2968        342        236         12      15180      37688   Grand Totals
      2968        342        236         12      15180      37688   ELF Image Totals
      2968        342        236         12          0          0   ROM Totals

==============================================================================

    Total RO  Size (Code + RO Data)                 3204 (   3.13kB)
    Total RW  Size (RW Data + ZI Data)             15192 (  14.84kB)
    Total ROM Size (Code + RO Data + RW Data)       3216 (   3.14kB)

==============================================================================

